<progress class="[&amp;::-webkit-progress-bar]:bg-sub-blue fixed top-0 left-0 z-10 w-full h-[3px] appearance-none [&amp;::-webkit-progress-value]:bg-base-og" value="0" max="1"></progress><nav class="fixed z-40 flex flex-wrap w-full justify-between justify-items-center hover:animate-rainbow-water hover:bg-nav hover:bg-[length:400%_400%] opacity-10	md:opacity-100 shadow-nav shadow-lg"><h2 class="tracking-tight mr-6 text-2xl	font-bold	my-2 ml-3.5"><a class="hover:underline" href="/">1ilsang</a></h2><div class="flex"><h2 class="tracking-tight mr-6 text-xl mt-2.5"><a class="hover:underline" href="/posts">posts</a></h2><h2 class="tracking-tight mr-6 text-xl mt-2.5"><a class="hover:underline" href="/tags">tags</a></h2><div class="mr-2 w-8 h-8 mt-2" role="img" aria-label="1ilsang character"><a href="/about"><img class="border border-solid rounded-full border-white-blue" src="/images/chul.webp" alt="1ilsang"></a></div></div></nav><section class="h-auto min-h-full max-w-screen-md py-20 md:py-28 mx-4 min-[790px]:m-auto print:py-0"><h1 class="text-4xl md:text-6xl break-words">2023 회고록</h1><section class="flex items-center mt-4"><div class="mr-2 w-9	h-9 md:w-12 md:h-12" role="img" aria-label="1ilsang character"><a href="/about"><img class="border border-solid rounded-full border-sub-blue" src="/images/chul.webp" alt="1ilsang"></a></div><div><a class="text-lg" href="/about">1ilsang</a><div class="text-sub-blue text-sm">클라이밍 하실래염?</div></div></section><section class="flex flex-wrap mt-2 items-end"><a class="text-highlight print:text-black hover:underline mr-2" target="_self" href="/tags/retrospect">#<!-- -->retrospect</a><a class="text-highlight print:text-black hover:underline mr-2" target="_self" href="/tags/2023">#<!-- -->2023</a></section><section><div class="text-date-gray inline">Published <time datetime="2023-12-31 14:27">2023-12-31 14:27</time></div></section><section id="post-body-container" class="relative"><div class="markdown"><p></p><div class="img-container"><div class="img-wrap cover"><img src="https://github.com/1ilsang/dev/assets/23524849/b5692eaa-05d7-428c-8356-ba04da3f4e3f" alt="cover"></div></div><p></p>
<h2 id="2022년의-목표" data-heading="true"><a data-heading="true" href="#2022년의-목표"><span class="icon icon-link"></span></a>2022년의 목표</h2>
<p>작년에 분명 2022 회고록을 작성했는데 문서를 잃어버렸다(-_-).</p>
<p>많이 당황했지만 반대로 말하면 1년 동안 쳐다도 안 봤다는 것이니 작년에 세웠던 올해의 목표나 다짐은 사실상 없는 것과 같았다.</p>
<p>그래서인지 올해는 기분 가는 대로 즉흥적으로 시작한 것들이 많았다.</p>
<p>어느 시점부터 일정이나 해야 할 일이 정리가 안되었고 이것을 해결하기 위해 무던한 노력을 했다.</p>
<p>올해의 회고는 즉흥적 삶과 그 과정을 <u>KPT로 정리해 내년에 어떻게 에너지를 발산할 수 있을지 고민</u>해 보려고 한다.</p>
<h2 id="keep" data-heading="true"><a data-heading="true" href="#keep"><span class="icon icon-link"></span></a>Keep</h2>
<blockquote>
<p>현재 만족하고 있는 부분과 계속 이어갔으면 하는 부분</p>
</blockquote>
<h3 id="기술적-관심" data-heading="true"><a data-heading="true" href="#기술적-관심"><span class="icon icon-link"></span></a>기술적 관심</h3>
<ul>
<li>CSS가 정말 부족하다고 느껴 넥스터즈에서 <a class="underline-highlight-fade" target="_blank" href="https://nexters.github.io/who-really-wants-to-play" rel="noreferrer noopener">인터랙션 페이지를 개발</a>했고 현 블로그를 대대적으로 수정했다.</li>
<li>이제 flex 쪼끔 쓸 줄 안다 ㅋ</li>
<li>글또 스터디를 통해 <a class="underline-highlight-fade" target="_blank" href="https://1ilsang.dev/about" rel="noreferrer noopener">이력서를 업데이트</a>하면서 커리어에 대한 경각심을 가지게 되었다. 더 전문적일 필요가 있다.</li>
<li>React-Native로 <a class="underline-highlight-fade" target="_blank" href="https://github.com/1ilsang/linkit" rel="noreferrer noopener">앱을 만들었다</a>. 모바일 앱에 대한 갈망이 늘 있었는데 상당히 해소되었다.</li>
<li>알고리즘 22주 스터디를 진행했다. 주에 3문제씩이었으니 <a class="underline-highlight-fade" target="_blank" href="https://leetcode.com/1ilsang/" rel="noreferrer noopener">총 66문제를 목표로 했고 12문제를 못 풀었다</a>.</li>
<li>알고리즘 꼭 하자고 맨날 다짐만 했는데 가장 만족하는 스터디였다.</li>
<li><a class="underline-highlight-fade" target="_blank" href="https://github.com/junction-asia-2023/just-label" rel="noreferrer noopener">Junction Asia 해커톤에 참여</a>했다. 밤새는 거 쉽지 않다.</li>
<li>React-Query를 만나고 개발 방식이 완전히 바뀌게 되었다. 쿼리 못잃어!</li>
<li><a class="underline-highlight-fade" target="_blank" href="https://github.com/1ilsang/rust-practice" rel="noreferrer noopener">Rust를 찍먹하고 있다</a>. 만족도가 높다.</li>
</ul>
<h3 id="회사" data-heading="true"><a data-heading="true" href="#회사"><span class="icon icon-link"></span></a>회사</h3>
<ul>
<li>LINE과 Yahoo!가 합병하는 과정을 몸으로 겪을 수 있어서 좋았다. <code>진짜..ㅋㅋ</code></li>
<li>큰 기업끼리 합을 맞추는건 정말 쉽지 않다.</li>
<li>자발적으로 일하려고 노력했다.</li>
<li>팀원들에게 친절하려고 노력했다.</li>
<li>사내 오픈소스 행사에서 1등 했다. <a class="underline-highlight-fade" target="_blank" href="https://github.com/mdn/translated-content/pulls?q=is%3Apr+is%3Aclosed+author%3A1ilsang" rel="noreferrer noopener">MDN에 기여</a>했다.</li>
<li>기존 Webpack 프로젝트를 Vite로 변경하고 좋은 성능 지표를 얻었다.</li>
<li>모든 프로젝트에서 캘린더를 따로 만들고 있어서 라이브러리로 만들어 배포했다.</li>
<li>얼떨결에 <a class="underline-highlight-fade" target="_blank" href="https://youtu.be/mjeW7BUaU1c?si=qLbnlQU56iSAk0dF" rel="noreferrer noopener">프런트엔드 밸런스 게임에 출연</a>하게 됐다.</li>
<li><a class="underline-highlight-fade" target="_blank" href="/posts/quality-of-job-review" rel="noreferrer noopener">"일의 격"</a>을 읽고 느끼는 게 많았다. 연차가 쌓이면서 일을 잘하는 게 무엇인지 고민하게 됐다.</li>
</ul>
<h3 id="대외활동" data-heading="true"><a data-heading="true" href="#대외활동"><span class="icon icon-link"></span></a>대외활동</h3>
<p></p><div class="img-container"><div class="img-wrap"><img src="https://github.com/1ilsang/dev/assets/23524849/2e80e8ab-b006-4557-b31c-ef09999ed350" alt="nexters"></div></div><p></p>
<ul>
<li>프런트엔드 반상회에서 <a class="underline-highlight-fade" target="_blank" href="/posts/geultto8-open-source-seminar" rel="noreferrer noopener">오픈소스를 주제로 발표</a>했다.</li>
<li>멘토링 활동을 했다. 하면서 오히려 많이 배웠다. 설명을 잘하기 위해 공부를 많이 했다.</li>
<li><a class="underline-highlight-fade" target="_blank" href="https://github.com/geultto/" rel="noreferrer noopener">글또</a> 활동 덕분에 글쓰기에 사명감을 느끼게 되었다.</li>
<li><a class="underline-highlight-fade" target="_blank" href="https://github.com/Nexters/retrospective?tab=readme-ov-file#-2023%EB%85%84-%ED%9A%8C%EA%B3%A0-" rel="noreferrer noopener">넥스터즈 회고모임</a>을 운영했다. 시각화 잘 나와서 뿌듯했다.</li>
</ul>
<h3 id="운동" data-heading="true"><a data-heading="true" href="#운동"><span class="icon icon-link"></span></a>운동</h3>
<p></p><div class="img-container"><div class="img-wrap"><img src="https://github.com/1ilsang/dev/assets/23524849/6732e1c3-cd28-4f23-ae20-0b40d791c91e" alt="climbing solved chart"></div></div><p></p>
<blockquote>
<p>띠별 푼 문제 개수이다. <a class="underline-highlight-fade" target="_blank" href="https://instagram.com/_chul.climb" rel="noreferrer noopener">올 한해는 클라이밍과 함께했다.</a></p>
</blockquote>
<ul>
<li>파랑 클라이머에서 어느덧 빨강으로 올라왔다. 월별로 변해가는 게 신기하다.</li>
<li>7월에 발리에서 서핑을 시작했다. 최고의 활동 중 하나였다.</li>
<li>무엇보다 안 다쳤다! 안전이 제일 중요하다.</li>
</ul>
<h3 id="여행" data-heading="true"><a data-heading="true" href="#여행"><span class="icon icon-link"></span></a>여행</h3>
<ul>
<li>도쿄로 출장갔다. 경제가 더 활성화 되었으면 좋겠다. 출장 많이 다니고 싶다.</li>
<li><a class="underline-highlight-fade" target="_blank" href="/posts/bali-remote-work" rel="noreferrer noopener">발리에서 한 달 동안 리모트 워크</a>를 했다.</li>
<li>타지의 인연이 생기면서 영어를 더 열심히 해야겠다고 느꼈다.</li>
</ul>
<h3 id="독서" data-heading="true"><a data-heading="true" href="#독서"><span class="icon icon-link"></span></a>독서</h3>
<ul>
<li>북또 활동을 통해 한 달에 한 권 책 읽기를 진행했다.</li>
<li>회복탄력성과 소크라테스 익스프레스 두 책이 인상적이었다. 삶을 대하는 시각이 달라졌다.</li>
<li><a class="underline-highlight-fade" target="_blank" href="/posts/proving-ground-review" rel="noreferrer noopener">사라진 개발자들</a>도 흥미롭게 읽었다. 애니악과 관련된 이야기들을 보면서 역사에 흥미가 생겼다.</li>
</ul>
<h2 id="problem" data-heading="true"><a data-heading="true" href="#problem"><span class="icon icon-link"></span></a>Problem</h2>
<blockquote>
<p>불편하게 느끼는 부분. 개선이 필요하다고 생각되는 부분</p>
</blockquote>
<h3 id="데이터의-파편화" data-heading="true"><a data-heading="true" href="#데이터의-파편화"><span class="icon icon-link"></span></a>데이터의 파편화</h3>
<ul>
<li>한 해 이것저것 뭔가 했는데 시각화하기가 어려웠다. 데이터적 삶을 살고 싶다.</li>
<li>계획을 더 세분화해서 진행하고 글로 남기고 싶다.</li>
</ul>
<h3 id="기술-갈증" data-heading="true"><a data-heading="true" href="#기술-갈증"><span class="icon icon-link"></span></a>기술 갈증</h3>
<ul>
<li>딥다이브를 생각보다 하지 못했다. 원리를 탐구하고 확실하게 설명할 수 있는 개발자가 되어야 한다.</li>
<li>공부를 넘어 의미 있는 생산을 하고 싶다. 창업하고 싶은 것은 아니지만 기술자로서 갈증이 있다.</li>
<li>좋은 멘토로 성장하고 싶다.</li>
</ul>
<h3 id="생활" data-heading="true"><a data-heading="true" href="#생활"><span class="icon icon-link"></span></a>생활</h3>
<ul>
<li>영어가 너무 아쉽다.</li>
<li>조금 더 진심으로 살 수 있었는데 그러지 못한 것 같아 아쉽다.</li>
<li>마르쿠스는 명상록에서 <u>"침대 밖으로 나갈 <b>사명</b>이 있다"</u>고 했다.</li>
<li>'사명'이지 '의무'가 아니다. 사명은 내부에서 의무는 외부에서 온다. 사명은 자신과 타인을 드높이기 위한 자발적 행위다.</li>
<li>나는 나의 삶에 사명감을 느끼고 있는가?</li>
</ul>
<h2 id="try" data-heading="true"><a data-heading="true" href="#try"><span class="icon icon-link"></span></a>Try</h2>
<blockquote>
<p>Problem에 대한 해결책. 다음 Action 플랜</p>
</blockquote>
<ul>
<li>데이터 적 삶을 살기.</li>
<li>계획의 세분화. PARA 보드 더 잘 활용하기.</li>
<li>계획 짧게 가져가기. 즉각적 피드백으로 빨리빨리 일을 처리하기.</li>
<li>한 달에 한 개 사용하고 있는 기술 다이브 하기. 월간 다이브!</li>
<li>일단 무언가 만들어보기.</li>
<li>영어 열심히 하기.</li>
<li>더 진심으로 살기.</li>
</ul>
<h2 id="총평" data-heading="true"><a data-heading="true" href="#총평"><span class="icon icon-link"></span></a>총평</h2>
<p>올해를 쭉 돌아보니 나는 데이터화가 많이 부족하다. 시각화 자료로 만들기 어려운 부분이 많다.</p>
<p>시각화의 중요성을 많이 느끼고 있기 때문에 나라는 사람의 <u>데이터를 잘 수집하는 것부터 해보자고 생각</u>하게 되었다.</p>
<p>나는 욕심이 많아서 하고 싶은 것이 많은데 정작 세부 일정은 전무하다. 그래서인지 시간 대비 효율이 높지 못했다.</p>
<p>다음부터는 <u>일을 진행할 때 세부 계획을 세우고 피드백 시간을 넣어야겠다</u>.</p>
<p>PARA에 TODO로 쌓이는 것들이 너무 많다(!!). 어느 순간부터 적어만 놓고 안 하는 것들이 생긴다. 사이클을 조금 더 빨리 돌려야겠다.</p>
<p>더 진심으로 살아갈 필요가 있다.</p>
<h2 id="신년-목표" data-heading="true"><a data-heading="true" href="#신년-목표"><span class="icon icon-link"></span></a>신년 목표</h2>
<p></p><div class="img-container"><div class="img-wrap"><img src="https://github.com/1ilsang/dev/assets/23524849/cfdf85c9-428d-4cd3-9db4-81beaf62b487" alt="blue-dragon"></div></div><p></p>
<p>신년의 가장 큰 목표는 "개인 브랜딩"이다. 전문가로 성장하고 싶다.</p>
<ol>
<li>개인 브랜딩
<ul>
<li>전문가로 성장하기</li>
<li>타인에게 친절하기</li>
</ul>
</li>
<li>데이터 적 삶
<ul>
<li>한 달에 한 번 회고</li>
</ul>
</li>
<li>전문성
<ul>
<li>책 한 권 쓰고 싶다</li>
<li>월간 다이브 진행</li>
<li>알고리즘 진심 모드</li>
<li>영어 시험 준비</li>
<li>세미나 준비하기</li>
<li>한 달에 한 권</li>
</ul>
</li>
<li>취미
<ul>
<li>클라이밍 빨클러</li>
</ul>
</li>
</ol>
<p>2024년 잘 부탁드립니다.</p></div><aside class="absolute inline-block h-full top-0 left-full break-words max-xl:hidden" aria-label="index"><ul class="ml-9 sticky pl-4 top-32 w-[calc(50vw-35vw)] border-l-2 border-l-base min-[1320px]:ml-20 min-[1320px]:top-48"><li data-id="2022년의-목표" class="pt-0.5 text-base select-none	cursor-pointer hover:text-sub-blue">2022년의 목표</li><li data-id="keep" class="pt-0.5 text-base select-none	cursor-pointer hover:text-sub-blue">Keep</li><li><ul class="ml-2.5 last:mb-2"><li data-id="기술적-관심" class="pt-0.5 text-base select-none	cursor-pointer hover:text-sub-blue before:content-['-'] before:mr-1">기술적 관심</li><li data-id="회사" class="pt-0.5 text-base select-none	cursor-pointer hover:text-sub-blue before:content-['-'] before:mr-1">회사</li><li data-id="대외활동" class="pt-0.5 text-base select-none	cursor-pointer hover:text-sub-blue before:content-['-'] before:mr-1">대외활동</li><li data-id="운동" class="pt-0.5 text-base select-none	cursor-pointer hover:text-sub-blue before:content-['-'] before:mr-1">운동</li><li data-id="여행" class="pt-0.5 text-base select-none	cursor-pointer hover:text-sub-blue before:content-['-'] before:mr-1">여행</li><li data-id="독서" class="pt-0.5 text-base select-none	cursor-pointer hover:text-sub-blue before:content-['-'] before:mr-1">독서</li></ul></li><li data-id="problem" class="pt-0.5 text-base select-none	cursor-pointer hover:text-sub-blue">Problem</li><li><ul class="ml-2.5 last:mb-2"><li data-id="데이터의-파편화" class="pt-0.5 text-base select-none	cursor-pointer hover:text-sub-blue before:content-['-'] before:mr-1">데이터의 파편화</li><li data-id="기술-갈증" class="pt-0.5 text-base select-none	cursor-pointer hover:text-sub-blue before:content-['-'] before:mr-1">기술 갈증</li><li data-id="생활" class="pt-0.5 text-base select-none	cursor-pointer hover:text-sub-blue before:content-['-'] before:mr-1">생활</li></ul></li><li data-id="try" class="pt-0.5 text-base select-none	cursor-pointer hover:text-sub-blue">Try</li><li data-id="총평" class="pt-0.5 text-base select-none	cursor-pointer hover:text-sub-blue">총평</li><li data-id="신년-목표" class="pt-0.5 text-base select-none	cursor-pointer hover:text-sub-blue">신년 목표</li></ul></aside></section><a class="highlighter mt-24 [&amp;&amp;]:text-transparent bg-rainbow-water bg-clip-text bg-[length:400%_400%] animate-rainbow-water" href="https://github.com/1ilsang/dev/issues/new?labels=🧊 comment&amp;assignees=1ilsang&amp;title=[🧊] 2023%20%ED%9A%8C%EA%B3%A0%EB%A1%9D&amp;body=<!-- 환영합니다. 이슈 남겨주시면 빠르게 답변드리겠습니다. 🙇 -->" rel="noopener noreferrer" target="_blank">📮 이 포스트에 관심 있으신가요? 이슈를 남겨주세요! 👍</a><div class="flex items-center mt-1.5 mb-56"><div>☕ 소주 한 잔 후원하기</div><sub>(예금주: 이상철)</sub><img class="w-20 cursor-pointer object-contain hover:animate-bouncing" src="/images/logo/toss-pay.webp" alt="toss"><img class="w-12 cursor-pointer object-contain hover:animate-bouncing" src="/images/logo/kakao-pay.webp" alt="kakao"></div></section><footer class="w-full h-screen flex"><div class="flex w-2/3 overflow-hidden"><div class="flex rotate-[40deg]"><div class="w-10 h-full bg-highlight brightness-125"></div><div class="w-10 h-full bg-snazzy-bg"></div></div><div class="flex rotate-[30deg]"><div class="w-10 h-full bg-highlight brightness-125"></div><div class="w-10 h-full bg-snazzy-bg"></div></div><div class="flex rotate-[0deg]"><div class="w-10 h-full bg-highlight brightness-125"></div><div class="w-10 h-full bg-snazzy-bg"></div></div><div class="flex rotate-[20deg]"><div class="w-10 h-full bg-highlight brightness-125"></div><div class="w-10 h-full bg-snazzy-bg"></div></div><div class="flex -rotate-[50deg]"><div class="w-10 h-full bg-highlight brightness-125"></div><div class="w-10 h-full bg-snazzy-bg"></div></div><div class="flex -rotate-[110deg]"><div class="w-10 h-full bg-highlight brightness-125"></div><div class="w-10 h-full bg-snazzy-bg"></div></div><div class="flex rotate-[20deg]"><div class="w-10 h-full bg-highlight brightness-125"></div><div class="w-10 h-full bg-snazzy-bg"></div></div><div class="flex -rotate-[90deg]"><div class="w-10 h-full bg-highlight brightness-125"></div><div class="w-10 h-full bg-snazzy-bg"></div></div><div class="flex -rotate-[60deg]"><div class="w-10 h-full bg-highlight brightness-125"></div><div class="w-10 h-full bg-snazzy-bg"></div></div><div class="flex rotate-[10deg]"><div class="w-10 h-full bg-highlight brightness-125"></div><div class="w-10 h-full bg-snazzy-bg"></div></div><div class="flex -rotate-[70deg]"><div class="w-10 h-full bg-highlight brightness-125"></div><div class="w-10 h-full bg-snazzy-bg"></div></div><div class="flex -rotate-[80deg]"><div class="w-10 h-full bg-highlight brightness-125"></div><div class="w-10 h-full bg-snazzy-bg"></div></div></div><ul class="w-1/3 text-center pt-[50vh]"><li class="text-white inline-block text-sm px-4 relative after:content-['•'] after:absolute after:right-[calc(0.2rem*-1)] last:after:content-['']"><a class="hover:text-highlight" href="/about">1ilsang</a></li><li class="text-white inline-block text-sm px-4 relative after:content-['•'] after:absolute after:right-[calc(0.2rem*-1)] last:after:content-['']"><a class="hover:text-highlight" href="https://github.com/1ilsang" rel="noopener noreferrer" target="_blank">GitHub</a></li><li class="text-white inline-block text-sm px-4 relative after:content-['•'] after:absolute after:right-[calc(0.2rem*-1)] last:after:content-['']"><a class="hover:text-highlight" href="https://www.linkedin.com/in/1ilsang" rel="noopener noreferrer" target="_blank">LinkedIn</a></li></ul></footer>