<progress class="[&amp;::-webkit-progress-bar]:bg-sub-blue fixed top-0 left-0 z-10 w-full h-[3px] appearance-none [&amp;::-webkit-progress-value]:bg-base-og" value="0" max="1"></progress><nav class="fixed z-40 flex flex-wrap w-full justify-between justify-items-center hover:animate-rainbow-water hover:bg-nav hover:bg-[length:400%_400%] opacity-10	md:opacity-100 shadow-nav shadow-lg"><h2 class="tracking-tight mr-6 text-2xl	font-bold my-2 ml-3.5"><a class="hover:underline" href="/">1ilsang</a></h2><div class="flex"><h2 class="tracking-tight mr-6 text-xl mt-2.5"><a class="hover:underline" href="/posts">posts</a></h2><h2 class="tracking-tight mr-6 text-xl mt-2.5"><a class="hover:underline" href="/tags">tags</a></h2><div class="mr-2 w-8 h-8 mt-2" role="img" aria-label="1ilsang character"><a href="/about"><img class="border border-solid rounded-full border-white-blue" src="/images/chul.webp" alt="1ilsang"></a></div></div></nav><section class="h-auto min-h-full max-w-screen-md py-20 md:py-28 mx-4 min-[790px]:m-auto print:py-0"><h1 class="text-4xl break-words md:text-6xl">[글또 세미나] 모여봐요 오픈소스의 숲 발표 후기</h1><section class="flex items-center mt-4"><div class="mr-2 w-9	h-9 md:w-12 md:h-12" role="img" aria-label="1ilsang character"><a href="/about"><img class="border border-solid rounded-full border-sub-blue" src="/images/chul.webp" alt="1ilsang"></a></div><div><a class="text-lg" href="/about">1ilsang</a><div class="text-sm text-sub-blue">클라이밍 하실래염?</div></div></section><section class="flex flex-wrap items-end mt-2"><a class="text-highlight print:text-black hover:underline mr-2" target="_self" href="/tags/geultto">#<!-- -->geultto</a><a class="text-highlight print:text-black hover:underline mr-2" target="_self" href="/tags/geultto8">#<!-- -->geultto8</a><a class="text-highlight print:text-black hover:underline mr-2" target="_self" href="/tags/seminar">#<!-- -->seminar</a><a class="text-highlight print:text-black hover:underline mr-2" target="_self" href="/tags/open-source">#<!-- -->open-source</a><a class="text-highlight print:text-black hover:underline mr-2" target="_self" href="/tags/eslint">#<!-- -->eslint</a><a class="text-highlight print:text-black hover:underline mr-2" target="_self" href="/tags/translate">#<!-- -->translate</a></section><section><div class="inline text-date-gray">Published <time datetime="2023-09-01 20:30">2023-09-01 20:30</time></div></section><section id="post-body-container" class="relative"><div class="markdown"><p></p><div class="img-container"><div class="img-wrap cover"><img src="https://github.com/1ilsang/dev/assets/23524849/7f688c0e-1e5b-4c97-bffc-312aa35e9d35" alt="cover"></div></div><p></p>
<blockquote>
<p><a class="underline-highlight-fade" target="_blank" href="https://github.com/1ilsang/dev/files/12504345/_1ilsang.pdf" rel="noreferrer noopener">발표 자료 PDF 다운로드</a></p>
</blockquote>
<p><a class="underline-highlight-fade" target="_blank" href="https://www.notion.so/ac5b18a482fb4df497d4e8257ad4d516" rel="noreferrer noopener">글또</a>에서 프런트엔드 반상회를 하게 되었고 발표자를 구하여서 지원하게 되었다.</p>
<p>작년 넥스터즈 활동을 마지막으로 외부 발표를 하지 않았는데 이번 기회에 다시 한번 공개적으로 하고 싶다고 생각해 지원하게 되었다.</p>
<h2 id="주제-선정" data-heading="true"><a data-heading="true" href="#주제-선정"><span class="icon icon-link"></span></a>주제 선정</h2>
<p>프런트엔드 반상회인 만큼 <em>프런트엔드 개발자에게 도움이 되는 내용</em>을 발표하고 싶었다.</p>
<p>그래서 주제를 선정하는 도중 "내가 신입일 때 가장 듣고 싶었던 세션이 무엇일까?" 고민하게 되었고 결론은 "오픈소스 분석 방법"이였다.</p>
<p>라인에서 처음으로 프런트엔드 커리어를 쌓을 때 받은 미션은 사내 동영상 라이브러리의 유지보수였다. <code>package.json</code>이 뭐 하는 건지도 잘 몰랐기 때문에 <code>UMD</code>, <code>CJS</code> 등은 너무나 생소했고 트리쉐이킹과 다양한 디바이스의 지원은 당시 나에겐 상당히 어려웠다.</p>
<p>어쨋건 라이브러리였기 때문에 다른 오픈소스 라이브러리들은 어떻게 개발하고 있는지 틈틈히 분석하면서 늘 이런 오픈소스에 나도 기여하고 싶다고 생각했던것 같다.</p>
<p>따라서 나는 <u>초보자를 위한 오픈소스 기여 가이드 및 핵심 코드 진입 방법</u>을 목표로 발표하기로 했다.</p>
<h2 id="준비-과정" data-heading="true"><a data-heading="true" href="#준비-과정"><span class="icon icon-link"></span></a>준비 과정</h2>
<p>내 세션은 두 가지 내용이 혼합되어 있다.</p>
<ol>
<li>오픈소스 기여 가이드</li>
<li>핵심 코드 진입 방법</li>
</ol>
<p>위의 내용을 통해 오픈소스 코드의 첫 진입점을 찾고 기여할 수 있도록 가이드를 주고자 했다.</p>
<p>기여 방식을 설명하는 자리인 만큼 초보 개발자를 위해 익숙하면서도 흥미를 불러올 만한 내용으로 AtZ 친절하게 설명하고자 했다.</p>
<p></p><div class="img-container"><div class="img-wrap l"><img src="https://github.com/1ilsang/dev/assets/23524849/cc1d815d-f8a0-44e2-ac8c-cdad3406b71d" alt="open source list"></div></div><p></p>
<p>수많은 오픈소스에서 어떤것을 목표로 할까 고민을했고 역시 내가 기여해 봤고 자주 사용하는 오픈소스 중에서 고르게 되었다.</p>
<p>전체적인 구성은 기여 방법을 기준으로 3단계로 나눠 생각했다.</p>
<ol>
<li>[Easy] React.dev 번역 기여와 같이 코드부와 관련 없지만 라이브러리에 기여할수 있는 문서 작업.</li>
<li>[Medium] ESLint와 같은 도구의 CLI 진입 코드와 플러그인 구성 방법.</li>
<li>[Hard] Jotai와 같이 코드에서 사용되는 코어 라이브러리의 엔트리 진입 방법.</li>
</ol>
<p>세 단계를 구분한 이유는 Hard로 갈수록 핵심 코드의 동작 방식을 잘 이해해야 하기 때문이다.</p>
<ul>
<li>번역/문서화 기여는 라이브러리 코드에 진입하지 않기 때문에 비교적 쉽게 기여할 수 있다고 생각한다. 이 단계에서 포크나 PR 방법, 오픈소스 생태계 등을 설명할 예정이다.</li>
<li>ESLint와 같은 개발 도구는 ESLint 자체보단 플러그인에 대해 분석하고자 한다. 코어 로직 주변에서 전반적인 코드 구조/방식을 이해할 수 있어 핵심 코어 기여보단 쉽다고 생각한다. 라이브러리의 확장과 플러그인 구조, CLI 등을 설명하고자 한다.</li>
<li>Jotai와 같은 코어 라이브러리는 라이브러리도 잘 알아야 하고 같이 사용되는(React, Next 등) 코드와의 관계도 이해하고 있어야 하므로 어렵다고 생각한다. 여기는 가볍게 코드 진입과 빌드, 배포에 관해 설명하려고 한다.</li>
</ul>
<p>어느 정도 틀이 갖춰진 다음에는 빠르게 PPT 작업을 할 수 있었다.</p>
<p>20분 발표이고 청중이 초보 개발자인만큼 가볍게 다양한 기여 예제를 보여주고자 했다.</p>
<p>장표의 마지막에는 오픈소스에 지속해서 노출되는 방법을 추가하며 마무리했다.</p>
<h2 id="발표-당일" data-heading="true"><a data-heading="true" href="#발표-당일"><span class="icon icon-link"></span></a>발표 당일</h2>
<p></p><div class="img-container"><div class="img-wrap l"><img src="https://github.com/1ilsang/dev/assets/23524849/50959cd4-cffb-4f46-ae2e-8ab76362202b" alt="timetable"></div></div><p></p>
<p></p><div class="img-container"><div class="img-wrap l"><img src="https://github.com/1ilsang/dev/assets/23524849/fde40b79-9c4a-43ba-8c73-828023e3be15" alt="booth"></div></div><p></p>
<p>타임테이블이나 스티커의 디자인이 깔끔하게 잘 뽑혔다. 운영진분들의 노고가 느껴졌다.</p>
<blockquote>
<p>압도적 감사..!</p>
</blockquote>
<p>세션은 팀 스파르타에서 진행되었는데 내부가 탁 트이고 깔끔해서 세션하기에 좋은 장소였다.</p>
<br>
<p></p><div class="img-container"><div class="img-wrap"><img src="https://github.com/1ilsang/dev/assets/23524849/0d163917-eb6d-4d9b-919b-30aa8e7cff5e" alt="start"></div></div><p></p>
<p>발표는 크게 떨리진 않았던 것 같다.</p>
<p>스무스한 행사 진행에 힘입어 청중들도 잘 호응해 주셨다.</p>
<p>혼자 떠드는 발표를 하고 싶지 않아서 청중과 눈을 마주친다거나 질문을 한다거나 여유 있게 행동하고 싶었는데 매우 쉽지 않았다.ㅋ</p>
<p>장표를 넘기기 전에 다들 어떻게 듣고 계시는지 궁금해서 종종 청중들을 바라봤는데 다들 엄청나게 집중해 주셔서 압도적 감사함을 느꼈다. 그래서인지 자신감을 가지고 더 여유롭게 떨지 않으면서 발표할 수 있었다.</p>
<p>확실히 열의 있는 분들과 함께 현장에서 발표하 는게 훨씬 좋고 인상적이라 느꼈다. <a class="underline-highlight-fade" target="_blank" href="https://engineering.linecorp.com/ko/blog/ui-component-library-for-developers-with-typescript-storybook" rel="noreferrer noopener">영상으로 발표</a>할때는 오히려 힘들었다.</p>
<br>
<p></p><div class="img-container"><div class="img-wrap"><img src="https://github.com/1ilsang/dev/assets/23524849/c4458081-6933-4d58-8345-2e940ad64425" alt="end"></div></div><p></p>
<p>20분 정말 짧았다. 마이크 들자마자 끝난 느낌이었다.</p>
<p>10분간 QnA도 진행되었는데 생각보다 질문을 많이 해주셔서 조금 기뻤다.</p>
<p>특히 인상 깊었던 질문 중 하나는 <u>기여하고 싶은 라이브러리의 조건</u>에 대한 질문이었는데 내가 회사에서 라이브러리를 개발하면서 중요하게 생각했던 부분을 말할 수 있었다.</p>
<p>아무리 좋은 라이브러리라도 결국은 다른 개발자가 사용하기에 "편해야"한다. 나는 라이브러리는 <u>DX가 무엇보다 중요하다</u>고 생각한다. 따라서 문서화를 비롯해 IDE 단계에서의 편리함(코드의 간결함이나 타입 추론과 주석 등)이 기여하고 싶은 라이브러리의 조건이 되지 않을까 생각한다.</p>
<p>소신것 준비한 만큼 후회 없이 발표했다.</p>
<h2 id="마치며" data-heading="true"><a data-heading="true" href="#마치며"><span class="icon icon-link"></span></a>마치며</h2>
<p></p><div class="img-container"><div class="img-wrap"><img src="https://github.com/1ilsang/dev/assets/23524849/cb11a457-109a-443b-ace8-359b92a8fa97" alt="flower"></div></div><p></p>
<p>연사자들에게 꽃을 나눠주셨는데 매우 민망(ㅋㅋ) 감사합니다.</p>
<p>발표를 준비하면서 스스로 공부가 많이 되었다.</p>
<p>앞으로도 꾸준히 공부해서 좋은 내용으로 다른 분들에게 공유할 수 있도록 노력하고자 한다.</p>
<p>열정이 솟아난 8월이었다.</p>
<blockquote>
<p><a class="underline-highlight-fade" target="_blank" href="https://github.com/1ilsang/dev/files/12504345/_1ilsang.pdf" rel="noreferrer noopener">발표 자료 PDF 다운로드</a></p>
</blockquote></div><aside class="absolute top-0 inline-block h-full break-words left-full max-xl:hidden" aria-label="index"><ul class="ml-9 sticky pl-4 top-32 w-[calc(50vw-35vw)] border-l-2 border-l-base min-[1320px]:ml-20 min-[1320px]:top-48"><li data-id="주제-선정" class="pt-0.5 text-base select-none cursor-pointer hover:text-sub-blue">주제 선정</li><li data-id="준비-과정" class="pt-0.5 text-base select-none cursor-pointer hover:text-sub-blue">준비 과정</li><li data-id="발표-당일" class="pt-0.5 text-base select-none cursor-pointer hover:text-sub-blue">발표 당일</li><li data-id="마치며" class="pt-0.5 text-base select-none cursor-pointer hover:text-sub-blue">마치며</li></ul></aside></section><a class="inline-block text-[#30ffcb] leading-[1.1] after:transition-[width] after:duration-500 ease-in-out hover:after:w-[100%] after:w-[0] after:block after:h-[1px] print:text-black print:underline after:bg-[#30ffcb] after:content-[&quot;&quot;] mt-24 [&amp;&amp;]:text-transparent bg-rainbow-water bg-clip-text bg-[length:400%_400%] animate-rainbow-water" href="https://github.com/1ilsang/dev/issues/new?labels=🧊 comment&amp;assignees=1ilsang&amp;title=[🧊] %5B%EA%B8%80%EB%98%90%20%EC%84%B8%EB%AF%B8%EB%82%98%5D%20%EB%AA%A8%EC%97%AC%EB%B4%90%EC%9A%94%20%EC%98%A4%ED%94%88%EC%86%8C%EC%8A%A4%EC%9D%98%20%EC%88%B2%20%EB%B0%9C%ED%91%9C%20%ED%9B%84%EA%B8%B0&amp;body=<!-- 환영합니다. 이슈 남겨주시면 빠르게 답변드리겠습니다. 🙇 -->" rel="noopener noreferrer" target="_blank">📮 이 포스트에 관심 있으신가요? 이슈를 남겨주세요! 👍</a><div class="flex items-center mt-4 mb-56"><iframe class="border-0 rounded-md cursor-pointer object-contain hover:animate-bouncing" src="https://github.com/sponsors/1ilsang/button" title="Sponsor 1ilsang" height="32" width="114"></iframe></div></section>