<div class="nav-loading"><progress value="0" max="1"></progress></div><nav class="nav water-rainbow post-nav-trans nav-shadow"><h2 class="nav-text nav-logo"><a class="hover-underline" href="/">1ilsang</a></h2><div class="flex"><h2 class="nav-text"><a class="hover-underline" href="/posts">posts</a></h2><h2 class="nav-text"><a class="hover-underline" href="/tags">tags</a></h2><div class="mr-2 w-8 h-8 mt-2" role="img" aria-label="1ilsang character"><a href="/about"><img class="border border-solid rounded-full border-white-blue" src="/images/chul.webp" alt="1ilsang"></a></div></div></nav><section class="h-auto min-h-full max-w-screen-md py-20 mx-4 min-[790px]:m-auto"><h1 class="post-header">[구름톤 챌린지] 통증2</h1><section class="post-profile-container"><div class="mr-2 w-9	h-9 md:w-12 md:h-12" role="img" aria-label="1ilsang character"><a href="/about"><img class="border border-solid rounded-full border-sub-blue" src="/images/chul.webp" alt="1ilsang"></a></div><div><a class="name" href="/about">1ilsang</a><div class="description">클라이밍 하실래염?</div></div></section><section class="flex flex-wrap mt-2 items-end"><a class="text-highlight print:text-black hover:underline mr-2" target="_self" href="/tags/algorithm">#<!-- -->algorithm</a><a class="text-highlight print:text-black hover:underline mr-2" target="_self" href="/tags/goorm">#<!-- -->goorm</a><a class="text-highlight print:text-black hover:underline mr-2" target="_self" href="/tags/brute-force">#<!-- -->brute-force</a><a class="text-highlight print:text-black hover:underline mr-2" target="_self" href="/tags/dynamic-programming">#<!-- -->dynamic-programming</a></section><section><div class="text-date-gray inline">Published <time datetime="2023-08-29 16:27">2023-08-29 16:27</time></div></section><section id="post-body-container" class="relative"><div class="markdown"><p></p><div class="img-container"><div class="img-wrap cover"><img src="https://github.com/1ilsang/dev/assets/23524849/e81cf0d5-7344-42da-9989-15bd4a83a533" alt="cover"></div></div><p></p>
<blockquote>
<p><a class="underline-highlight-fade" target="_blank" href="https://level.goorm.io/exam/195693/%ED%86%B5%EC%A6%9D-2/quiz/1" rel="noreferrer noopener">문제 링크</a></p>
</blockquote>
<p>아이템 A, B를 최소한으로 사용하여 통증을 0으로 맞출 수 있는지 확인하는 문제이다. 불가능하다면 -1을 출력한다.</p>
<h2 id="접근법" data-heading="true"><a data-heading="true" href="#접근법"><span class="icon icon-link"></span></a>접근법</h2>
<h3 id="1-완전-탐색" data-heading="true"><a data-heading="true" href="#1-완전-탐색"><span class="icon icon-link"></span></a>1. 완전 탐색</h3>
<p>A와 B의 합이 N이 될 때까지 전체 조합을 탐색한다.</p>
<p>A가 0...I개 일때 B가 0...J개로 가능한지 확인할 수 있다. 이때 개수로 확인하게 되면 A가 I번 만큼 순회할 때마다 B가 J번 만큼 순회하게 되므로 <strong>시간초과</strong>가 발생한다.</p>
<p>A가 0...I개 일때 B는 0부터 하나씩 올려가며 찾지 않고 N-A가 B로 나누어지는지를 확인하면 <code>O(N)</code>만에 해결이 가능해진다.</p>
<figure data-rehype-pretty-code-figure=""><pre tabindex="0" data-language="js" data-theme="material-theme-palenight"><code data-language="js" data-theme="material-theme-palenight" style="display: grid;"><span data-line=""><span style="color:#C792EA">let</span><span style="color:#BABED8"> answer </span><span style="color:#89DDFF">=</span><span style="color:#89DDFF"> Infinity;</span></span>
<span data-line=""><span style="color:#89DDFF;font-style:italic">for</span><span style="color:#BABED8"> (</span><span style="color:#C792EA">let</span><span style="color:#BABED8"> aCost </span><span style="color:#89DDFF">=</span><span style="color:#F78C6C"> 0</span><span style="color:#89DDFF">;</span><span style="color:#BABED8"> aCost </span><span style="color:#89DDFF">&lt;=</span><span style="color:#BABED8"> n</span><span style="color:#89DDFF">;</span><span style="color:#BABED8"> aCost </span><span style="color:#89DDFF">+=</span><span style="color:#BABED8"> a) </span><span style="color:#89DDFF">{</span></span>
<span data-line=""><span style="color:#676E95;font-style:italic">  // N에 A를 뺀 값이 B로 나누어떨어지지 않는다면 패스한다.</span></span>
<span data-line=""><span style="color:#89DDFF;font-style:italic">  if</span><span style="color:#F07178"> ((</span><span style="color:#BABED8">n</span><span style="color:#89DDFF"> -</span><span style="color:#BABED8"> aCost</span><span style="color:#F07178">) </span><span style="color:#89DDFF">%</span><span style="color:#BABED8"> b</span><span style="color:#89DDFF"> !==</span><span style="color:#F78C6C"> 0</span><span style="color:#F07178">) </span><span style="color:#89DDFF;font-style:italic">continue</span><span style="color:#89DDFF">;</span></span>
<span data-line=""><span style="color:#C792EA">  const</span><span style="color:#BABED8"> aCount</span><span style="color:#89DDFF"> =</span><span style="color:#BABED8"> Math</span><span style="color:#89DDFF">.</span><span style="color:#82AAFF">floor</span><span style="color:#F07178">(</span><span style="color:#BABED8">aCost</span><span style="color:#89DDFF"> /</span><span style="color:#BABED8"> a</span><span style="color:#F07178">)</span><span style="color:#89DDFF">;</span></span>
<span data-line=""><span style="color:#C792EA">  const</span><span style="color:#BABED8"> bCount</span><span style="color:#89DDFF"> =</span><span style="color:#BABED8"> Math</span><span style="color:#89DDFF">.</span><span style="color:#82AAFF">floor</span><span style="color:#F07178">((</span><span style="color:#BABED8">n</span><span style="color:#89DDFF"> -</span><span style="color:#BABED8"> aCost</span><span style="color:#F07178">) </span><span style="color:#89DDFF">/</span><span style="color:#BABED8"> b</span><span style="color:#F07178">)</span><span style="color:#89DDFF">;</span></span>
<span data-line=""><span style="color:#C792EA">  const</span><span style="color:#BABED8"> count</span><span style="color:#89DDFF"> =</span><span style="color:#BABED8"> aCount</span><span style="color:#89DDFF"> +</span><span style="color:#BABED8"> bCount</span><span style="color:#89DDFF">;</span></span>
<span data-line=""><span style="color:#676E95;font-style:italic">  // 최소 개수를 출력해야 하므로 현재 값이 answer보다 작다면 갱신한다.</span></span>
<span data-line=""><span style="color:#89DDFF;font-style:italic">  if</span><span style="color:#F07178"> (</span><span style="color:#BABED8">count</span><span style="color:#89DDFF"> &lt;</span><span style="color:#BABED8"> answer</span><span style="color:#F07178">) </span><span style="color:#89DDFF">{</span></span>
<span data-line=""><span style="color:#BABED8">    answer</span><span style="color:#89DDFF"> =</span><span style="color:#BABED8"> count</span><span style="color:#89DDFF">;</span></span>
<span data-line=""><span style="color:#89DDFF">  }</span></span>
<span data-line=""><span style="color:#89DDFF">}</span></span>
<span data-line=""><span style="color:#676E95;font-style:italic">// answer가 무한이라면 가능한 조합이 없다는 의미이므로 -1로 변경한다.</span></span>
<span data-line=""><span style="color:#89DDFF;font-style:italic">if</span><span style="color:#BABED8"> (answer </span><span style="color:#89DDFF">===</span><span style="color:#89DDFF"> Infinity</span><span style="color:#BABED8">) </span><span style="color:#89DDFF">{</span></span>
<span data-line=""><span style="color:#BABED8">  answer</span><span style="color:#89DDFF"> =</span><span style="color:#89DDFF"> -</span><span style="color:#F78C6C">1</span><span style="color:#89DDFF">;</span></span>
<span data-line=""><span style="color:#89DDFF">}</span></span>
<span data-line=""><span style="color:#BABED8">console</span><span style="color:#89DDFF">.</span><span style="color:#82AAFF">log</span><span style="color:#BABED8">(answer)</span><span style="color:#89DDFF">;</span></span></code></pre></figure>
<h3 id="2-dp" data-heading="true"><a data-heading="true" href="#2-dp"><span class="icon icon-link"></span></a>2. DP</h3>
<p>개수가 기준이 아닌 통증의 값 N을 기준으로 생각해 보자.</p>
<p>통증 N은 <code>[N - A] + 1</code> 혹은 <code>[N - B] + 1</code>이 될 수 있다. 현재 N값이 되기 위해선 A혹은 B를 더했으므로 역산으로 A 혹은 B를 뺀 개수에 현재 카운트 1을 추가하면 된다.</p>
<p>따라서 통증 0부터 N까지 순회하며 dp 테이블을 채워나가면 <code>O(N)</code>으로 처리가 가능해진다.</p>
<blockquote>
<p>관련 문제로 <a class="underline-highlight-fade" target="_blank" href="/posts/goorm-195687" rel="noreferrer noopener">이진수 정렬의 memo 배열이 채워지는 방식</a>과 같다.</p>
</blockquote>
<figure data-rehype-pretty-code-figure=""><pre tabindex="0" data-language="js" data-theme="material-theme-palenight"><code data-language="js" data-theme="material-theme-palenight" style="display: grid;"><span data-line=""><span style="color:#C792EA">const</span><span style="color:#BABED8"> dp </span><span style="color:#89DDFF">=</span><span style="color:#82AAFF"> Array</span><span style="color:#BABED8">(n </span><span style="color:#89DDFF">+</span><span style="color:#F78C6C"> 1</span><span style="color:#BABED8">)</span><span style="color:#89DDFF">.</span><span style="color:#82AAFF">fill</span><span style="color:#BABED8">(</span><span style="color:#89DDFF">Infinity</span><span style="color:#BABED8">)</span><span style="color:#89DDFF">;</span></span>
<span data-line=""><span style="color:#BABED8">dp[</span><span style="color:#F78C6C">0</span><span style="color:#BABED8">] </span><span style="color:#89DDFF">=</span><span style="color:#F78C6C"> 0</span><span style="color:#89DDFF">;</span></span>
<span data-line=""> </span>
<span data-line=""><span style="color:#89DDFF;font-style:italic">for</span><span style="color:#BABED8"> (</span><span style="color:#C792EA">let</span><span style="color:#BABED8"> i </span><span style="color:#89DDFF">=</span><span style="color:#F78C6C"> 1</span><span style="color:#89DDFF">;</span><span style="color:#BABED8"> i </span><span style="color:#89DDFF">&lt;=</span><span style="color:#BABED8"> n</span><span style="color:#89DDFF">;</span><span style="color:#BABED8"> i</span><span style="color:#89DDFF">++</span><span style="color:#BABED8">) </span><span style="color:#89DDFF">{</span></span>
<span data-line=""><span style="color:#89DDFF;font-style:italic">  if</span><span style="color:#F07178"> (</span><span style="color:#BABED8">i</span><span style="color:#89DDFF"> -</span><span style="color:#BABED8"> a</span><span style="color:#89DDFF"> &gt;=</span><span style="color:#F78C6C"> 0</span><span style="color:#F07178">) </span><span style="color:#89DDFF">{</span></span>
<span data-line=""><span style="color:#BABED8">    dp</span><span style="color:#F07178">[</span><span style="color:#BABED8">i</span><span style="color:#F07178">] </span><span style="color:#89DDFF">=</span><span style="color:#BABED8"> Math</span><span style="color:#89DDFF">.</span><span style="color:#82AAFF">min</span><span style="color:#F07178">(</span><span style="color:#BABED8">dp</span><span style="color:#F07178">[</span><span style="color:#BABED8">i</span><span style="color:#89DDFF"> -</span><span style="color:#BABED8"> a</span><span style="color:#F07178">] </span><span style="color:#89DDFF">+</span><span style="color:#F78C6C"> 1</span><span style="color:#89DDFF">,</span><span style="color:#BABED8"> dp</span><span style="color:#F07178">[</span><span style="color:#BABED8">i</span><span style="color:#F07178">])</span><span style="color:#89DDFF">;</span></span>
<span data-line=""><span style="color:#89DDFF">  }</span></span>
<span data-line=""><span style="color:#89DDFF;font-style:italic">  if</span><span style="color:#F07178"> (</span><span style="color:#BABED8">i</span><span style="color:#89DDFF"> -</span><span style="color:#BABED8"> b</span><span style="color:#89DDFF"> &gt;=</span><span style="color:#F78C6C"> 0</span><span style="color:#F07178">) </span><span style="color:#89DDFF">{</span></span>
<span data-line=""><span style="color:#BABED8">    dp</span><span style="color:#F07178">[</span><span style="color:#BABED8">i</span><span style="color:#F07178">] </span><span style="color:#89DDFF">=</span><span style="color:#BABED8"> Math</span><span style="color:#89DDFF">.</span><span style="color:#82AAFF">min</span><span style="color:#F07178">(</span><span style="color:#BABED8">dp</span><span style="color:#F07178">[</span><span style="color:#BABED8">i</span><span style="color:#89DDFF"> -</span><span style="color:#BABED8"> b</span><span style="color:#F07178">] </span><span style="color:#89DDFF">+</span><span style="color:#F78C6C"> 1</span><span style="color:#89DDFF">,</span><span style="color:#BABED8"> dp</span><span style="color:#F07178">[</span><span style="color:#BABED8">i</span><span style="color:#F07178">])</span><span style="color:#89DDFF">;</span></span>
<span data-line=""><span style="color:#89DDFF">  }</span></span>
<span data-line=""><span style="color:#89DDFF">}</span></span>
<span data-line=""><span style="color:#BABED8">console</span><span style="color:#89DDFF">.</span><span style="color:#82AAFF">log</span><span style="color:#BABED8">(dp[n] </span><span style="color:#89DDFF">===</span><span style="color:#89DDFF"> Infinity</span><span style="color:#89DDFF"> ?</span><span style="color:#89DDFF"> -</span><span style="color:#F78C6C">1</span><span style="color:#89DDFF"> :</span><span style="color:#BABED8"> dp[n])</span><span style="color:#89DDFF">;</span></span></code></pre></figure>
<h2 id="정리" data-heading="true"><a data-heading="true" href="#정리"><span class="icon icon-link"></span></a>정리</h2>
<ol>
<li>통증 N의 아이템 사용 개수는 <code>N - A</code> 혹은 <code>N - B</code> 값의 +1이다.</li>
<li>DP 테이블을 0부터 N까지 채운다.</li>
<li>DP[n] 값을 출력한다.</li>
</ol>
<h2 id="최종-코드" data-heading="true"><a data-heading="true" href="#최종-코드"><span class="icon icon-link"></span></a>최종 코드</h2>
<figure data-rehype-pretty-code-figure=""><pre tabindex="0" data-language="js" data-theme="material-theme-palenight"><code data-language="js" data-theme="material-theme-palenight" style="display: grid;"><span data-line=""><span style="color:#C792EA">const</span><span style="color:#BABED8"> readline </span><span style="color:#89DDFF">=</span><span style="color:#82AAFF"> require</span><span style="color:#BABED8">(</span><span style="color:#89DDFF">'</span><span style="color:#C3E88D">readline</span><span style="color:#89DDFF">'</span><span style="color:#BABED8">)</span><span style="color:#89DDFF">;</span></span>
<span data-line=""><span style="color:#C792EA">let</span><span style="color:#BABED8"> rl </span><span style="color:#89DDFF">=</span><span style="color:#BABED8"> readline</span><span style="color:#89DDFF">.</span><span style="color:#82AAFF">createInterface</span><span style="color:#BABED8">(</span><span style="color:#89DDFF">{</span></span>
<span data-line=""><span style="color:#F07178">  input</span><span style="color:#89DDFF">:</span><span style="color:#BABED8"> process</span><span style="color:#89DDFF">.</span><span style="color:#BABED8">stdin</span><span style="color:#89DDFF">,</span></span>
<span data-line=""><span style="color:#F07178">  output</span><span style="color:#89DDFF">:</span><span style="color:#BABED8"> process</span><span style="color:#89DDFF">.</span><span style="color:#BABED8">stdout</span><span style="color:#89DDFF">,</span></span>
<span data-line=""><span style="color:#89DDFF">}</span><span style="color:#BABED8">)</span><span style="color:#89DDFF">;</span></span>
<span data-line=""><span style="color:#C792EA">let</span><span style="color:#BABED8"> n</span><span style="color:#89DDFF">;</span></span>
<span data-line=""><span style="color:#BABED8">rl</span><span style="color:#89DDFF">.</span><span style="color:#82AAFF">on</span><span style="color:#BABED8">(</span><span style="color:#89DDFF">'</span><span style="color:#C3E88D">line</span><span style="color:#89DDFF">'</span><span style="color:#89DDFF">,</span><span style="color:#89DDFF"> (</span><span style="color:#BABED8;font-style:italic">line</span><span style="color:#89DDFF">)</span><span style="color:#C792EA"> =&gt;</span><span style="color:#89DDFF"> {</span></span>
<span data-line=""><span style="color:#89DDFF;font-style:italic">  if</span><span style="color:#F07178"> (</span><span style="color:#BABED8">n</span><span style="color:#89DDFF"> ===</span><span style="color:#89DDFF"> undefined</span><span style="color:#F07178">) </span><span style="color:#89DDFF">{</span></span>
<span data-line=""><span style="color:#BABED8">    n</span><span style="color:#89DDFF"> =</span><span style="color:#82AAFF"> Number</span><span style="color:#F07178">(</span><span style="color:#BABED8">line</span><span style="color:#F07178">)</span><span style="color:#89DDFF">;</span></span>
<span data-line=""><span style="color:#89DDFF;font-style:italic">    return</span><span style="color:#89DDFF">;</span></span>
<span data-line=""><span style="color:#89DDFF">  }</span></span>
<span data-line=""><span style="color:#C792EA">  const</span><span style="color:#89DDFF"> [</span><span style="color:#BABED8">a</span><span style="color:#89DDFF">,</span><span style="color:#BABED8"> b</span><span style="color:#89DDFF">]</span><span style="color:#89DDFF"> =</span><span style="color:#BABED8"> line</span><span style="color:#89DDFF">.</span><span style="color:#82AAFF">split</span><span style="color:#F07178">(</span><span style="color:#89DDFF">'</span><span style="color:#89DDFF"> '</span><span style="color:#F07178">)</span><span style="color:#89DDFF">.</span><span style="color:#82AAFF">map</span><span style="color:#F07178">(</span><span style="color:#89DDFF">(</span><span style="color:#BABED8;font-style:italic">item</span><span style="color:#89DDFF">)</span><span style="color:#C792EA"> =&gt;</span><span style="color:#82AAFF"> Number</span><span style="color:#F07178">(</span><span style="color:#BABED8">item</span><span style="color:#F07178">))</span><span style="color:#89DDFF">;</span></span>
<span data-line=""><span style="color:#C792EA">  const</span><span style="color:#BABED8"> dp</span><span style="color:#89DDFF"> =</span><span style="color:#82AAFF"> Array</span><span style="color:#F07178">(</span><span style="color:#BABED8">n</span><span style="color:#89DDFF"> +</span><span style="color:#F78C6C"> 1</span><span style="color:#F07178">)</span><span style="color:#89DDFF">.</span><span style="color:#82AAFF">fill</span><span style="color:#F07178">(</span><span style="color:#89DDFF">Infinity</span><span style="color:#F07178">)</span><span style="color:#89DDFF">;</span></span>
<span data-line=""><span style="color:#BABED8">  dp</span><span style="color:#F07178">[</span><span style="color:#F78C6C">0</span><span style="color:#F07178">] </span><span style="color:#89DDFF">=</span><span style="color:#F78C6C"> 0</span><span style="color:#89DDFF">;</span></span>
<span data-line=""> </span>
<span data-line=""><span style="color:#89DDFF;font-style:italic">  for</span><span style="color:#F07178"> (</span><span style="color:#C792EA">let</span><span style="color:#BABED8"> i</span><span style="color:#89DDFF"> =</span><span style="color:#F78C6C"> 1</span><span style="color:#89DDFF">;</span><span style="color:#BABED8"> i</span><span style="color:#89DDFF"> &lt;=</span><span style="color:#BABED8"> n</span><span style="color:#89DDFF">;</span><span style="color:#BABED8"> i</span><span style="color:#89DDFF">++</span><span style="color:#F07178">) </span><span style="color:#89DDFF">{</span></span>
<span data-line=""><span style="color:#89DDFF;font-style:italic">    if</span><span style="color:#F07178"> (</span><span style="color:#BABED8">i</span><span style="color:#89DDFF"> -</span><span style="color:#BABED8"> a</span><span style="color:#89DDFF"> &gt;=</span><span style="color:#F78C6C"> 0</span><span style="color:#F07178">) </span><span style="color:#89DDFF">{</span></span>
<span data-line=""><span style="color:#BABED8">      dp</span><span style="color:#F07178">[</span><span style="color:#BABED8">i</span><span style="color:#F07178">] </span><span style="color:#89DDFF">=</span><span style="color:#BABED8"> Math</span><span style="color:#89DDFF">.</span><span style="color:#82AAFF">min</span><span style="color:#F07178">(</span><span style="color:#BABED8">dp</span><span style="color:#F07178">[</span><span style="color:#BABED8">i</span><span style="color:#89DDFF"> -</span><span style="color:#BABED8"> a</span><span style="color:#F07178">] </span><span style="color:#89DDFF">+</span><span style="color:#F78C6C"> 1</span><span style="color:#89DDFF">,</span><span style="color:#BABED8"> dp</span><span style="color:#F07178">[</span><span style="color:#BABED8">i</span><span style="color:#F07178">])</span><span style="color:#89DDFF">;</span></span>
<span data-line=""><span style="color:#89DDFF">    }</span></span>
<span data-line=""><span style="color:#89DDFF;font-style:italic">    if</span><span style="color:#F07178"> (</span><span style="color:#BABED8">i</span><span style="color:#89DDFF"> -</span><span style="color:#BABED8"> b</span><span style="color:#89DDFF"> &gt;=</span><span style="color:#F78C6C"> 0</span><span style="color:#F07178">) </span><span style="color:#89DDFF">{</span></span>
<span data-line=""><span style="color:#BABED8">      dp</span><span style="color:#F07178">[</span><span style="color:#BABED8">i</span><span style="color:#F07178">] </span><span style="color:#89DDFF">=</span><span style="color:#BABED8"> Math</span><span style="color:#89DDFF">.</span><span style="color:#82AAFF">min</span><span style="color:#F07178">(</span><span style="color:#BABED8">dp</span><span style="color:#F07178">[</span><span style="color:#BABED8">i</span><span style="color:#89DDFF"> -</span><span style="color:#BABED8"> b</span><span style="color:#F07178">] </span><span style="color:#89DDFF">+</span><span style="color:#F78C6C"> 1</span><span style="color:#89DDFF">,</span><span style="color:#BABED8"> dp</span><span style="color:#F07178">[</span><span style="color:#BABED8">i</span><span style="color:#F07178">])</span><span style="color:#89DDFF">;</span></span>
<span data-line=""><span style="color:#89DDFF">    }</span></span>
<span data-line=""><span style="color:#89DDFF">  }</span></span>
<span data-line=""><span style="color:#BABED8">  console</span><span style="color:#89DDFF">.</span><span style="color:#82AAFF">log</span><span style="color:#F07178">(</span><span style="color:#BABED8">dp</span><span style="color:#F07178">[</span><span style="color:#BABED8">n</span><span style="color:#F07178">] </span><span style="color:#89DDFF">===</span><span style="color:#89DDFF"> Infinity</span><span style="color:#89DDFF"> ?</span><span style="color:#89DDFF"> -</span><span style="color:#F78C6C">1</span><span style="color:#89DDFF"> :</span><span style="color:#BABED8"> dp</span><span style="color:#F07178">[</span><span style="color:#BABED8">n</span><span style="color:#F07178">])</span><span style="color:#89DDFF">;</span></span>
<span data-line=""><span style="color:#BABED8">  rl</span><span style="color:#89DDFF">.</span><span style="color:#82AAFF">close</span><span style="color:#F07178">()</span><span style="color:#89DDFF">;</span></span>
<span data-line=""><span style="color:#89DDFF">}</span><span style="color:#BABED8">)</span><span style="color:#89DDFF">;</span></span>
<span data-line=""> </span>
<span data-line=""><span style="color:#BABED8">rl</span><span style="color:#89DDFF">.</span><span style="color:#82AAFF">on</span><span style="color:#BABED8">(</span><span style="color:#89DDFF">'</span><span style="color:#C3E88D">close</span><span style="color:#89DDFF">'</span><span style="color:#89DDFF">,</span><span style="color:#89DDFF"> ()</span><span style="color:#C792EA"> =&gt;</span><span style="color:#89DDFF"> {</span></span>
<span data-line=""><span style="color:#676E95;font-style:italic">  // console.log("Hello Goorm! Your input is " + input);</span></span>
<span data-line=""><span style="color:#89DDFF">}</span><span style="color:#BABED8">)</span><span style="color:#89DDFF">;</span></span></code></pre></figure></div><aside class="floating-container"><ul class="list"><li data-id="접근법" class="item">접근법</li><li><ul class="depth-ul"><li data-id="1-완전-탐색" class="item depth">1. 완전 탐색</li><li data-id="2-dp" class="item depth">2. DP</li></ul></li><li data-id="정리" class="item">정리</li><li data-id="최종-코드" class="item">최종 코드</li></ul></aside></section><a class="highlighter issue-post" href="https://github.com/1ilsang/dev/issues/new?labels=🧊 comment&amp;assignees=1ilsang&amp;title=[🧊] %5B%EA%B5%AC%EB%A6%84%ED%86%A4%20%EC%B1%8C%EB%A6%B0%EC%A7%80%5D%20%ED%86%B5%EC%A6%9D2&amp;body=<!-- 환영합니다. 이슈 남겨주시면 빠르게 답변드리겠습니다. 🙇 -->" rel="noopener noreferrer" target="_blank">📮 이 포스트에 관심 있으신가요? 이슈를 남겨주세요! 👍</a><div class="flex items-center mt-1.5 mb-56"><div>☕ 소주 한 잔 후원하기</div><sub>(예금주: 이상철)</sub><img class="w-20 cursor-pointer object-contain hover:animate-bouncing" src="/images/logo/toss-pay.webp" alt="toss"><img class="w-12 cursor-pointer object-contain hover:animate-bouncing" src="/images/logo/kakao-pay.webp" alt="kakao"></div></section><footer class="footer"><ul><li><a href="/about">1ilsang</a></li><li><a rel="noopener noreferrer" target="_blank" href="https://github.com/1ilsang">GitHub</a></li><li><a href="https://www.linkedin.com/in/1ilsang" rel="noopener noreferrer" target="_blank">LinkedIn</a></li></ul></footer>