<div class="nav-loading"><progress value="0" max="1"></progress></div><nav class="nav water-rainbow post-nav-trans nav-shadow"><h2 class="nav-text nav-logo"><a class="hover-underline" href="/">1ilsang</a></h2><div class="flex"><h2 class="nav-text"><a class="hover-underline" href="/posts">posts</a></h2><h2 class="nav-text"><a class="hover-underline" href="/tags">tags</a></h2><div class="avatar on-nav"><a href="/about"><img src="/images/chul.webp" alt="1ilsang"></a></div></div></nav><section class="h-auto min-h-full max-w-screen-md py-20 mx-4 min-[790px]:m-auto"><h1 class="post-header">[구름톤 챌린지] GameJam</h1><section class="post-profile-container"><div class="avatar on-post"><a href="/about"><img src="/images/chul.webp" alt="1ilsang"></a></div><div><a class="name" href="/about">1ilsang</a><div class="description">클라이밍 하실래염?</div></div></section><section class="flex flex-wrap mt-2 items-end"><a class="text-highlight print:text-black hover:underline mr-2" target="_self" href="/tags/algorithm">#<!-- -->algorithm</a><a class="text-highlight print:text-black hover:underline mr-2" target="_self" href="/tags/goorm">#<!-- -->goorm</a><a class="text-highlight print:text-black hover:underline mr-2" target="_self" href="/tags/simulation">#<!-- -->simulation</a><a class="text-highlight print:text-black hover:underline mr-2" target="_self" href="/tags/brute-force">#<!-- -->brute-force</a></section><section><div class="text-date-gray inline">Published <time datetime="2023-08-27 23:35">2023-08-27 23:35</time></div></section><section id="post-body-container" class="relative"><div class="markdown"><p></p><div class="img-container"><div class="img-wrap cover"><img src="https://github.com/1ilsang/dev/assets/23524849/7c30fa46-50a2-433a-a844-84ae2bcb2bb2" alt="cover"></div></div><p></p>
<blockquote>
<p><a class="underline-highlight-fade" target="_blank" href="https://level.goorm.io/exam/195692/gamejam/quiz/1" rel="noreferrer noopener">문제 링크</a></p>
</blockquote>
<p>끔찍한 시뮬레이션 문제이다.</p>
<p>별다른 특이 사항 없이 문제에서 제시한 대로 구현하면 된다.</p>
<h2 id="접근법" data-heading="true"><a data-heading="true" href="#접근법"><span class="icon icon-link"></span></a>접근법</h2>
<p>구름과 플레이어 두 명이 각각 게임을 진행한다. 따라서 우리는 동일한 게임을 2번 실행해야 한다는 것을 알 수 있다.</p>
<p>즉 <strong>초기화를 잘하던가, 똑같은 코드를 두 번 실행해야 한다</strong>.</p>
<p>게임 보드 칸에는 이동 횟수와 방향이 적혀있으며 게이머가 놓은 위치에서부터 칸의 명령을 따라 쭉 실행하면 된다.</p>
<p>만약 <strong>보드를 이탈하는 경우(처음/끝) 반대쪽 첫 칸으로 이동하게 된다</strong>(<code>-1 -&gt; length -1</code>, <code>length -&gt; 0</code>),</p>
<p>이때 이전에 방문했던 곳에 다시 온다면 게임이 종료된다. 우리는 <strong>두 번의 메모 맵</strong>이 필요하다.</p>
<p>두 플레이어가 게임을 종료했을 때 <strong>점수를 비교해 출력</strong>한다.</p>
<h2 id="정리" data-heading="true"><a data-heading="true" href="#정리"><span class="icon icon-link"></span></a>정리</h2>
<ol>
<li>유저의 위치를 받아 점수를 반환하는 함수를 만든다(내부 변수 사용으로 초기화 용이).</li>
<li>이동 거리만큼 이동한다.
<ol>
<li>보드 이탈시 좌표를 반대쪽 첫 칸으로 재설정해 준다.</li>
<li>이동할 때마다 메모를 한다.</li>
</ol>
</li>
<li>점수 값을 비교 출력한다.</li>
</ol>
<h2 id="최종-코드" data-heading="true"><a data-heading="true" href="#최종-코드"><span class="icon icon-link"></span></a>최종 코드</h2>
<figure data-rehype-pretty-code-figure=""><pre tabindex="0" data-language="js" data-theme="material-theme-palenight"><code data-language="js" data-theme="material-theme-palenight" style="display: grid;"><span data-line=""><span style="color:#C792EA">const</span><span style="color:#BABED8"> readline </span><span style="color:#89DDFF">=</span><span style="color:#82AAFF"> require</span><span style="color:#BABED8">(</span><span style="color:#89DDFF">'</span><span style="color:#C3E88D">readline</span><span style="color:#89DDFF">'</span><span style="color:#BABED8">)</span><span style="color:#89DDFF">;</span></span>
<span data-line=""><span style="color:#C792EA">let</span><span style="color:#BABED8"> rl </span><span style="color:#89DDFF">=</span><span style="color:#BABED8"> readline</span><span style="color:#89DDFF">.</span><span style="color:#82AAFF">createInterface</span><span style="color:#BABED8">(</span><span style="color:#89DDFF">{</span></span>
<span data-line=""><span style="color:#F07178">  input</span><span style="color:#89DDFF">:</span><span style="color:#BABED8"> process</span><span style="color:#89DDFF">.</span><span style="color:#BABED8">stdin</span><span style="color:#89DDFF">,</span></span>
<span data-line=""><span style="color:#F07178">  output</span><span style="color:#89DDFF">:</span><span style="color:#BABED8"> process</span><span style="color:#89DDFF">.</span><span style="color:#BABED8">stdout</span><span style="color:#89DDFF">,</span></span>
<span data-line=""><span style="color:#89DDFF">}</span><span style="color:#BABED8">)</span><span style="color:#89DDFF">;</span></span>
<span data-line=""><span style="color:#C792EA">let</span><span style="color:#BABED8"> n</span><span style="color:#89DDFF">;</span></span>
<span data-line=""><span style="color:#C792EA">const</span><span style="color:#BABED8"> goorm </span><span style="color:#89DDFF">=</span><span style="color:#BABED8"> []</span><span style="color:#89DDFF">;</span></span>
<span data-line=""><span style="color:#C792EA">const</span><span style="color:#BABED8"> player </span><span style="color:#89DDFF">=</span><span style="color:#BABED8"> []</span><span style="color:#89DDFF">;</span></span>
<span data-line=""><span style="color:#C792EA">const</span><span style="color:#BABED8"> map </span><span style="color:#89DDFF">=</span><span style="color:#BABED8"> []</span><span style="color:#89DDFF">;</span></span>
<span data-line=""><span style="color:#C792EA">const</span><span style="color:#BABED8"> d </span><span style="color:#89DDFF">=</span><span style="color:#89DDFF"> {</span></span>
<span data-line=""><span style="color:#F07178">  U</span><span style="color:#89DDFF">:</span><span style="color:#BABED8"> [</span><span style="color:#89DDFF">-</span><span style="color:#F78C6C">1</span><span style="color:#89DDFF">,</span><span style="color:#F78C6C"> 0</span><span style="color:#BABED8">]</span><span style="color:#89DDFF">,</span></span>
<span data-line=""><span style="color:#F07178">  R</span><span style="color:#89DDFF">:</span><span style="color:#BABED8"> [</span><span style="color:#F78C6C">0</span><span style="color:#89DDFF">,</span><span style="color:#F78C6C"> 1</span><span style="color:#BABED8">]</span><span style="color:#89DDFF">,</span></span>
<span data-line=""><span style="color:#F07178">  D</span><span style="color:#89DDFF">:</span><span style="color:#BABED8"> [</span><span style="color:#F78C6C">1</span><span style="color:#89DDFF">,</span><span style="color:#F78C6C"> 0</span><span style="color:#BABED8">]</span><span style="color:#89DDFF">,</span></span>
<span data-line=""><span style="color:#F07178">  L</span><span style="color:#89DDFF">:</span><span style="color:#BABED8"> [</span><span style="color:#F78C6C">0</span><span style="color:#89DDFF">,</span><span style="color:#89DDFF"> -</span><span style="color:#F78C6C">1</span><span style="color:#BABED8">]</span><span style="color:#89DDFF">,</span></span>
<span data-line=""><span style="color:#89DDFF">};</span></span>
<span data-line=""><span style="color:#C792EA">const</span><span style="color:#BABED8"> getBoardInfo </span><span style="color:#89DDFF">=</span><span style="color:#89DDFF"> ({</span><span style="color:#BABED8;font-style:italic"> r</span><span style="color:#89DDFF">,</span><span style="color:#BABED8;font-style:italic"> c</span><span style="color:#89DDFF"> })</span><span style="color:#C792EA"> =&gt;</span><span style="color:#89DDFF"> {</span></span>
<span data-line=""><span style="color:#C792EA">  const</span><span style="color:#BABED8"> cmd</span><span style="color:#89DDFF"> =</span><span style="color:#BABED8"> map</span><span style="color:#F07178">[</span><span style="color:#BABED8">r</span><span style="color:#F07178">][</span><span style="color:#BABED8">c</span><span style="color:#F07178">]</span><span style="color:#89DDFF">;</span></span>
<span data-line=""><span style="color:#C792EA">  const</span><span style="color:#BABED8"> count</span><span style="color:#89DDFF"> =</span><span style="color:#82AAFF"> parseInt</span><span style="color:#F07178">(</span><span style="color:#BABED8">cmd</span><span style="color:#F07178">)</span><span style="color:#89DDFF">;</span></span>
<span data-line=""><span style="color:#C792EA">  const</span><span style="color:#BABED8"> direction</span><span style="color:#89DDFF"> =</span><span style="color:#BABED8"> cmd</span><span style="color:#89DDFF">.</span><span style="color:#82AAFF">slice</span><span style="color:#F07178">(</span><span style="color:#89DDFF">-</span><span style="color:#F78C6C">1</span><span style="color:#F07178">)</span><span style="color:#89DDFF">;</span></span>
<span data-line=""><span style="color:#89DDFF;font-style:italic">  return</span><span style="color:#89DDFF"> {</span></span>
<span data-line=""><span style="color:#BABED8">    cmd</span><span style="color:#89DDFF">,</span></span>
<span data-line=""><span style="color:#BABED8">    count</span><span style="color:#89DDFF">,</span></span>
<span data-line=""><span style="color:#BABED8">    direction</span><span style="color:#89DDFF">,</span></span>
<span data-line=""><span style="color:#89DDFF">  };</span></span>
<span data-line=""><span style="color:#89DDFF">};</span></span>
<span data-line=""><span style="color:#C792EA">const</span><span style="color:#BABED8"> setNextMove </span><span style="color:#89DDFF">=</span><span style="color:#89DDFF"> ({</span><span style="color:#BABED8;font-style:italic"> r</span><span style="color:#89DDFF">,</span><span style="color:#BABED8;font-style:italic"> c</span><span style="color:#89DDFF">,</span><span style="color:#BABED8;font-style:italic"> direction</span><span style="color:#89DDFF"> })</span><span style="color:#C792EA"> =&gt;</span><span style="color:#89DDFF"> {</span></span>
<span data-line=""><span style="color:#C792EA">  let</span><span style="color:#BABED8"> nr</span><span style="color:#89DDFF"> =</span><span style="color:#BABED8"> r</span><span style="color:#89DDFF"> +</span><span style="color:#BABED8"> d</span><span style="color:#F07178">[</span><span style="color:#BABED8">direction</span><span style="color:#F07178">][</span><span style="color:#F78C6C">0</span><span style="color:#F07178">]</span><span style="color:#89DDFF">;</span></span>
<span data-line=""><span style="color:#C792EA">  let</span><span style="color:#BABED8"> nc</span><span style="color:#89DDFF"> =</span><span style="color:#BABED8"> c</span><span style="color:#89DDFF"> +</span><span style="color:#BABED8"> d</span><span style="color:#F07178">[</span><span style="color:#BABED8">direction</span><span style="color:#F07178">][</span><span style="color:#F78C6C">1</span><span style="color:#F07178">]</span><span style="color:#89DDFF">;</span></span>
<span data-line=""> </span>
<span data-line=""><span style="color:#89DDFF;font-style:italic">  if</span><span style="color:#F07178"> (</span><span style="color:#BABED8">nr</span><span style="color:#89DDFF"> &lt;</span><span style="color:#F78C6C"> 0</span><span style="color:#F07178">) </span><span style="color:#89DDFF">{</span></span>
<span data-line=""><span style="color:#BABED8">    nr</span><span style="color:#89DDFF"> =</span><span style="color:#BABED8"> map</span><span style="color:#89DDFF">.</span><span style="color:#BABED8">length</span><span style="color:#89DDFF"> -</span><span style="color:#F78C6C"> 1</span><span style="color:#89DDFF">;</span></span>
<span data-line=""><span style="color:#89DDFF">  }</span><span style="color:#89DDFF;font-style:italic"> else</span><span style="color:#89DDFF;font-style:italic"> if</span><span style="color:#F07178"> (</span><span style="color:#BABED8">nc</span><span style="color:#89DDFF"> &lt;</span><span style="color:#F78C6C"> 0</span><span style="color:#F07178">) </span><span style="color:#89DDFF">{</span></span>
<span data-line=""><span style="color:#BABED8">    nc</span><span style="color:#89DDFF"> =</span><span style="color:#BABED8"> map</span><span style="color:#F07178">[</span><span style="color:#F78C6C">0</span><span style="color:#F07178">]</span><span style="color:#89DDFF">.</span><span style="color:#BABED8">length</span><span style="color:#89DDFF"> -</span><span style="color:#F78C6C"> 1</span><span style="color:#89DDFF">;</span></span>
<span data-line=""><span style="color:#89DDFF">  }</span><span style="color:#89DDFF;font-style:italic"> else</span><span style="color:#89DDFF;font-style:italic"> if</span><span style="color:#F07178"> (</span><span style="color:#BABED8">nr</span><span style="color:#89DDFF"> &gt;=</span><span style="color:#BABED8"> map</span><span style="color:#89DDFF">.</span><span style="color:#BABED8">length</span><span style="color:#F07178">) </span><span style="color:#89DDFF">{</span></span>
<span data-line=""><span style="color:#BABED8">    nr</span><span style="color:#89DDFF"> =</span><span style="color:#F78C6C"> 0</span><span style="color:#89DDFF">;</span></span>
<span data-line=""><span style="color:#89DDFF">  }</span><span style="color:#89DDFF;font-style:italic"> else</span><span style="color:#89DDFF;font-style:italic"> if</span><span style="color:#F07178"> (</span><span style="color:#BABED8">nc</span><span style="color:#89DDFF"> &gt;=</span><span style="color:#BABED8"> map</span><span style="color:#F07178">[</span><span style="color:#F78C6C">0</span><span style="color:#F07178">]</span><span style="color:#89DDFF">.</span><span style="color:#BABED8">length</span><span style="color:#F07178">) </span><span style="color:#89DDFF">{</span></span>
<span data-line=""><span style="color:#BABED8">    nc</span><span style="color:#89DDFF"> =</span><span style="color:#F78C6C"> 0</span><span style="color:#89DDFF">;</span></span>
<span data-line=""><span style="color:#89DDFF">  }</span></span>
<span data-line=""><span style="color:#89DDFF;font-style:italic">  return</span><span style="color:#89DDFF"> {</span></span>
<span data-line=""><span style="color:#BABED8">    nr</span><span style="color:#89DDFF">,</span></span>
<span data-line=""><span style="color:#BABED8">    nc</span><span style="color:#89DDFF">,</span></span>
<span data-line=""><span style="color:#89DDFF">  };</span></span>
<span data-line=""><span style="color:#89DDFF">};</span></span>
<span data-line=""><span style="color:#C792EA">const</span><span style="color:#BABED8"> buildMemo </span><span style="color:#89DDFF">=</span><span style="color:#89DDFF"> ()</span><span style="color:#C792EA"> =&gt;</span><span style="color:#89DDFF"> {</span></span>
<span data-line=""><span style="color:#C792EA">  const</span><span style="color:#BABED8"> memo</span><span style="color:#89DDFF"> =</span><span style="color:#BABED8"> map</span><span style="color:#89DDFF">.</span><span style="color:#82AAFF">map</span><span style="color:#F07178">(</span><span style="color:#89DDFF">(</span><span style="color:#BABED8;font-style:italic">row</span><span style="color:#89DDFF">)</span><span style="color:#C792EA"> =&gt;</span><span style="color:#89DDFF"> {</span></span>
<span data-line=""><span style="color:#89DDFF;font-style:italic">    return</span><span style="color:#82AAFF"> Array</span><span style="color:#F07178">(</span><span style="color:#BABED8">row</span><span style="color:#89DDFF">.</span><span style="color:#BABED8">length</span><span style="color:#F07178">)</span><span style="color:#89DDFF">.</span><span style="color:#82AAFF">fill</span><span style="color:#F07178">(</span><span style="color:#F78C6C">0</span><span style="color:#F07178">)</span><span style="color:#89DDFF">;</span></span>
<span data-line=""><span style="color:#89DDFF">  }</span><span style="color:#F07178">)</span><span style="color:#89DDFF">;</span></span>
<span data-line=""><span style="color:#89DDFF;font-style:italic">  return</span><span style="color:#BABED8"> memo</span><span style="color:#89DDFF">;</span></span>
<span data-line=""><span style="color:#89DDFF">};</span></span>
<span data-line=""><span style="color:#C792EA">const</span><span style="color:#BABED8"> playGame </span><span style="color:#89DDFF">=</span><span style="color:#89DDFF"> ({</span><span style="color:#BABED8;font-style:italic"> r</span><span style="color:#89DDFF">,</span><span style="color:#BABED8;font-style:italic"> c</span><span style="color:#89DDFF"> })</span><span style="color:#C792EA"> =&gt;</span><span style="color:#89DDFF"> {</span></span>
<span data-line=""><span style="color:#676E95;font-style:italic">  // 최초 세팅. 현재 칸의 명령을 파싱한다.</span></span>
<span data-line=""><span style="color:#C792EA">  let</span><span style="color:#89DDFF"> {</span><span style="color:#BABED8"> cmd</span><span style="color:#89DDFF">,</span><span style="color:#BABED8"> count</span><span style="color:#89DDFF">,</span><span style="color:#BABED8"> direction</span><span style="color:#89DDFF"> }</span><span style="color:#89DDFF"> =</span><span style="color:#82AAFF"> getBoardInfo</span><span style="color:#F07178">(</span><span style="color:#89DDFF">{</span><span style="color:#BABED8"> r</span><span style="color:#89DDFF">,</span><span style="color:#BABED8"> c</span><span style="color:#89DDFF"> }</span><span style="color:#F07178">)</span><span style="color:#89DDFF">;</span></span>
<span data-line=""><span style="color:#C792EA">  let</span><span style="color:#BABED8"> nr</span><span style="color:#89DDFF"> =</span><span style="color:#BABED8"> r</span><span style="color:#89DDFF">;</span></span>
<span data-line=""><span style="color:#C792EA">  let</span><span style="color:#BABED8"> nc</span><span style="color:#89DDFF"> =</span><span style="color:#BABED8"> c</span><span style="color:#89DDFF">;</span></span>
<span data-line=""><span style="color:#C792EA">  let</span><span style="color:#BABED8"> score</span><span style="color:#89DDFF"> =</span><span style="color:#F78C6C"> 1</span><span style="color:#89DDFF">;</span></span>
<span data-line=""> </span>
<span data-line=""><span style="color:#C792EA">  const</span><span style="color:#BABED8"> memo</span><span style="color:#89DDFF"> =</span><span style="color:#82AAFF"> buildMemo</span><span style="color:#F07178">()</span><span style="color:#89DDFF">;</span></span>
<span data-line=""><span style="color:#BABED8">  memo</span><span style="color:#F07178">[</span><span style="color:#BABED8">r</span><span style="color:#F07178">][</span><span style="color:#BABED8">c</span><span style="color:#F07178">] </span><span style="color:#89DDFF">=</span><span style="color:#F78C6C"> 1</span><span style="color:#89DDFF">;</span></span>
<span data-line=""> </span>
<span data-line=""><span style="color:#89DDFF;font-style:italic">  while</span><span style="color:#F07178"> (</span><span style="color:#FF9CAC">true</span><span style="color:#F07178">) </span><span style="color:#89DDFF">{</span></span>
<span data-line=""><span style="color:#676E95;font-style:italic">    // 이동 횟수가 0이라면 현재 위치 칸의 명령으로 초기화 한다.</span></span>
<span data-line=""><span style="color:#89DDFF;font-style:italic">    if</span><span style="color:#F07178"> (</span><span style="color:#BABED8">count</span><span style="color:#89DDFF"> ===</span><span style="color:#F78C6C"> 0</span><span style="color:#F07178">) </span><span style="color:#89DDFF">{</span></span>
<span data-line=""><span style="color:#C792EA">      const</span><span style="color:#BABED8"> curValues</span><span style="color:#89DDFF"> =</span><span style="color:#82AAFF"> getBoardInfo</span><span style="color:#F07178">(</span><span style="color:#89DDFF">{</span><span style="color:#F07178"> r</span><span style="color:#89DDFF">:</span><span style="color:#BABED8"> nr</span><span style="color:#89DDFF">,</span><span style="color:#F07178"> c</span><span style="color:#89DDFF">:</span><span style="color:#BABED8"> nc</span><span style="color:#89DDFF"> }</span><span style="color:#F07178">)</span><span style="color:#89DDFF">;</span></span>
<span data-line=""><span style="color:#BABED8">      cmd</span><span style="color:#89DDFF"> =</span><span style="color:#BABED8"> curValues</span><span style="color:#89DDFF">.</span><span style="color:#BABED8">cmd</span><span style="color:#89DDFF">;</span></span>
<span data-line=""><span style="color:#BABED8">      count</span><span style="color:#89DDFF"> =</span><span style="color:#BABED8"> curValues</span><span style="color:#89DDFF">.</span><span style="color:#BABED8">count</span><span style="color:#89DDFF">;</span></span>
<span data-line=""><span style="color:#BABED8">      direction</span><span style="color:#89DDFF"> =</span><span style="color:#BABED8"> curValues</span><span style="color:#89DDFF">.</span><span style="color:#BABED8">direction</span><span style="color:#89DDFF">;</span></span>
<span data-line=""><span style="color:#89DDFF">    }</span></span>
<span data-line=""><span style="color:#676E95;font-style:italic">    // 다음 이동을 위해 nextRow, nextCol 값을 세팅한다.</span></span>
<span data-line=""><span style="color:#C792EA">    const</span><span style="color:#BABED8"> nextPosition</span><span style="color:#89DDFF"> =</span><span style="color:#82AAFF"> setNextMove</span><span style="color:#F07178">(</span><span style="color:#89DDFF">{</span><span style="color:#F07178"> r</span><span style="color:#89DDFF">:</span><span style="color:#BABED8"> nr</span><span style="color:#89DDFF">,</span><span style="color:#F07178"> c</span><span style="color:#89DDFF">:</span><span style="color:#BABED8"> nc</span><span style="color:#89DDFF">,</span><span style="color:#BABED8"> direction</span><span style="color:#89DDFF"> }</span><span style="color:#F07178">)</span><span style="color:#89DDFF">;</span></span>
<span data-line=""><span style="color:#BABED8">    nr</span><span style="color:#89DDFF"> =</span><span style="color:#BABED8"> nextPosition</span><span style="color:#89DDFF">.</span><span style="color:#BABED8">nr</span><span style="color:#89DDFF">;</span></span>
<span data-line=""><span style="color:#BABED8">    nc</span><span style="color:#89DDFF"> =</span><span style="color:#BABED8"> nextPosition</span><span style="color:#89DDFF">.</span><span style="color:#BABED8">nc</span><span style="color:#89DDFF">;</span></span>
<span data-line=""><span style="color:#676E95;font-style:italic">    // 만약 다음 좌표가 방문한적이 있다면 루프를 종료한다.</span></span>
<span data-line=""><span style="color:#89DDFF;font-style:italic">    if</span><span style="color:#F07178"> (</span><span style="color:#BABED8">memo</span><span style="color:#F07178">[</span><span style="color:#BABED8">nr</span><span style="color:#F07178">][</span><span style="color:#BABED8">nc</span><span style="color:#F07178">]) </span><span style="color:#89DDFF">{</span></span>
<span data-line=""><span style="color:#89DDFF;font-style:italic">      break</span><span style="color:#89DDFF">;</span></span>
<span data-line=""><span style="color:#89DDFF">    }</span></span>
<span data-line=""><span style="color:#676E95;font-style:italic">    // 이동 거리를 감소시키고 스코어를 추가한뒤 좌표를 메모한다.</span></span>
<span data-line=""><span style="color:#BABED8">    count</span><span style="color:#89DDFF">--;</span></span>
<span data-line=""><span style="color:#BABED8">    score</span><span style="color:#89DDFF">++;</span></span>
<span data-line=""><span style="color:#BABED8">    memo</span><span style="color:#F07178">[</span><span style="color:#BABED8">nr</span><span style="color:#F07178">][</span><span style="color:#BABED8">nc</span><span style="color:#F07178">] </span><span style="color:#89DDFF">=</span><span style="color:#F78C6C"> 1</span><span style="color:#89DDFF">;</span></span>
<span data-line=""><span style="color:#89DDFF">  }</span></span>
<span data-line=""><span style="color:#89DDFF;font-style:italic">  return</span><span style="color:#BABED8"> score</span><span style="color:#89DDFF">;</span></span>
<span data-line=""><span style="color:#89DDFF">};</span></span>
<span data-line=""><span style="color:#C792EA">const</span><span style="color:#BABED8"> getParsedLineNumbers </span><span style="color:#89DDFF">=</span><span style="color:#89DDFF"> (</span><span style="color:#BABED8;font-style:italic">line</span><span style="color:#89DDFF">)</span><span style="color:#C792EA"> =&gt;</span></span>
<span data-line=""><span style="color:#BABED8">  line</span><span style="color:#89DDFF">.</span><span style="color:#82AAFF">split</span><span style="color:#BABED8">(</span><span style="color:#89DDFF">'</span><span style="color:#89DDFF"> '</span><span style="color:#BABED8">)</span><span style="color:#89DDFF">.</span><span style="color:#82AAFF">map</span><span style="color:#BABED8">(</span><span style="color:#89DDFF">(</span><span style="color:#BABED8;font-style:italic">num</span><span style="color:#89DDFF">)</span><span style="color:#C792EA"> =&gt;</span><span style="color:#82AAFF"> Number</span><span style="color:#BABED8">(num) </span><span style="color:#89DDFF">-</span><span style="color:#F78C6C"> 1</span><span style="color:#BABED8">)</span><span style="color:#89DDFF">;</span></span>
<span data-line=""><span style="color:#C792EA">const</span><span style="color:#BABED8"> setFields </span><span style="color:#89DDFF">=</span><span style="color:#89DDFF"> (</span><span style="color:#BABED8;font-style:italic">line</span><span style="color:#89DDFF">)</span><span style="color:#C792EA"> =&gt;</span><span style="color:#89DDFF"> {</span></span>
<span data-line=""><span style="color:#C792EA">  const</span><span style="color:#BABED8"> parsedLine</span><span style="color:#89DDFF"> =</span><span style="color:#BABED8"> line</span><span style="color:#89DDFF">.</span><span style="color:#82AAFF">split</span><span style="color:#F07178">(</span><span style="color:#89DDFF">'</span><span style="color:#89DDFF"> '</span><span style="color:#F07178">)</span><span style="color:#89DDFF">;</span></span>
<span data-line=""><span style="color:#BABED8">  map</span><span style="color:#89DDFF">.</span><span style="color:#82AAFF">push</span><span style="color:#F07178">(</span><span style="color:#BABED8">parsedLine</span><span style="color:#F07178">)</span><span style="color:#89DDFF">;</span></span>
<span data-line=""><span style="color:#89DDFF">};</span></span>
<span data-line=""> </span>
<span data-line=""><span style="color:#BABED8">rl</span><span style="color:#89DDFF">.</span><span style="color:#82AAFF">on</span><span style="color:#BABED8">(</span><span style="color:#89DDFF">'</span><span style="color:#C3E88D">line</span><span style="color:#89DDFF">'</span><span style="color:#89DDFF">,</span><span style="color:#89DDFF"> (</span><span style="color:#BABED8;font-style:italic">line</span><span style="color:#89DDFF">)</span><span style="color:#C792EA"> =&gt;</span><span style="color:#89DDFF"> {</span></span>
<span data-line=""><span style="color:#89DDFF;font-style:italic">  if</span><span style="color:#F07178"> (</span><span style="color:#BABED8">n</span><span style="color:#89DDFF"> ===</span><span style="color:#89DDFF"> undefined</span><span style="color:#F07178">) </span><span style="color:#89DDFF">{</span></span>
<span data-line=""><span style="color:#BABED8">    n</span><span style="color:#89DDFF"> =</span><span style="color:#82AAFF"> Number</span><span style="color:#F07178">(</span><span style="color:#BABED8">line</span><span style="color:#F07178">)</span><span style="color:#89DDFF">;</span></span>
<span data-line=""><span style="color:#89DDFF;font-style:italic">    return</span><span style="color:#89DDFF">;</span></span>
<span data-line=""><span style="color:#89DDFF">  }</span></span>
<span data-line=""><span style="color:#89DDFF;font-style:italic">  if</span><span style="color:#F07178"> (</span><span style="color:#BABED8">goorm</span><span style="color:#89DDFF">.</span><span style="color:#BABED8">length</span><span style="color:#89DDFF"> ===</span><span style="color:#F78C6C"> 0</span><span style="color:#F07178">) </span><span style="color:#89DDFF">{</span></span>
<span data-line=""><span style="color:#BABED8">    goorm</span><span style="color:#89DDFF">.</span><span style="color:#82AAFF">push</span><span style="color:#F07178">(</span><span style="color:#89DDFF">...</span><span style="color:#82AAFF">getParsedLineNumbers</span><span style="color:#F07178">(</span><span style="color:#BABED8">line</span><span style="color:#F07178">))</span><span style="color:#89DDFF">;</span></span>
<span data-line=""><span style="color:#89DDFF;font-style:italic">    return</span><span style="color:#89DDFF">;</span></span>
<span data-line=""><span style="color:#89DDFF">  }</span></span>
<span data-line=""><span style="color:#89DDFF;font-style:italic">  if</span><span style="color:#F07178"> (</span><span style="color:#BABED8">player</span><span style="color:#89DDFF">.</span><span style="color:#BABED8">length</span><span style="color:#89DDFF"> ===</span><span style="color:#F78C6C"> 0</span><span style="color:#F07178">) </span><span style="color:#89DDFF">{</span></span>
<span data-line=""><span style="color:#BABED8">    player</span><span style="color:#89DDFF">.</span><span style="color:#82AAFF">push</span><span style="color:#F07178">(</span><span style="color:#89DDFF">...</span><span style="color:#82AAFF">getParsedLineNumbers</span><span style="color:#F07178">(</span><span style="color:#BABED8">line</span><span style="color:#F07178">))</span><span style="color:#89DDFF">;</span></span>
<span data-line=""><span style="color:#89DDFF;font-style:italic">    return</span><span style="color:#89DDFF">;</span></span>
<span data-line=""><span style="color:#89DDFF">  }</span></span>
<span data-line=""><span style="color:#89DDFF;font-style:italic">  if</span><span style="color:#F07178"> (</span><span style="color:#BABED8">map</span><span style="color:#89DDFF">.</span><span style="color:#BABED8">length</span><span style="color:#89DDFF"> &lt;</span><span style="color:#BABED8"> n</span><span style="color:#F07178">) </span><span style="color:#89DDFF">{</span></span>
<span data-line=""><span style="color:#82AAFF">    setFields</span><span style="color:#F07178">(</span><span style="color:#BABED8">line</span><span style="color:#F07178">)</span><span style="color:#89DDFF">;</span></span>
<span data-line=""><span style="color:#89DDFF;font-style:italic">    if</span><span style="color:#F07178"> (</span><span style="color:#BABED8">map</span><span style="color:#89DDFF">.</span><span style="color:#BABED8">length</span><span style="color:#89DDFF"> &lt;</span><span style="color:#BABED8"> n</span><span style="color:#F07178">) </span><span style="color:#89DDFF">{</span></span>
<span data-line=""><span style="color:#89DDFF;font-style:italic">      return</span><span style="color:#89DDFF">;</span></span>
<span data-line=""><span style="color:#89DDFF">    }</span></span>
<span data-line=""><span style="color:#89DDFF">  }</span></span>
<span data-line=""><span style="color:#C792EA">  const</span><span style="color:#BABED8"> gScore</span><span style="color:#89DDFF"> =</span><span style="color:#82AAFF"> playGame</span><span style="color:#F07178">(</span><span style="color:#89DDFF">{</span></span>
<span data-line=""><span style="color:#F07178">    r</span><span style="color:#89DDFF">:</span><span style="color:#BABED8"> goorm</span><span style="color:#F07178">[</span><span style="color:#F78C6C">0</span><span style="color:#F07178">]</span><span style="color:#89DDFF">,</span></span>
<span data-line=""><span style="color:#F07178">    c</span><span style="color:#89DDFF">:</span><span style="color:#BABED8"> goorm</span><span style="color:#F07178">[</span><span style="color:#F78C6C">1</span><span style="color:#F07178">]</span><span style="color:#89DDFF">,</span></span>
<span data-line=""><span style="color:#89DDFF">  }</span><span style="color:#F07178">)</span><span style="color:#89DDFF">;</span></span>
<span data-line=""><span style="color:#C792EA">  const</span><span style="color:#BABED8"> pScore</span><span style="color:#89DDFF"> =</span><span style="color:#82AAFF"> playGame</span><span style="color:#F07178">(</span><span style="color:#89DDFF">{</span></span>
<span data-line=""><span style="color:#F07178">    r</span><span style="color:#89DDFF">:</span><span style="color:#BABED8"> player</span><span style="color:#F07178">[</span><span style="color:#F78C6C">0</span><span style="color:#F07178">]</span><span style="color:#89DDFF">,</span></span>
<span data-line=""><span style="color:#F07178">    c</span><span style="color:#89DDFF">:</span><span style="color:#BABED8"> player</span><span style="color:#F07178">[</span><span style="color:#F78C6C">1</span><span style="color:#F07178">]</span><span style="color:#89DDFF">,</span></span>
<span data-line=""><span style="color:#89DDFF">  }</span><span style="color:#F07178">)</span><span style="color:#89DDFF">;</span></span>
<span data-line=""><span style="color:#C792EA">  const</span><span style="color:#BABED8"> answer</span><span style="color:#89DDFF"> =</span><span style="color:#BABED8"> gScore</span><span style="color:#89DDFF"> &gt;</span><span style="color:#BABED8"> pScore</span><span style="color:#89DDFF"> ?</span><span style="color:#89DDFF"> `</span><span style="color:#C3E88D">goorm </span><span style="color:#89DDFF">${</span><span style="color:#BABED8">gScore</span><span style="color:#89DDFF">}`</span><span style="color:#89DDFF"> :</span><span style="color:#89DDFF"> `</span><span style="color:#C3E88D">player </span><span style="color:#89DDFF">${</span><span style="color:#BABED8">pScore</span><span style="color:#89DDFF">}`</span><span style="color:#89DDFF">;</span></span>
<span data-line=""><span style="color:#BABED8">  console</span><span style="color:#89DDFF">.</span><span style="color:#82AAFF">log</span><span style="color:#F07178">(</span><span style="color:#BABED8">answer</span><span style="color:#F07178">)</span><span style="color:#89DDFF">;</span></span>
<span data-line=""><span style="color:#BABED8">  rl</span><span style="color:#89DDFF">.</span><span style="color:#82AAFF">close</span><span style="color:#F07178">()</span><span style="color:#89DDFF">;</span></span>
<span data-line=""><span style="color:#89DDFF">}</span><span style="color:#BABED8">)</span><span style="color:#89DDFF">;</span></span></code></pre></figure></div><aside class="floating-container"><ul class="list"><li data-id="접근법" class="item">접근법</li><li data-id="정리" class="item">정리</li><li data-id="최종-코드" class="item">최종 코드</li></ul></aside></section><a class="highlighter issue-post" href="https://github.com/1ilsang/dev/issues/new?labels=🧊 comment&amp;assignees=1ilsang&amp;title=[🧊] %5B%EA%B5%AC%EB%A6%84%ED%86%A4%20%EC%B1%8C%EB%A6%B0%EC%A7%80%5D%20GameJam&amp;body=<!-- 환영합니다. 이슈 남겨주시면 빠르게 답변드리겠습니다. 🙇 -->" rel="noopener noreferrer" target="_blank">📮 이 포스트에 관심 있으신가요? 이슈를 남겨주세요! 👍</a><div class="flex items-center mt-1.5 mb-56"><div>☕ 소주 한 잔 후원하기</div><sub>(예금주: 이상철)</sub><img class="w-20 cursor-pointer object-contain hover:animate-bouncing" src="/images/logo/toss-pay.webp" alt="toss"><img class="w-12 cursor-pointer object-contain hover:animate-bouncing" src="/images/logo/kakao-pay.webp" alt="kakao"></div></section><footer class="footer"><ul><li><a href="/about">1ilsang</a></li><li><a rel="noopener noreferrer" target="_blank" href="https://github.com/1ilsang">GitHub</a></li><li><a href="https://www.linkedin.com/in/1ilsang" rel="noopener noreferrer" target="_blank">LinkedIn</a></li></ul></footer>