<div class="nav-loading"><progress value="0" max="1"></progress></div><nav class="nav water-rainbow post-nav-trans nav-shadow"><h2 class="nav-text nav-logo"><a class="hover-underline" href="/">1ilsang</a></h2><div class="flex"><h2 class="nav-text"><a class="hover-underline" href="/posts">posts</a></h2><h2 class="nav-text"><a class="hover-underline" href="/tags">tags</a></h2><div class="avatar on-nav"><a href="/about"><img src="/assets/chul.png" alt="1ilsang"></a></div></div></nav><div class="post-container"><h1 class="post-header">[구름톤 챌린지] 작은 노드</h1><section class="post-profile-container"><div class="avatar on-post"><a href="/about"><img src="/assets/chul.png" alt="1ilsang"></a></div><div><a class="name" href="/about">1ilsang</a><div class="description">클라이밍 하실래염?</div></div></section><section class="flex flex-wrap mt-2 items-end"><a class="hashtag mr-2" target="_self" href="/tags/algorithm">#<!-- -->algorithm</a><a class="hashtag mr-2" target="_self" href="/tags/goorm">#<!-- -->goorm</a><a class="hashtag mr-2" target="_self" href="/tags/graph">#<!-- -->graph</a><a class="hashtag mr-2" target="_self" href="/tags/sort">#<!-- -->sort</a></section><section><div class="text-date-gray inline">Published <time datetime="2023-09-03 21:14">2023-09-03 21:14</time></div></section><section id="post-body-container" class="relative"><div class="markdown"><p></p><div class="img-container"><div class="img-wrap cover"><img src="https://github.com/1ilsang/dev/assets/23524849/14e4940e-d64c-42ce-9ae9-b3db4ace0834" alt="cover"></div></div><p></p>
<blockquote>
<p><a class="underline-highlight-fade" target="_blank" href="https://level.goorm.io/exam/195696/%EC%9E%91%EC%9D%80-%EB%85%B8%EB%93%9C/quiz/1" rel="noreferrer noopener">문제 링크</a></p>
</blockquote>
<p>양방향 그래프에서 시작 점으로부터 더 이상 갈 수 없을 때까지 이동한 뒤 출력하면 되는 문제다.</p>
<h2 id="접근법" data-heading="true"><a data-heading="true" href="#접근법"><span class="icon icon-link"></span></a>접근법</h2>
<figure data-rehype-pretty-code-figure=""><pre tabindex="0" data-language="js" data-theme="material-theme-palenight"><code data-language="js" data-theme="material-theme-palenight" style="display: grid;"><span data-line=""><span style="color:#676E95;font-style:italic">// 양방향 그래프</span></span>
<span data-line=""><span style="color:#BABED8">map[i]</span><span style="color:#89DDFF">.</span><span style="color:#82AAFF">push</span><span style="color:#BABED8">(j)</span><span style="color:#89DDFF">;</span><span style="color:#676E95;font-style:italic"> // i 노드가 j 노드로 방향성을 가지고 있다.</span></span>
<span data-line=""><span style="color:#BABED8">map[j]</span><span style="color:#89DDFF">.</span><span style="color:#82AAFF">push</span><span style="color:#BABED8">(i)</span><span style="color:#89DDFF">;</span><span style="color:#676E95;font-style:italic"> // j 노드가 i 노드로 방향성을 가지고 있다.</span></span>
<span data-line=""><span style="color:#BABED8">console</span><span style="color:#89DDFF">.</span><span style="color:#82AAFF">log</span><span style="color:#BABED8">(map)</span><span style="color:#89DDFF">;</span></span>
<span data-line=""><span style="color:#676E95;font-style:italic">// { i: [j, ...], j: [i, ...] }</span></span></code></pre></figure>
<p>양방향 그래프이기 때문에 그래프를 만들 때 좌우 둘 다 추가해 준다.</p>
<p>각 정점에서 방문하지 않았던 번호가 낮은 노드로 이동하기 때문에 각 <strong>정점의 값은 정렬</strong>되어 있어야 한다.</p>
<figure data-rehype-pretty-code-figure=""><pre tabindex="0" data-language="js" data-theme="material-theme-palenight"><code data-language="js" data-theme="material-theme-palenight" style="display: grid;"><span data-line=""><span style="color:#BABED8">[</span><span style="color:#F78C6C">100</span><span style="color:#89DDFF">,</span><span style="color:#F78C6C"> 30</span><span style="color:#89DDFF">,</span><span style="color:#F78C6C"> 200</span><span style="color:#BABED8">]</span><span style="color:#89DDFF">.</span><span style="color:#82AAFF">sort</span><span style="color:#BABED8">()</span><span style="color:#89DDFF">;</span></span>
<span data-line=""><span style="color:#676E95;font-style:italic">// [100, 200, 30]</span></span></code></pre></figure>
<p>유의. 자바스크립트에서 <code>sort</code>함수에 비교함수 콜백을 작성하지 않으면 <a class="underline-highlight-fade" target="_blank" href="https://wikipedia.org/wiki/ASCII" rel="noreferrer noopener">ASCII</a>값을 기준으로 정렬한다.</p>
<p>따라서 "문자"로 비교하기 때문에 <code>30</code>, <code>100</code>, <code>200</code>이 아닌 첫 번째 문자의 아스키 값의 우선순위에 따라 <code>100</code>, <code>200</code>, <code>30</code>이 출력된다.</p>
<figure data-rehype-pretty-code-figure=""><pre tabindex="0" data-language="js" data-theme="material-theme-palenight"><code data-language="js" data-theme="material-theme-palenight" style="display: grid;"><span data-line=""><span style="color:#676E95;font-style:italic">// a, b중 큰 값은 뒤로(+) 작은 값은 앞으로(-) 가게 된다.</span></span>
<span data-line=""><span style="color:#BABED8">[</span><span style="color:#F78C6C">100</span><span style="color:#89DDFF">,</span><span style="color:#F78C6C"> 30</span><span style="color:#89DDFF">,</span><span style="color:#F78C6C"> 200</span><span style="color:#BABED8">]</span><span style="color:#89DDFF">.</span><span style="color:#82AAFF">sort</span><span style="color:#BABED8">(</span><span style="color:#89DDFF">(</span><span style="color:#BABED8;font-style:italic">a</span><span style="color:#89DDFF">,</span><span style="color:#BABED8;font-style:italic"> b</span><span style="color:#89DDFF">)</span><span style="color:#C792EA"> =&gt;</span><span style="color:#BABED8"> a </span><span style="color:#89DDFF">-</span><span style="color:#BABED8"> b)</span><span style="color:#89DDFF">;</span></span>
<span data-line=""><span style="color:#676E95;font-style:italic">// [30, 100, 200]</span></span>
<span data-line=""> </span>
<span data-line=""><span style="color:#676E95;font-style:italic">// 0이므로 a, b는 서로 변경되지 않는다.</span></span>
<span data-line=""><span style="color:#BABED8">[</span><span style="color:#F78C6C">100</span><span style="color:#89DDFF">,</span><span style="color:#F78C6C"> 30</span><span style="color:#89DDFF">,</span><span style="color:#F78C6C"> 200</span><span style="color:#BABED8">]</span><span style="color:#89DDFF">.</span><span style="color:#82AAFF">sort</span><span style="color:#BABED8">(</span><span style="color:#89DDFF">(</span><span style="color:#BABED8;font-style:italic">a</span><span style="color:#89DDFF">,</span><span style="color:#BABED8;font-style:italic"> b</span><span style="color:#89DDFF">)</span><span style="color:#C792EA"> =&gt;</span><span style="color:#F78C6C"> 0</span><span style="color:#BABED8">)</span><span style="color:#89DDFF">;</span></span>
<span data-line=""><span style="color:#676E95;font-style:italic">// [100, 30, 200]</span></span>
<span data-line=""> </span>
<span data-line=""><span style="color:#676E95;font-style:italic">// a, b중 큰 값은 앞으로(-) 작은 값은 뒤로(+)가게 된다.</span></span>
<span data-line=""><span style="color:#BABED8">[</span><span style="color:#F78C6C">100</span><span style="color:#89DDFF">,</span><span style="color:#F78C6C"> 30</span><span style="color:#89DDFF">,</span><span style="color:#F78C6C"> 200</span><span style="color:#BABED8">]</span><span style="color:#89DDFF">.</span><span style="color:#82AAFF">sort</span><span style="color:#BABED8">(</span><span style="color:#89DDFF">(</span><span style="color:#BABED8;font-style:italic">a</span><span style="color:#89DDFF">,</span><span style="color:#BABED8;font-style:italic"> b</span><span style="color:#89DDFF">)</span><span style="color:#C792EA"> =&gt;</span><span style="color:#BABED8"> b </span><span style="color:#89DDFF">-</span><span style="color:#BABED8"> a)</span><span style="color:#89DDFF">;</span></span>
<span data-line=""><span style="color:#676E95;font-style:italic">// [200, 100, 30]</span></span></code></pre></figure>
<p>따라서 비교 함수 콜백을 통해 정렬의 우선순위를 먼저 지정해야 한다.</p>
<ul>
<li>콜백 함수의 리턴값이 0보다 작은 경우(음수) a를 b보다 낮은 인덱스로 정렬한다(a가 먼저 오므로 오름차순이 됨).</li>
<li>콜백 함수의 리턴값이 0인 경우 a와 b를 서로 변경하지 않고 다른 요소에 대해 정렬한다(현재 두 값으로는 비교 X).</li>
<li>콜백 함수의 리턴값이 0보다 큰 경우(양수) a를 b보다 높은 인덱스로 정렬한다(b가 먼저 오므로 내림차순이 됨).</li>
</ul>
<p>방문한 횟수는 방문(메모) 배열에 값을 추가해 나가다 마지막에 배열 길이를 출력하면 된다.</p>
<h2 id="정리" data-heading="true"><a data-heading="true" href="#정리"><span class="icon icon-link"></span></a>정리</h2>
<ol>
<li>양방향 그래프를 그린다.</li>
<li>메모 배열을 활용해 방문 시 체크해 준다.</li>
<li>마지막 노드와 메모 배열의 길이를 출력한다.</li>
<li><code>sort</code> 함수는 문자(<a class="underline-highlight-fade" target="_blank" href="https://wikipedia.org/wiki/ASCII" rel="noreferrer noopener">ASCII</a>)를 기준으로 정렬하기 때문에 유의해야 한다.</li>
</ol>
<h2 id="최종-코드" data-heading="true"><a data-heading="true" href="#최종-코드"><span class="icon icon-link"></span></a>최종 코드</h2>
<figure data-rehype-pretty-code-figure=""><pre tabindex="0" data-language="js" data-theme="material-theme-palenight"><code data-language="js" data-theme="material-theme-palenight" style="display: grid;"><span data-line=""><span style="color:#C792EA">const</span><span style="color:#BABED8"> readline </span><span style="color:#89DDFF">=</span><span style="color:#82AAFF"> require</span><span style="color:#BABED8">(</span><span style="color:#89DDFF">'</span><span style="color:#C3E88D">readline</span><span style="color:#89DDFF">'</span><span style="color:#BABED8">)</span><span style="color:#89DDFF">;</span></span>
<span data-line=""><span style="color:#C792EA">let</span><span style="color:#BABED8"> rl </span><span style="color:#89DDFF">=</span><span style="color:#BABED8"> readline</span><span style="color:#89DDFF">.</span><span style="color:#82AAFF">createInterface</span><span style="color:#BABED8">(</span><span style="color:#89DDFF">{</span></span>
<span data-line=""><span style="color:#F07178">  input</span><span style="color:#89DDFF">:</span><span style="color:#BABED8"> process</span><span style="color:#89DDFF">.</span><span style="color:#BABED8">stdin</span><span style="color:#89DDFF">,</span></span>
<span data-line=""><span style="color:#F07178">  output</span><span style="color:#89DDFF">:</span><span style="color:#BABED8"> process</span><span style="color:#89DDFF">.</span><span style="color:#BABED8">stdout</span><span style="color:#89DDFF">,</span></span>
<span data-line=""><span style="color:#89DDFF">}</span><span style="color:#BABED8">)</span><span style="color:#89DDFF">;</span></span>
<span data-line=""><span style="color:#C792EA">const</span><span style="color:#BABED8"> input </span><span style="color:#89DDFF">=</span><span style="color:#BABED8"> []</span><span style="color:#89DDFF">;</span></span>
<span data-line=""><span style="color:#BABED8">rl</span><span style="color:#89DDFF">.</span><span style="color:#82AAFF">on</span><span style="color:#BABED8">(</span><span style="color:#89DDFF">'</span><span style="color:#C3E88D">line</span><span style="color:#89DDFF">'</span><span style="color:#89DDFF">,</span><span style="color:#89DDFF"> (</span><span style="color:#BABED8;font-style:italic">line</span><span style="color:#89DDFF">)</span><span style="color:#C792EA"> =&gt;</span><span style="color:#89DDFF"> {</span></span>
<span data-line=""><span style="color:#BABED8">  input</span><span style="color:#89DDFF">.</span><span style="color:#82AAFF">push</span><span style="color:#F07178">(</span><span style="color:#BABED8">line</span><span style="color:#F07178">)</span><span style="color:#89DDFF">;</span></span>
<span data-line=""><span style="color:#89DDFF">}</span><span style="color:#BABED8">)</span><span style="color:#89DDFF">;</span></span>
<span data-line=""> </span>
<span data-line=""><span style="color:#BABED8">rl</span><span style="color:#89DDFF">.</span><span style="color:#82AAFF">on</span><span style="color:#BABED8">(</span><span style="color:#89DDFF">'</span><span style="color:#C3E88D">close</span><span style="color:#89DDFF">'</span><span style="color:#89DDFF">,</span><span style="color:#89DDFF"> ()</span><span style="color:#C792EA"> =&gt;</span><span style="color:#89DDFF"> {</span></span>
<span data-line=""><span style="color:#C792EA">  const</span><span style="color:#BABED8"> map</span><span style="color:#89DDFF"> =</span><span style="color:#89DDFF"> {};</span></span>
<span data-line=""> </span>
<span data-line=""><span style="color:#C792EA">  const</span><span style="color:#89DDFF"> [</span><span style="color:#BABED8">n</span><span style="color:#89DDFF">,</span><span style="color:#BABED8"> m</span><span style="color:#89DDFF">,</span><span style="color:#BABED8"> k</span><span style="color:#89DDFF">]</span><span style="color:#89DDFF"> =</span><span style="color:#BABED8"> input</span><span style="color:#F07178">[</span><span style="color:#F78C6C">0</span><span style="color:#F07178">]</span><span style="color:#89DDFF">.</span><span style="color:#82AAFF">split</span><span style="color:#F07178">(</span><span style="color:#89DDFF">'</span><span style="color:#89DDFF"> '</span><span style="color:#F07178">)</span><span style="color:#89DDFF">.</span><span style="color:#82AAFF">map</span><span style="color:#F07178">(</span><span style="color:#BABED8">Number</span><span style="color:#F07178">)</span><span style="color:#89DDFF">;</span></span>
<span data-line=""><span style="color:#89DDFF;font-style:italic">  for</span><span style="color:#F07178"> (</span><span style="color:#C792EA">const</span><span style="color:#BABED8"> line</span><span style="color:#89DDFF"> of</span><span style="color:#BABED8"> input</span><span style="color:#89DDFF">.</span><span style="color:#82AAFF">slice</span><span style="color:#F07178">(</span><span style="color:#F78C6C">1</span><span style="color:#F07178">)) </span><span style="color:#89DDFF">{</span></span>
<span data-line=""><span style="color:#C792EA">    const</span><span style="color:#89DDFF"> [</span><span style="color:#BABED8">i</span><span style="color:#89DDFF">,</span><span style="color:#BABED8"> j</span><span style="color:#89DDFF">]</span><span style="color:#89DDFF"> =</span><span style="color:#BABED8"> line</span><span style="color:#89DDFF">.</span><span style="color:#82AAFF">split</span><span style="color:#F07178">(</span><span style="color:#89DDFF">'</span><span style="color:#89DDFF"> '</span><span style="color:#F07178">)</span><span style="color:#89DDFF">.</span><span style="color:#82AAFF">map</span><span style="color:#F07178">(</span><span style="color:#BABED8">Number</span><span style="color:#F07178">)</span><span style="color:#89DDFF">;</span></span>
<span data-line=""><span style="color:#89DDFF;font-style:italic">    if</span><span style="color:#F07178"> (</span><span style="color:#89DDFF">!</span><span style="color:#BABED8">map</span><span style="color:#F07178">[</span><span style="color:#BABED8">i</span><span style="color:#F07178">]) </span><span style="color:#BABED8">map</span><span style="color:#F07178">[</span><span style="color:#BABED8">i</span><span style="color:#F07178">] </span><span style="color:#89DDFF">=</span><span style="color:#F07178"> []</span><span style="color:#89DDFF">;</span></span>
<span data-line=""><span style="color:#89DDFF;font-style:italic">    if</span><span style="color:#F07178"> (</span><span style="color:#89DDFF">!</span><span style="color:#BABED8">map</span><span style="color:#F07178">[</span><span style="color:#BABED8">j</span><span style="color:#F07178">]) </span><span style="color:#BABED8">map</span><span style="color:#F07178">[</span><span style="color:#BABED8">j</span><span style="color:#F07178">] </span><span style="color:#89DDFF">=</span><span style="color:#F07178"> []</span><span style="color:#89DDFF">;</span></span>
<span data-line=""><span style="color:#676E95;font-style:italic">    // 양방향 그래프 생성</span></span>
<span data-line=""><span style="color:#BABED8">    map</span><span style="color:#F07178">[</span><span style="color:#BABED8">i</span><span style="color:#F07178">]</span><span style="color:#89DDFF">.</span><span style="color:#82AAFF">push</span><span style="color:#F07178">(</span><span style="color:#BABED8">j</span><span style="color:#F07178">)</span><span style="color:#89DDFF">;</span></span>
<span data-line=""><span style="color:#BABED8">    map</span><span style="color:#F07178">[</span><span style="color:#BABED8">j</span><span style="color:#F07178">]</span><span style="color:#89DDFF">.</span><span style="color:#82AAFF">push</span><span style="color:#F07178">(</span><span style="color:#BABED8">i</span><span style="color:#F07178">)</span><span style="color:#89DDFF">;</span></span>
<span data-line=""><span style="color:#89DDFF">  }</span></span>
<span data-line=""> </span>
<span data-line=""><span style="color:#676E95;font-style:italic">  // k 노드부터 출발할 예정이므로 메모와 last 값을 초기화한다.</span></span>
<span data-line=""><span style="color:#C792EA">  const</span><span style="color:#BABED8"> memo</span><span style="color:#89DDFF"> =</span><span style="color:#F07178"> [</span><span style="color:#BABED8">k</span><span style="color:#F07178">]</span><span style="color:#89DDFF">;</span></span>
<span data-line=""><span style="color:#C792EA">  let</span><span style="color:#BABED8"> last</span><span style="color:#89DDFF"> =</span><span style="color:#BABED8"> k</span><span style="color:#89DDFF">;</span></span>
<span data-line=""><span style="color:#89DDFF;font-style:italic">  while</span><span style="color:#F07178"> (</span><span style="color:#FF9CAC">true</span><span style="color:#F07178">) </span><span style="color:#89DDFF">{</span></span>
<span data-line=""><span style="color:#676E95;font-style:italic">    // 현재 노드의 값이 없다면 이어진 정점이 없으므로 탈출한다.</span></span>
<span data-line=""><span style="color:#89DDFF;font-style:italic">    if</span><span style="color:#F07178"> (</span><span style="color:#89DDFF">!</span><span style="color:#BABED8">map</span><span style="color:#F07178">[</span><span style="color:#BABED8">last</span><span style="color:#F07178">]) </span><span style="color:#89DDFF;font-style:italic">break</span><span style="color:#89DDFF">;</span></span>
<span data-line=""><span style="color:#C792EA">    const</span><span style="color:#BABED8"> next</span><span style="color:#89DDFF"> =</span><span style="color:#BABED8"> map</span><span style="color:#F07178">[</span><span style="color:#BABED8">last</span><span style="color:#F07178">]</span></span>
<span data-line=""><span style="color:#89DDFF">      .</span><span style="color:#82AAFF">filter</span><span style="color:#F07178">(</span><span style="color:#89DDFF">(</span><span style="color:#BABED8;font-style:italic">node</span><span style="color:#89DDFF">)</span><span style="color:#C792EA"> =&gt;</span><span style="color:#89DDFF"> !</span><span style="color:#BABED8">memo</span><span style="color:#89DDFF">.</span><span style="color:#82AAFF">includes</span><span style="color:#F07178">(</span><span style="color:#BABED8">node</span><span style="color:#F07178">)) </span><span style="color:#676E95;font-style:italic">// 방문한 적이 없는 값들만 필터링한다.</span></span>
<span data-line=""><span style="color:#89DDFF">      .</span><span style="color:#82AAFF">sort</span><span style="color:#F07178">(</span><span style="color:#89DDFF">(</span><span style="color:#BABED8;font-style:italic">a</span><span style="color:#89DDFF">,</span><span style="color:#BABED8;font-style:italic"> b</span><span style="color:#89DDFF">)</span><span style="color:#C792EA"> =&gt;</span><span style="color:#BABED8"> a</span><span style="color:#89DDFF"> -</span><span style="color:#BABED8"> b</span><span style="color:#F07178">)[</span><span style="color:#F78C6C">0</span><span style="color:#F07178">]</span><span style="color:#89DDFF">;</span><span style="color:#676E95;font-style:italic"> // 방문하지 않은 정점들을 오름차순 정렬해 첫 번째 값을 꺼낸다.</span></span>
<span data-line=""><span style="color:#89DDFF;font-style:italic">    if</span><span style="color:#F07178"> (</span><span style="color:#89DDFF">!</span><span style="color:#BABED8">next</span><span style="color:#F07178">) </span><span style="color:#89DDFF;font-style:italic">break</span><span style="color:#89DDFF">;</span><span style="color:#676E95;font-style:italic"> // next가 없다면 해당 노드에서 갈 수 있는 모든 정점을 방문한 상태이므로 종료한다.</span></span>
<span data-line=""><span style="color:#BABED8">    last</span><span style="color:#89DDFF"> =</span><span style="color:#BABED8"> next</span><span style="color:#89DDFF">;</span><span style="color:#676E95;font-style:italic"> // 마지막 노드를 갱신한다.</span></span>
<span data-line=""><span style="color:#BABED8">    memo</span><span style="color:#89DDFF">.</span><span style="color:#82AAFF">push</span><span style="color:#F07178">(</span><span style="color:#BABED8">last</span><span style="color:#F07178">)</span><span style="color:#89DDFF">;</span><span style="color:#676E95;font-style:italic"> // 메모에 마지막 노드를 추가한다.</span></span>
<span data-line=""><span style="color:#89DDFF">  }</span></span>
<span data-line=""><span style="color:#BABED8">  console</span><span style="color:#89DDFF">.</span><span style="color:#82AAFF">log</span><span style="color:#F07178">(</span><span style="color:#89DDFF">`${</span><span style="color:#BABED8">memo</span><span style="color:#89DDFF">.</span><span style="color:#BABED8">length</span><span style="color:#89DDFF">}</span><span style="color:#89DDFF"> ${</span><span style="color:#BABED8">last</span><span style="color:#89DDFF">}`</span><span style="color:#F07178">)</span><span style="color:#89DDFF">;</span></span>
<span data-line=""><span style="color:#89DDFF">}</span><span style="color:#BABED8">)</span><span style="color:#89DDFF">;</span></span></code></pre></figure></div><aside class="floating-container"><ul class="list"><li data-id="접근법" class="item">접근법</li><li data-id="정리" class="item">정리</li><li data-id="최종-코드" class="item">최종 코드</li></ul></aside></section><a class="highlighter issue-post" href="https://github.com/1ilsang/dev/issues/new?labels=🧊 comment&amp;assignees=1ilsang&amp;title=[🧊] %5B%EA%B5%AC%EB%A6%84%ED%86%A4%20%EC%B1%8C%EB%A6%B0%EC%A7%80%5D%20%EC%9E%91%EC%9D%80%20%EB%85%B8%EB%93%9C&amp;body=<!-- 환영합니다. 이슈 남겨주시면 빠르게 답변드리겠습니다. 🙇 -->" rel="noopener noreferrer" target="_blank">📮 이 포스트에 관심 있으신가요? 이슈를 남겨주세요! 👍</a><div class="flex items-center mt-1.5 mb-56"><div>☕ 소주 한 잔 후원하기</div><sub>(예금주: 이상철)</sub><img class="w-20 cursor-pointer object-contain hover:animate-bouncing" src="/assets/logo/toss-pay.webp" alt="toss"><img class="w-12 cursor-pointer object-contain hover:animate-bouncing" src="/assets/logo/kakao-pay.webp" alt="kakao"></div></div><footer class="footer"><ul><li><a href="/about">1ilsang</a></li><li><a rel="noopener noreferrer" target="_blank" href="https://github.com/1ilsang">GitHub</a></li><li><a href="https://www.linkedin.com/in/1ilsang" rel="noopener noreferrer" target="_blank">LinkedIn</a></li></ul></footer>