<div class="nav-loading"><progress value="0" max="1"></progress></div><nav class="nav flex-wrap water-rainbow post-nav-trans nav-shadow"><h2 class="tracking-tight focus:text-gray-700 text-2xl font-bold mt-2 mb-2 ml-3.5"><a class="hover-underline" href="/">1ilsang</a></h2><div class="flex"><h2 class="tracking-tight focus:text-gray-700 text-xl mt-2.5 mr-6"><a class="hover-underline" href="/posts">posts</a></h2><h2 class="tracking-tight focus:text-gray-700 text-xl mt-2.5 mr-6"><a class="hover-underline" href="/tags">tags</a></h2><div class="rounded-full mr-2 relative nav-avatar"><a href="/about"><img src="/assets/chul.png" alt="1ilsang"></a></div></div></nav><div class="post-container"><h1 class="post-header">[구름톤 챌린지] 이진수 정렬</h1><div class="post-profile-container"><div class="flex items-center"><div class="rounded-full mr-2 relative avatar-image"><a href="/about"><img src="/assets/chul.png" alt="1ilsang"></a></div><div><a class="avatar-name" href="/about">1ilsang</a><div class="avatar-description">클라이밍 하실래염?</div></div></div></div><div class="flex flex-wrap mt-2 items-end"><a class="hashtag mr-2" target="_self" href="/tags/algorithm">#<!-- -->algorithm</a><a class="hashtag mr-2" target="_self" href="/tags/goorm">#<!-- -->goorm</a><a class="hashtag mr-2" target="_self" href="/tags/binary">#<!-- -->binary</a><a class="hashtag mr-2" target="_self" href="/tags/memoization">#<!-- -->memoization</a></div><div class="date-published"><time class="date-format" datetime="2023-08-21 21:56">2023-08-21 21:56</time> published</div><div class="post-body-container"><div class="markdown"><p></p><div class="img-container"><div class="img-wrap cover"><img src="https://github.com/1ilsang/dev/assets/23524849/0ca5d93d-d603-4bd7-91e7-1bfae12f4e5e" alt="cover"></div></div><p></p>
<blockquote>
<p><a class="underline-highlight-fade" target="_blank" href="https://level.goorm.io/exam/195687/%EC%9D%B4%EC%A7%84%EC%88%98-%EC%A0%95%EB%A0%AC" rel="noreferrer noopener">문제 링크</a></p>
</blockquote>
<p>10진수 숫자를 2진법으로 변환후 1의 개수가 가장 많은 순부터 정렬해 K번째 위치 값을 출력하면 되는 문제다.</p>
<h2 id="접근법" data-heading="true"><a data-heading="true" href="#접근법"><span class="icon icon-link"></span></a>접근법</h2>
<p>N을 순회하면서 각각 2진수로 변환하고 그 값을 저장해 나간다면(<code>O(N^2)</code>) 너무 재미없다.</p>
<p>따라서 우리는 메모를 사용해 이전 값을 활용해 다음 값을 구해 나갈 것이다. 이 방법을 사용하면 <code>O(N)</code>으로 처리가 가능하다.</p>
<figure data-rehype-pretty-code-figure=""><pre tabindex="0" data-language="js" data-theme="material-theme-palenight"><code data-language="js" data-theme="material-theme-palenight" style="display: grid;"><span data-line=""><span style="color:#676E95;font-style:italic">// 숫자별 1의 개수를 정리해 본다.</span></span>
<span data-line=""><span style="color:#676E95;font-style:italic">// Index: [0,1,2,3,4,5,6,7,8,9];</span></span>
<span data-line=""><span style="color:#676E95;font-style:italic">// Count: [0,1,1,2,1,2,2,3,1,2];</span></span></code></pre></figure>
<p>9까지의 수를 2진수의 개수로 표현하면 위의 표와 같아진다. 여기서 우리는 두 가지 패턴을 찾을 수 있다.</p>
<ol>
<li>2의 지수승(2^n)은 무조건 1이다(1, 2, 4, 8은 2진수에서 무조건 1이다).</li>
<li><strong>현재 값에서 2를 나눈 값의 1의 개수와 현재 값을 2로 나눈 나머지를 더하면 현재 값의 1의 개수가 된다.</strong></li>
</ol>
<p><em>7을 기준으로 해보자.</em></p>
<figure data-rehype-pretty-code-figure=""><pre tabindex="0" data-language="md" data-theme="material-theme-palenight"><code data-language="md" data-theme="material-theme-palenight" style="display: grid;"><span data-line=""><span style="color:#BABED8">7/2 = 3 =&gt; 2</span></span>
<span data-line=""><span style="color:#BABED8">7%2 = 1</span></span>
<span data-line=""><span style="color:#BABED8">=&gt; 7 = 3</span></span></code></pre></figure>
<ul>
<li>7을 2로 나누면 3이 된다. 위의 표에서 3의 1 개수는 2이다.</li>
<li>7을 2로 나눈 나머지는 1이다.</li>
<li>2 + 1 = 3이므로 7은 3이 된다.</li>
</ul>
<p>이전 값을 알면 현재 값을 손쉽게 구할 수 있게 되었다.</p>
<p>그러므로 2부터 포문을 돌리면서 메모 배열을 만들고 최댓값을 찾아나가면 된다.</p>
<h2 id="정리" data-heading="true"><a data-heading="true" href="#정리"><span class="icon icon-link"></span></a>정리</h2>
<ol>
<li>메모이제이션을 활용해 들어올 수 있는 숫자의 최댓값 <code>2^20</code>(1048576)까지 이진수의 개수를 구한다.</li>
<li>N을 메모이제이션 배열로 정렬한다.</li>
<li>K 번 인덱스의 값을 출력한다.</li>
</ol>
<h2 id="최종-코드" data-heading="true"><a data-heading="true" href="#최종-코드"><span class="icon icon-link"></span></a>최종 코드</h2>
<figure data-rehype-pretty-code-figure=""><pre tabindex="0" data-language="js" data-theme="material-theme-palenight"><code data-language="js" data-theme="material-theme-palenight" style="display: grid;"><span data-line=""><span style="color:#C792EA">let</span><span style="color:#BABED8"> N</span><span style="color:#89DDFF">,</span><span style="color:#BABED8"> K</span><span style="color:#89DDFF">;</span></span>
<span data-line=""><span style="color:#BABED8">rl</span><span style="color:#89DDFF">.</span><span style="color:#82AAFF">on</span><span style="color:#BABED8">(</span><span style="color:#89DDFF">'</span><span style="color:#C3E88D">line</span><span style="color:#89DDFF">'</span><span style="color:#89DDFF">,</span><span style="color:#89DDFF"> (</span><span style="color:#BABED8;font-style:italic">line</span><span style="color:#89DDFF">)</span><span style="color:#C792EA"> =&gt;</span><span style="color:#89DDFF"> {</span></span>
<span data-line=""><span style="color:#89DDFF;font-style:italic">  if</span><span style="color:#F07178"> (</span><span style="color:#89DDFF">typeof</span><span style="color:#BABED8"> N</span><span style="color:#89DDFF"> ===</span><span style="color:#89DDFF"> '</span><span style="color:#C3E88D">undefined</span><span style="color:#89DDFF">'</span><span style="color:#F07178">) </span><span style="color:#89DDFF">{</span></span>
<span data-line=""><span style="color:#C792EA">    const</span><span style="color:#89DDFF"> [</span><span style="color:#BABED8">n</span><span style="color:#89DDFF">,</span><span style="color:#BABED8"> k</span><span style="color:#89DDFF">]</span><span style="color:#89DDFF"> =</span><span style="color:#BABED8"> line</span><span style="color:#89DDFF">.</span><span style="color:#82AAFF">split</span><span style="color:#F07178">(</span><span style="color:#89DDFF">'</span><span style="color:#89DDFF"> '</span><span style="color:#F07178">)</span><span style="color:#89DDFF">.</span><span style="color:#82AAFF">map</span><span style="color:#F07178">(</span><span style="color:#89DDFF">(</span><span style="color:#BABED8;font-style:italic">num</span><span style="color:#89DDFF">)</span><span style="color:#C792EA"> =&gt;</span><span style="color:#82AAFF"> Number</span><span style="color:#F07178">(</span><span style="color:#BABED8">num</span><span style="color:#F07178">))</span><span style="color:#89DDFF">;</span></span>
<span data-line=""><span style="color:#BABED8">    N</span><span style="color:#89DDFF"> =</span><span style="color:#BABED8"> n</span><span style="color:#89DDFF">;</span></span>
<span data-line=""><span style="color:#BABED8">    K</span><span style="color:#89DDFF"> =</span><span style="color:#BABED8"> k</span><span style="color:#89DDFF">;</span></span>
<span data-line=""><span style="color:#89DDFF;font-style:italic">    return</span><span style="color:#89DDFF">;</span></span>
<span data-line=""><span style="color:#89DDFF">  }</span></span>
<span data-line=""><span style="color:#C792EA">  const</span><span style="color:#BABED8"> nums</span><span style="color:#89DDFF"> =</span><span style="color:#BABED8"> line</span><span style="color:#89DDFF">.</span><span style="color:#82AAFF">split</span><span style="color:#F07178">(</span><span style="color:#89DDFF">'</span><span style="color:#89DDFF"> '</span><span style="color:#F07178">)</span><span style="color:#89DDFF">.</span><span style="color:#82AAFF">map</span><span style="color:#F07178">(</span><span style="color:#89DDFF">(</span><span style="color:#BABED8;font-style:italic">num</span><span style="color:#89DDFF">)</span><span style="color:#C792EA"> =&gt;</span><span style="color:#82AAFF"> Number</span><span style="color:#F07178">(</span><span style="color:#BABED8">num</span><span style="color:#F07178">))</span><span style="color:#89DDFF">;</span></span>
<span data-line=""><span style="color:#C792EA">  const</span><span style="color:#BABED8"> memo</span><span style="color:#89DDFF"> =</span><span style="color:#F07178"> [</span><span style="color:#F78C6C">0</span><span style="color:#89DDFF">,</span><span style="color:#F78C6C"> 1</span><span style="color:#F07178">]</span><span style="color:#89DDFF">;</span></span>
<span data-line=""> </span>
<span data-line=""><span style="color:#676E95;font-style:italic">  // 메모 처리</span></span>
<span data-line=""><span style="color:#89DDFF;font-style:italic">  for</span><span style="color:#F07178"> (</span><span style="color:#C792EA">let</span><span style="color:#BABED8"> i</span><span style="color:#89DDFF"> =</span><span style="color:#F78C6C"> 2</span><span style="color:#89DDFF">;</span><span style="color:#BABED8"> i</span><span style="color:#89DDFF"> &lt;=</span><span style="color:#F78C6C"> 1048576</span><span style="color:#89DDFF">;</span><span style="color:#BABED8"> i</span><span style="color:#89DDFF">++</span><span style="color:#F07178">) </span><span style="color:#89DDFF">{</span></span>
<span data-line=""><span style="color:#C792EA">    const</span><span style="color:#BABED8"> before</span><span style="color:#89DDFF"> =</span><span style="color:#BABED8"> memo</span><span style="color:#F07178">[</span><span style="color:#BABED8">Math</span><span style="color:#89DDFF">.</span><span style="color:#82AAFF">floor</span><span style="color:#F07178">(</span><span style="color:#BABED8">i</span><span style="color:#89DDFF"> /</span><span style="color:#F78C6C"> 2</span><span style="color:#F07178">)]</span><span style="color:#89DDFF">;</span></span>
<span data-line=""><span style="color:#C792EA">    const</span><span style="color:#BABED8"> remain</span><span style="color:#89DDFF"> =</span><span style="color:#BABED8"> i</span><span style="color:#89DDFF"> %</span><span style="color:#F78C6C"> 2</span><span style="color:#89DDFF">;</span></span>
<span data-line=""><span style="color:#BABED8">    memo</span><span style="color:#F07178">[</span><span style="color:#BABED8">i</span><span style="color:#F07178">] </span><span style="color:#89DDFF">=</span><span style="color:#BABED8"> before</span><span style="color:#89DDFF"> +</span><span style="color:#BABED8"> remain</span><span style="color:#89DDFF">;</span></span>
<span data-line=""><span style="color:#89DDFF">  }</span></span>
<span data-line=""> </span>
<span data-line=""><span style="color:#676E95;font-style:italic">  // input을 순회하면서 메모 값을 기준으로 정렬한다.</span></span>
<span data-line=""><span style="color:#C792EA">  const</span><span style="color:#BABED8"> sortedList</span><span style="color:#89DDFF"> =</span><span style="color:#BABED8"> nums</span><span style="color:#89DDFF">.</span><span style="color:#82AAFF">sort</span><span style="color:#F07178">(</span><span style="color:#89DDFF">(</span><span style="color:#BABED8;font-style:italic">a</span><span style="color:#89DDFF">,</span><span style="color:#BABED8;font-style:italic"> b</span><span style="color:#89DDFF">)</span><span style="color:#C792EA"> =&gt;</span><span style="color:#89DDFF"> {</span></span>
<span data-line=""><span style="color:#C792EA">    const</span><span style="color:#BABED8"> am</span><span style="color:#89DDFF"> =</span><span style="color:#BABED8"> memo</span><span style="color:#F07178">[</span><span style="color:#BABED8">a</span><span style="color:#F07178">]</span><span style="color:#89DDFF">;</span></span>
<span data-line=""><span style="color:#C792EA">    const</span><span style="color:#BABED8"> bm</span><span style="color:#89DDFF"> =</span><span style="color:#BABED8"> memo</span><span style="color:#F07178">[</span><span style="color:#BABED8">b</span><span style="color:#F07178">]</span><span style="color:#89DDFF">;</span></span>
<span data-line=""><span style="color:#676E95;font-style:italic">    // 만약 메모 값이 같다면(1의 개수가 동일하다면) 10진수를 기준으로 정렬</span></span>
<span data-line=""><span style="color:#89DDFF;font-style:italic">    if</span><span style="color:#F07178"> (</span><span style="color:#BABED8">am</span><span style="color:#89DDFF"> ===</span><span style="color:#BABED8"> bm</span><span style="color:#F07178">) </span><span style="color:#89DDFF">{</span></span>
<span data-line=""><span style="color:#89DDFF;font-style:italic">      return</span><span style="color:#BABED8"> b</span><span style="color:#89DDFF"> -</span><span style="color:#BABED8"> a</span><span style="color:#89DDFF">;</span></span>
<span data-line=""><span style="color:#89DDFF">    }</span></span>
<span data-line=""><span style="color:#89DDFF;font-style:italic">    return</span><span style="color:#BABED8"> bm</span><span style="color:#89DDFF"> -</span><span style="color:#BABED8"> am</span><span style="color:#89DDFF">;</span></span>
<span data-line=""><span style="color:#89DDFF">  }</span><span style="color:#F07178">)</span><span style="color:#89DDFF">;</span></span>
<span data-line=""> </span>
<span data-line=""><span style="color:#BABED8">  console</span><span style="color:#89DDFF">.</span><span style="color:#82AAFF">log</span><span style="color:#F07178">(</span><span style="color:#BABED8">sortedList</span><span style="color:#F07178">[</span><span style="color:#BABED8">K</span><span style="color:#89DDFF"> -</span><span style="color:#F78C6C"> 1</span><span style="color:#F07178">])</span><span style="color:#89DDFF">;</span></span>
<span data-line=""><span style="color:#BABED8">  rl</span><span style="color:#89DDFF">.</span><span style="color:#82AAFF">close</span><span style="color:#F07178">()</span><span style="color:#89DDFF">;</span></span>
<span data-line=""><span style="color:#89DDFF">}</span><span style="color:#BABED8">)</span><span style="color:#89DDFF">;</span></span></code></pre></figure></div><aside class="floating-container"><ul class="list"><li data-id="접근법" class="item">접근법</li><li data-id="정리" class="item">정리</li><li data-id="최종-코드" class="item">최종 코드</li></ul></aside></div><a class="highlighter issue-post" href="https://github.com/1ilsang/dev/issues/new?labels=🧊 comment&amp;assignees=1ilsang&amp;title=[🧊] %5B%EA%B5%AC%EB%A6%84%ED%86%A4%20%EC%B1%8C%EB%A6%B0%EC%A7%80%5D%20%EC%9D%B4%EC%A7%84%EC%88%98%20%EC%A0%95%EB%A0%AC&amp;body=<!-- 환영합니다. 이슈 남겨주시면 빠르게 답변드리겠습니다. 🙇 -->" rel="noopener noreferrer" target="_blank">📮 이 포스트에 관심 있으신가요? 이슈를 남겨주세요! 👍</a></div><footer class="footer"><ul><li><a href="/about">1ilsang</a></li><li><a rel="noopener noreferrer" target="_blank" href="https://github.com/1ilsang">GitHub</a></li><li><a href="https://www.linkedin.com/in/1ilsang" rel="noopener noreferrer" target="_blank">LinkedIn</a></li></ul></footer>