<main class="post-layout"><div class="nav-loading"><progress value="7360" max="1"></progress></div><nav class="nav flex-wrap water-rainbow post-nav-trans nav-shadow"><h2 class="tracking-tight focus:text-gray-700 text-2xl font-bold mt-2 mb-2 ml-3.5"><a class="hover-underline" href="/">1ilsang</a></h2><div class="flex"><h2 class="tracking-tight focus:text-gray-700 text-xl mt-2.5 mr-6"><a class="hover-underline" href="/posts">posts</a></h2><h2 class="tracking-tight focus:text-gray-700 text-xl mt-2.5 mr-6"><a class="hover-underline" href="/tags">tags</a></h2><div class="rounded-full mr-2 relative nav-avatar"><a href="/about"><img src="/assets/chul.png" alt="1ilsang"></a></div></div></nav><div class="post-container"><h1 class="post-header">Junction Asia 2023 참여 후기</h1><div class="post-profile-container"><div class="flex items-center"><div class="rounded-full mr-2 relative avatar-image"><a href="/about"><img src="/assets/chul.png" alt="1ilsang"></a></div><div><a class="avatar-name" href="/about">1ilsang</a><div class="avatar-description">클라이밍 하실래염?</div></div></div></div><div class="flex flex-wrap mt-2 items-end"><a class="hashtag mr-2" target="_self" href="/tags/activity">#<!-- -->activity</a><a class="hashtag mr-2" target="_self" href="/tags/hackathon">#<!-- -->hackathon</a><a class="hashtag mr-2" target="_self" href="/tags/junction2023">#<!-- -->junction2023</a><a class="hashtag mr-2" target="_self" href="/tags/busan">#<!-- -->busan</a></div><div class="date-published"><time class="date-format" datetime="2023-08-23 19:58">2023-08-23 19:58</time> published</div><div class="post-body-container"><div class="markdown"><p></p><div class="img-wrap"><img src="https://github.com/1ilsang/dev/assets/23524849/44f4e6a0-d7d7-4ed9-9e0a-110caba63c9b" alt="cover" class="cover"></div><p></p>
<p>작년 2022 정션에 참여했던 친구들의 피드백이 상당히 좋았기 때문에 올해는 꼭 참여해 보고 싶었던 해커톤이다.</p>
<p>모집 포스터가 올라오자마자 일정 확인 후 바로 휴가 썻다ㅋ. 가보자고!</p>
<h2 id="지원-과정" data-heading="true"><a data-heading="true" href="#지원-과정"><span class="icon icon-link"></span></a>지원 과정</h2>
<p>나는 사전에 팀을 구성해서 지원했는데 개인으로도 지원할 수 있다.</p>
<p>팀으로 지원할 경우 디자이너, 개발자, 기획자가 각각 최소 한명 이상 5인으로 구성되어야 한다.</p>
<p>선발 과정은 서류전형 한 번으로 이루어져 있다.</p>
<p>간단한 자소서와 티셔츠 사이즈 등의 설문을 완료하면 지원이 끝난다.</p>
<p></p><div class="img-wrap"><img src="https://github.com/1ilsang/dev/assets/23524849/a49950da-894c-46b3-8b53-8505e0d5dc49" alt="pass"></div><p></p>
<p>다행히도 합격 발표가 났다!</p>
<h2 id="부산-도착" data-heading="true"><a data-heading="true" href="#부산-도착"><span class="icon icon-link"></span></a>부산 도착</h2>
<p></p><div class="img-wrap"><img src="https://github.com/1ilsang/dev/assets/23524849/e5d1cf04-7c2d-4729-a81d-969b5a2d95d7" alt="entry" class="l"></div><p></p>
<p>작년에는 숙소 제공도 있었는데 이번엔 없었다. 파트너사도 작년과는 많이 달라져서 조금 아쉬웠다.</p>
<p>그래도 해커톤 자체가 거의 3년 만에 참여하는 거라 상당히 들뜬 마음으로 부산에 갈 수 있었다.</p>
<p>해커톤은 금~일 2박 3일간 진행되었고 접수는 오후 6시부터였다. 접수 전에 스폰서와의 사전 미팅 시간도 있는데 간단한 네트워킹 자리다.</p>
<p>공식 언어가 영어이기 때문에 겁을 많이 먹었는데 대부분이 한국인이라 큰 어려움은 없었다.</p>
<h2 id="첫날-아이데이션" data-heading="true"><a data-heading="true" href="#첫날-아이데이션"><span class="icon icon-link"></span></a>첫날: 아이데이션</h2>
<p></p><div class="img-wrap"><img src="https://github.com/1ilsang/dev/assets/23524849/8a9fa7e1-e5af-4523-b45c-588ab03f0a38" alt="start" class="l"></div><p></p>
<p>첫날에는 트랙 공개 및 첫 번쨰 미션이 주어졌다.</p>
<p>트랙은 아래의 5가지였는데 잘 기억이 안 나서 핵심 주제는 다를 수 있다. 뉘앙스만 봐주시길</p>
<ol>
<li>공공/빅데이터를 활용한 사회문제 해결</li>
<li>로봇이 만드는 음식의 인식 개선</li>
<li>전자 라벨 솔루션</li>
<li>관광 이동 수단 개선? 관광의 재미 솔루션</li>
<li>배달 음식 생태계? 구조 개선</li>
</ol>
<p>미션은 트랙을 선정하고 어떤 것을 개발할지 기획해서 제출하면 됐다.</p>
<p>우리는 3번 전자 라벨을 선택했고 상품에만 사용되는 전자 라벨을 사원증에도 사용할 수 있도록 하여 시장을 넓히는 것을 목표로 기획했다.</p>
<br>
<p></p><div class="img-wrap"><img src="https://github.com/1ilsang/dev/assets/23524849/c2e87507-3ec1-4fdf-99e0-5c55a2dd2153" alt="event" class="l"></div><p></p>
<p>해커톤의 또 다른 재미는 사이드부스인데 정션은 부스 컨셉들이 재밌었다. 빙고 채우는 재미가 있었음.</p>
<p>구석 한켠에 빈백을 쭉 설치해 놓아서 피곤할 때 리차지하고 올 수 있었다.</p>
<p>다들 여기서 떨면서 잠들었는데 매우 슬픔이었다.</p>
<h2 id="둘째-날-개발" data-heading="true"><a data-heading="true" href="#둘째-날-개발"><span class="icon icon-link"></span></a>둘째 날: 개발</h2>
<p></p><div class="img-wrap"><img src="https://github.com/1ilsang/dev/assets/23524849/593eddcf-6435-4504-814c-290b1efbe95b" alt="web" class="l"></div><p></p>
<p>우리는 전자 라벨을 사원증으로 확장하는 것을 목표로 기획을 잡았기 때문에 전자 라벨에서 회사의 다양한 정보를 얻을 수 있도록 하고자 하였다.</p>
<p>따라서 전자 라벨과 연동된 CMS 페이지를 개발하고 페이지에서 라벨의 색, 이미지, 문구 등을 수정할 수 있게 하고 회의 스케줄을 받을 수 있도록 하였다.</p>
<blockquote>
<p><a target="_blank" href="https://github.com/junction-asia-2023/just-label" rel="noreferrer noopener">https://github.com/junction-asia-2023/just-label</a></p>
</blockquote>
<p>스폰서 API를 활용해 라벨과 통신했고 CMS 페이지는 Vite, React, Jotai, React-Query로 구성했다.</p>
<p>생각보다 페이지 찍는게 시간이 좀 걸렸다. 역시 CSS는 너무 어려운것심</p>
<p></p><div class="img-wrap"><img src="https://github.com/1ilsang/dev/assets/23524849/4dbfdaf6-5780-4227-95e0-93e6d91492bd" alt="spa"></div><p></p>
<p>밤에는 정션에서 제공해준 센텀 스파권으로 찜질방에 갔는데 진짜 너무 좋아서 그대로 쭉 있고 싶었다.</p>
<h2 id="셋째-날-발표" data-heading="true"><a data-heading="true" href="#셋째-날-발표"><span class="icon icon-link"></span></a>셋째 날: 발표</h2>
<p></p><div class="img-wrap"><img src="https://github.com/1ilsang/dev/assets/23524849/72613a5d-883b-4438-836c-c1d65faf644f" alt="production" class="l"></div><p></p>
<p>위의 CMS 페이지에서 문구나 이미지 등을 설정해 저장하면 전자 라벨에 업데이트가 되게 개발했다. 찌그러지지 않고 잘 나와서 참 다행이었다.</p>
<p>역시 갓자이너</p>
<br>
<p></p><div class="img-wrap"><img src="https://github.com/1ilsang/dev/assets/23524849/2041f4cb-4c1b-43ec-bbc0-8f1bccc28e74" alt="presentation"></div><p></p>
<p>해당 주제의 스폰서분들 앞에서 구현된 걸 기준으로 시현하는데 영어로 말해야 해서 진짜 지옥이었다. 가장 힘든 순간이었다(-_-).</p>
<p>발표 이후 여유 시간 동안 옆 팀 외국인들이랑 친해졌는데 이 부분이 좀 인상적이었다. 카이스트 재학 중인 외국인 5명이었는데 엄청 긱한 느낌이었다. 대화에 왜?라고 의문을 많이 가지는데 나도 다시 한번 생각해 볼 수 있어서 흥미롭게 대화할 수 있었다.</p>
<h2 id="마무리" data-heading="true"><a data-heading="true" href="#마무리"><span class="icon icon-link"></span></a>마무리</h2>
<p>오랜만에 밤새면서 빠르게 작업하니까 재밌었다. 긴 재택근무 간에 떨어진 열정을 다시 채운 느낌이었다.</p>
<p>기회가 된다면 계속 꾸준히 해커톤에 참여하고 싶다.</p>
<p>아참 침낭이랑 후드 챙겨갔는데 이거 없었으면 진짜 고통스러울 뻔했다. 진짜 에어컨이 계속 나오기 때문에 너무 추웠다.</p>
<p>좋은 경험이었다. 그럼, 이만!</p></div><aside class="floating-container"><ul class="list"><li data-id="지원-과정" class="item">지원 과정</li><li data-id="부산-도착" class="item">부산 도착</li><li data-id="첫날-아이데이션" class="item">첫날: 아이데이션</li><li data-id="둘째-날-개발" class="item">둘째 날: 개발</li><li data-id="셋째-날-발표" class="item">셋째 날: 발표</li><li data-id="마무리" class="item">마무리</li></ul></aside></div><a class="highlighter issue-post" href="https://github.com/1ilsang/dev/issues/new?labels=\uD83E\uDDCA comment&amp;assignees=1ilsang&amp;title=[🧊] Junction%20Asia%202023%20%EC%B0%B8%EC%97%AC%20%ED%9B%84%EA%B8%B0&amp;body=<!-- 환영합니다. 이슈 남겨주시면 빠르게 답변드리겠습니다. 🙇 -->" rel="noopener noreferrer" target="_blank">📮 이 포스트에 관심 있으신가요? 이슈를 남겨주세요! 👍</a></div><footer class="footer"><ul><li><a href="/about">1ilsang</a></li><li><a rel="noopener noreferrer" target="_blank" href="https://github.com/1ilsang">GitHub</a></li><li><a href="https://www.linkedin.com/in/sang-chul-lee-91a32b154/" rel="noopener noreferrer" target="_blank">LinkedIn</a></li></ul></footer></main>