<progress class="[&amp;::-webkit-progress-bar]:bg-sub-blue fixed top-0 left-0 z-10 w-full h-[3px] appearance-none [&amp;::-webkit-progress-value]:bg-base-og" value="0" max="1"></progress><nav class="fixed z-40 flex flex-wrap w-full justify-between justify-items-center hover:animate-rainbow-water hover:bg-nav hover:bg-[length:400%_400%] opacity-10 md:opacity-100 shadow-nav shadow-lg"><h2 class="tracking-tight mr-6 text-2xl font-bold my-2 ml-3.5"><a class="hover:underline" href="/">1ilsang</a></h2><div class="flex"><h2 class="tracking-tight mr-6 text-xl mt-2.5"><a class="hover:underline" href="/posts">posts</a></h2><h2 class="tracking-tight mr-6 text-xl mt-2.5"><a class="hover:underline" href="/tags">tags</a></h2><div class="mr-2 w-8 h-8 mt-2" role="img" aria-label="1ilsang character"><a href="/about"><img class="border border-solid rounded-full border-white-blue" src="/images/chul.webp" alt="1ilsang"></a></div></div></nav><section class="h-auto min-h-full max-w-(--breakpoint-md) py-20 md:py-28 mx-4 min-[790px]:m-auto print:py-0"><h1 class="text-4xl break-words md:text-6xl">[LeetCode] 42. Trapping Rain Water</h1><section class="flex items-center mt-4"><div class="mr-2 w-9 h-9 md:w-12 md:h-12" role="img" aria-label="1ilsang character"><a href="/about"><img class="border border-solid rounded-full border-sub-blue" src="/images/chul.webp" alt="1ilsang"></a></div><div><a class="text-lg" href="/about">1ilsang</a><div class="text-sm text-sub-blue">클라이밍 하실래염?</div></div></section><section class="flex flex-wrap items-end mt-2"><a class="text-highlight print:text-black hover:underline mr-2" target="_self" href="/tags/algorithm">#<!-- -->algorithm</a><a class="text-highlight print:text-black hover:underline mr-2" target="_self" href="/tags/leetcode">#<!-- -->leetcode</a><a class="text-highlight print:text-black hover:underline mr-2" target="_self" href="/tags/hard">#<!-- -->hard</a><a class="text-highlight print:text-black hover:underline mr-2" target="_self" href="/tags/stack">#<!-- -->stack</a><a class="text-highlight print:text-black hover:underline mr-2" target="_self" href="/tags/two-pointers">#<!-- -->two-pointers</a></section><section><div class="inline text-date-gray"><span class="mr-1">Published</span><time datetime="2023-10-14 17:10">2023-10-14 17:10</time></div></section><section id="post-body-container" class="relative"><div class="markdown"><div class="img-container"><div class="flex justify-center min-h-[200px] mt-3 mb-3 w-full h-[600px] object-contain bg-transparent mt-10"><img class="w-full h-full cursor-zoom-in object-contain max-h-[550px]" alt="problem" src="/posts/leetcode-hard-42/problem.webp"></div></div>
<blockquote class="pl-4 text-[#8b949e] border-l-[0.25rem] border-[#425061]">
<p class="mt-4 mb-4"><a href="https://leetcode.com/problems/trapping-rain-water" class="underline-highlight-fade" target="_blank" rel="noreferrer noopener">문제 링크</a></p>
</blockquote>
<p class="mt-4 mb-4">빗물이 고일 수 있는 모든 영역을 구하면 되는 문제다.</p>
<p class="mt-4 mb-4">기본적으로 물은 '높은 곳에서 낮은 곳'으로 흐르기 때문에 우리는 높이를 비교하면서 빗물이 고일 수 있는지 판단해야 한다.</p>
<p class="mt-4 mb-4">이 문제는 두 가지 스택과 투포인터 두 가지로 풀 수 있다. 두 방법 모두 알아두면 좋기 때문에 두 가지 해석을 모두 하려고 한다.</p>
<h2 id="접근법-1-stack-on-tn" class="font-semibold leading-snug pb-0.5 pt-6 mb-2 group text-3xl mt-12 border-b border-[hsl(210deg_18%_87%_/100%)]"><a aria-hidden="true" tabindex="-1" href="#접근법-1-stack-on-tn"><span class="icon icon-link opacity-0 group-hover:opacity-100 ease-in-out transition-opacity duration-300 before:absolute before:w-[40px] before:left-[-25px] before:content-[&quot;⧉&quot;] before:text-[#61768f] before:mr-2"></span></a>접근법 1. Stack O(n) T(n)</h2>
<p class="mt-4 mb-4">스택 접근은 <u>"가로로 면적을 합해가는"</u> 방식이다.</p>
<p class="mt-4 mb-4">빗물이 고이기 위해서는 양쪽으로 벽이 있어야 한다.</p>
<p class="mt-4 mb-4">스택을 활용해 양 벽을 계산하는 방법은, 높이가 감소할 때는 스택에 푸쉬하고 높이가 이전 탑보다 높아질 때는 팝을 하면서 얼마만큼의 빗물을 저장할 수 있는지 계산하면 된다.</p>
<div class="img-container"><div class="flex justify-center min-h-[200px] mt-3 mb-3 w-full min-[790px]:w-[70%]"><img class="w-full h-full cursor-zoom-in object-contain max-h-[550px]" alt="example" src="/posts/leetcode-hard-42/example.webp"></div></div>
<p class="mt-4 mb-4">0번째 높이부터 순회해 보자.</p>
<ol class="min-[790px]:ml-6 ml-4 list-decimal">
<li>모든 원소를 순회할 때마다 스택에 푸쉬한다. 왼쪽의 그림과 같이 높이가 감소해 나갈 때에는 특별한 작업 없이 계속 진행한다.</li>
<li>중앙의 그림(<code>i = 3</code>)의 상황일 경우 현재 벽이 스택의 Top 값보다 더 높기 때문에 빗물이 고일 수 있다. 현재 높이와 같거나 클 때까지 스택에 쌓여있는 벽들을 pop 하며 "가로로" 누적값을 더한다. 여기서는 높이 1이 최대이므로 스택에 추가된 높이 2(<code>i = 0</code>)까지 계산하지 않고 끝난다.</li>
<li>우측의 그림(<code>i = 4</code>)에서도 동일하다. 현재 높이보다 큰 높이가 나올 때까지 팝을 하며 계산한다. 2번에서 이미 높이 1일 때의 경우를 계산했으므로 높이 2일 때의 가로 값만 계산하면 된다.</li>
</ol>
<p class="mt-4 mb-4">마지막 노드까지 위의 방식을 계속해서 하면 모든 면적을 구할 수 있다. 코드와 라인별 해석은 제일 아래에 작성해 두었다.</p>
<h2 id="접근법-2-two-pointers-on-t1" class="font-semibold leading-snug pb-0.5 pt-6 mb-2 group text-3xl mt-12 border-b border-[hsl(210deg_18%_87%_/100%)]"><a aria-hidden="true" tabindex="-1" href="#접근법-2-two-pointers-on-t1"><span class="icon icon-link opacity-0 group-hover:opacity-100 ease-in-out transition-opacity duration-300 before:absolute before:w-[40px] before:left-[-25px] before:content-[&quot;⧉&quot;] before:text-[#61768f] before:mr-2"></span></a>접근법 2. Two Pointers O(n) T(1)</h2>
<p class="mt-4 mb-4">투포인터 접근은 <u>"세로로 면적을 합해가는"</u> 방식이다.</p>
<p class="mt-4 mb-4">빗물이 고이기 위해서는 양쪽으로 벽이 있어야 한다.</p>
<p class="mt-4 mb-4">투포인터는 양끝에 포인터를 설정하고 좌우로 움직이며 높이가 더 높은 쪽을 향해 간다. 높이가 높은 쪽을 향해 양 포인터를 옮기면 반대로 낮은 쪽은 빗물이 고이는 곳이기 때문에 세로로 더해나가면 된다.</p>
<div class="img-container"><div class="flex justify-center min-h-[200px] mt-3 mb-3 w-full min-[790px]:w-[70%]"><img class="w-full h-full cursor-zoom-in object-contain max-h-[550px]" alt="example2" src="/posts/leetcode-hard-42/example2.webp"></div></div>
<p class="mt-4 mb-4">L, R을 양 끝에 두고 순회하면서 각각 MAX 값을 구한다.</p>
<ol class="min-[790px]:ml-6 ml-4 list-decimal">
<li>최초의 상태. 최대값(가로선)을 설정한다.</li>
<li><code>L &lt; R</code>이라면 L을 옮기고 아니면 R을 옮긴다. 여기는 L를 옮겼다. <code>i = 1</code>의 높이가 L의 최대높이보다 낮으므로 그 차이를 더한다.</li>
<li><code>L &lt; R</code>일 때까지 L을 옮긴 모습이다.</li>
<li>R을 옮겼다. <code>i = 8</code>의 높이가 R의 최대높이보다 낮으므로 그 차이를 더한다.</li>
<li>계속해서 반복하면 결국 LR은 한곳으로 모이고 그 사이의 모든 세로 값이 더해져 빗물의 면적을 구할 수 있다.</li>
</ol>
<h2 id="최종-코드" class="font-semibold leading-snug pb-0.5 pt-6 mb-2 group text-3xl mt-12 border-b border-[hsl(210deg_18%_87%_/100%)]"><a aria-hidden="true" tabindex="-1" href="#최종-코드"><span class="icon icon-link opacity-0 group-hover:opacity-100 ease-in-out transition-opacity duration-300 before:absolute before:w-[40px] before:left-[-25px] before:content-[&quot;⧉&quot;] before:text-[#61768f] before:mr-2"></span></a>최종 코드</h2>
<figure data-rehype-pretty-code-figure=""><pre tabindex="0" data-language="js" data-theme="material-theme-palenight"><code data-language="js" data-theme="material-theme-palenight" style="display:grid"><span data-line=""><span style="color:#676E95;font-style:italic">// Stack</span></span>
<span data-line=""><span style="color:#C792EA">const</span><span style="color:#BABED8"> trap </span><span style="color:#89DDFF">=</span><span style="color:#89DDFF"> (</span><span style="color:#BABED8;font-style:italic">height</span><span style="color:#89DDFF">)</span><span style="color:#C792EA"> =&gt;</span><span style="color:#89DDFF"> {</span></span>
<span data-line=""><span style="color:#C792EA">  let</span><span style="color:#BABED8"> res</span><span style="color:#89DDFF"> =</span><span style="color:#F78C6C"> 0</span><span style="color:#89DDFF">;</span></span>
<span data-line=""><span style="color:#C792EA">  let</span><span style="color:#BABED8"> i</span><span style="color:#89DDFF"> =</span><span style="color:#F78C6C"> 0</span><span style="color:#89DDFF">;</span></span>
<span data-line=""><span style="color:#C792EA">  const</span><span style="color:#BABED8"> stack</span><span style="color:#89DDFF"> =</span><span style="color:#F07178"> []</span><span style="color:#89DDFF">;</span></span>
<span data-line=""> </span>
<span data-line=""><span style="color:#89DDFF;font-style:italic">  while</span><span style="color:#F07178"> (</span><span style="color:#BABED8">i</span><span style="color:#89DDFF"> &lt;</span><span style="color:#BABED8"> height</span><span style="color:#89DDFF">.</span><span style="color:#BABED8">length</span><span style="color:#F07178">) </span><span style="color:#89DDFF">{</span></span>
<span data-line=""><span style="color:#C792EA">    const</span><span style="color:#BABED8"> curHeight</span><span style="color:#89DDFF"> =</span><span style="color:#BABED8"> height</span><span style="color:#F07178">[</span><span style="color:#BABED8">i</span><span style="color:#F07178">]</span><span style="color:#89DDFF">;</span></span>
<span data-line=""><span style="color:#676E95;font-style:italic">    // 현재 높이가 스택의 마지막 높이보다 높다면</span></span>
<span data-line=""><span style="color:#89DDFF;font-style:italic">    while</span><span style="color:#F07178"> (</span><span style="color:#BABED8">stack</span><span style="color:#89DDFF">.</span><span style="color:#BABED8">length</span><span style="color:#89DDFF"> &gt;</span><span style="color:#F78C6C"> 0</span><span style="color:#89DDFF"> &amp;&amp;</span><span style="color:#BABED8"> height</span><span style="color:#F07178">[</span><span style="color:#BABED8">stack</span><span style="color:#F07178">[</span><span style="color:#BABED8">stack</span><span style="color:#89DDFF">.</span><span style="color:#BABED8">length</span><span style="color:#89DDFF"> -</span><span style="color:#F78C6C"> 1</span><span style="color:#F07178">]] </span><span style="color:#89DDFF">&lt;</span><span style="color:#BABED8"> curHeight</span><span style="color:#F07178">) </span><span style="color:#89DDFF">{</span></span>
<span data-line=""><span style="color:#C792EA">      const</span><span style="color:#BABED8"> lastI</span><span style="color:#89DDFF"> =</span><span style="color:#BABED8"> stack</span><span style="color:#89DDFF">.</span><span style="color:#82AAFF">pop</span><span style="color:#F07178">()</span><span style="color:#89DDFF">;</span></span>
<span data-line=""><span style="color:#676E95;font-style:italic">      // 스택이 비었다는 의미는 자신뿐이므로 빗물이 고일 수 없기 때문에 탈출한다.</span></span>
<span data-line=""><span style="color:#89DDFF;font-style:italic">      if</span><span style="color:#F07178"> (</span><span style="color:#BABED8">stack</span><span style="color:#89DDFF">.</span><span style="color:#BABED8">length</span><span style="color:#89DDFF"> ===</span><span style="color:#F78C6C"> 0</span><span style="color:#F07178">) </span><span style="color:#89DDFF;font-style:italic">break</span><span style="color:#89DDFF">;</span></span>
<span data-line=""><span style="color:#C792EA">      const</span><span style="color:#BABED8"> peekI</span><span style="color:#89DDFF"> =</span><span style="color:#BABED8"> stack</span><span style="color:#F07178">[</span><span style="color:#BABED8">stack</span><span style="color:#89DDFF">.</span><span style="color:#BABED8">length</span><span style="color:#89DDFF"> -</span><span style="color:#F78C6C"> 1</span><span style="color:#F07178">]</span><span style="color:#89DDFF">;</span></span>
<span data-line=""><span style="color:#676E95;font-style:italic">      // 현재 위치(i)와 스택의 다음 위치(peekI)의 거리를 구한다.</span></span>
<span data-line=""><span style="color:#C792EA">      const</span><span style="color:#BABED8"> dist</span><span style="color:#89DDFF"> =</span><span style="color:#BABED8"> i</span><span style="color:#89DDFF"> -</span><span style="color:#BABED8"> peekI</span><span style="color:#89DDFF"> -</span><span style="color:#F78C6C"> 1</span><span style="color:#89DDFF">;</span></span>
<span data-line=""><span style="color:#676E95;font-style:italic">      // 현재 위치의 높이와 스택의 다음 위치 높이중 낮은 값을 기준으로 스택의 마지막 높이를 뺀다.</span></span>
<span data-line=""><span style="color:#676E95;font-style:italic">      // 마지막 높이만큼은 빗물이 고일 수 없기 때문</span></span>
<span data-line=""><span style="color:#C792EA">      const</span><span style="color:#BABED8"> h</span><span style="color:#89DDFF"> =</span><span style="color:#BABED8"> Math</span><span style="color:#89DDFF">.</span><span style="color:#82AAFF">min</span><span style="color:#F07178">(</span><span style="color:#BABED8">curHeight</span><span style="color:#89DDFF">,</span><span style="color:#BABED8"> height</span><span style="color:#F07178">[</span><span style="color:#BABED8">peekI</span><span style="color:#F07178">]) </span><span style="color:#89DDFF">-</span><span style="color:#BABED8"> height</span><span style="color:#F07178">[</span><span style="color:#BABED8">lastI</span><span style="color:#F07178">]</span><span style="color:#89DDFF">;</span></span>
<span data-line=""><span style="color:#BABED8">      res</span><span style="color:#89DDFF"> +=</span><span style="color:#BABED8"> dist</span><span style="color:#89DDFF"> *</span><span style="color:#BABED8"> h</span><span style="color:#89DDFF">;</span></span>
<span data-line=""><span style="color:#89DDFF">    }</span></span>
<span data-line=""><span style="color:#BABED8">    stack</span><span style="color:#89DDFF">.</span><span style="color:#82AAFF">push</span><span style="color:#F07178">(</span><span style="color:#BABED8">i</span><span style="color:#89DDFF">++</span><span style="color:#F07178">)</span><span style="color:#89DDFF">;</span></span>
<span data-line=""><span style="color:#89DDFF">  }</span></span>
<span data-line=""> </span>
<span data-line=""><span style="color:#89DDFF;font-style:italic">  return</span><span style="color:#BABED8"> res</span><span style="color:#89DDFF">;</span></span>
<span data-line=""><span style="color:#89DDFF">};</span></span></code></pre></figure>
<figure data-rehype-pretty-code-figure=""><pre tabindex="0" data-language="js" data-theme="material-theme-palenight"><code data-language="js" data-theme="material-theme-palenight" style="display:grid"><span data-line=""><span style="color:#676E95;font-style:italic">// Two-pointers</span></span>
<span data-line=""><span style="color:#C792EA">const</span><span style="color:#BABED8"> trap </span><span style="color:#89DDFF">=</span><span style="color:#89DDFF"> (</span><span style="color:#BABED8;font-style:italic">height</span><span style="color:#89DDFF">)</span><span style="color:#C792EA"> =&gt;</span><span style="color:#89DDFF"> {</span></span>
<span data-line=""><span style="color:#C792EA">  let</span><span style="color:#BABED8"> res</span><span style="color:#89DDFF"> =</span><span style="color:#F78C6C"> 0</span><span style="color:#89DDFF">;</span></span>
<span data-line=""><span style="color:#C792EA">  let</span><span style="color:#BABED8"> l</span><span style="color:#89DDFF"> =</span><span style="color:#F78C6C"> 0</span><span style="color:#89DDFF">;</span></span>
<span data-line=""><span style="color:#C792EA">  let</span><span style="color:#BABED8"> r</span><span style="color:#89DDFF"> =</span><span style="color:#BABED8"> height</span><span style="color:#89DDFF">.</span><span style="color:#BABED8">length</span><span style="color:#89DDFF"> -</span><span style="color:#F78C6C"> 1</span><span style="color:#89DDFF">;</span></span>
<span data-line=""><span style="color:#C792EA">  let</span><span style="color:#BABED8"> lMax</span><span style="color:#89DDFF"> =</span><span style="color:#F78C6C"> 0</span><span style="color:#89DDFF">;</span></span>
<span data-line=""><span style="color:#C792EA">  let</span><span style="color:#BABED8"> rMax</span><span style="color:#89DDFF"> =</span><span style="color:#F78C6C"> 0</span><span style="color:#89DDFF">;</span></span>
<span data-line=""> </span>
<span data-line=""><span style="color:#89DDFF;font-style:italic">  while</span><span style="color:#F07178"> (</span><span style="color:#BABED8">l</span><span style="color:#89DDFF"> &lt;</span><span style="color:#BABED8"> r</span><span style="color:#F07178">) </span><span style="color:#89DDFF">{</span></span>
<span data-line=""><span style="color:#C792EA">    const</span><span style="color:#BABED8"> curLeft</span><span style="color:#89DDFF"> =</span><span style="color:#BABED8"> height</span><span style="color:#F07178">[</span><span style="color:#BABED8">l</span><span style="color:#F07178">]</span><span style="color:#89DDFF">;</span></span>
<span data-line=""><span style="color:#C792EA">    const</span><span style="color:#BABED8"> curRight</span><span style="color:#89DDFF"> =</span><span style="color:#BABED8"> height</span><span style="color:#F07178">[</span><span style="color:#BABED8">r</span><span style="color:#F07178">]</span><span style="color:#89DDFF">;</span></span>
<span data-line=""><span style="color:#676E95;font-style:italic">    // 매번 max 값을 갱신한다. 그래야 자신이 줄어든 값인지 비교할 수 있다.</span></span>
<span data-line=""><span style="color:#BABED8">    lMax</span><span style="color:#89DDFF"> =</span><span style="color:#BABED8"> Math</span><span style="color:#89DDFF">.</span><span style="color:#82AAFF">max</span><span style="color:#F07178">(</span><span style="color:#BABED8">curLeft</span><span style="color:#89DDFF">,</span><span style="color:#BABED8"> lMax</span><span style="color:#F07178">)</span><span style="color:#89DDFF">;</span></span>
<span data-line=""><span style="color:#BABED8">    rMax</span><span style="color:#89DDFF"> =</span><span style="color:#BABED8"> Math</span><span style="color:#89DDFF">.</span><span style="color:#82AAFF">max</span><span style="color:#F07178">(</span><span style="color:#BABED8">curRight</span><span style="color:#89DDFF">,</span><span style="color:#BABED8"> rMax</span><span style="color:#F07178">)</span><span style="color:#89DDFF">;</span></span>
<span data-line=""> </span>
<span data-line=""><span style="color:#676E95;font-style:italic">    // 현재 높이가 최대값 보다 적다면 고일 수 있으므로 추가한다.</span></span>
<span data-line=""><span style="color:#89DDFF;font-style:italic">    if</span><span style="color:#F07178"> (</span><span style="color:#BABED8">curLeft</span><span style="color:#89DDFF"> &lt;</span><span style="color:#BABED8"> lMax</span><span style="color:#F07178">) </span><span style="color:#89DDFF">{</span></span>
<span data-line=""><span style="color:#BABED8">      res</span><span style="color:#89DDFF"> +=</span><span style="color:#BABED8"> lMax</span><span style="color:#89DDFF"> -</span><span style="color:#BABED8"> curLeft</span><span style="color:#89DDFF">;</span></span>
<span data-line=""><span style="color:#89DDFF">    }</span></span>
<span data-line=""><span style="color:#89DDFF;font-style:italic">    if</span><span style="color:#F07178"> (</span><span style="color:#BABED8">curRight</span><span style="color:#89DDFF"> &lt;</span><span style="color:#BABED8"> rMax</span><span style="color:#F07178">) </span><span style="color:#89DDFF">{</span></span>
<span data-line=""><span style="color:#BABED8">      res</span><span style="color:#89DDFF"> +=</span><span style="color:#BABED8"> rMax</span><span style="color:#89DDFF"> -</span><span style="color:#BABED8"> curRight</span><span style="color:#89DDFF">;</span></span>
<span data-line=""><span style="color:#89DDFF">    }</span></span>
<span data-line=""><span style="color:#676E95;font-style:italic">    // 양쪽의 포인터를 비교해서 높이가 더 큰 방향으로 이동한다.</span></span>
<span data-line=""><span style="color:#BABED8">    curLeft</span><span style="color:#89DDFF"> &lt;</span><span style="color:#BABED8"> curRight</span><span style="color:#89DDFF"> ?</span><span style="color:#BABED8"> l</span><span style="color:#89DDFF">++</span><span style="color:#89DDFF"> :</span><span style="color:#BABED8"> r</span><span style="color:#89DDFF">--;</span></span>
<span data-line=""><span style="color:#89DDFF">  }</span></span>
<span data-line=""> </span>
<span data-line=""><span style="color:#89DDFF;font-style:italic">  return</span><span style="color:#BABED8"> res</span><span style="color:#89DDFF">;</span></span>
<span data-line=""><span style="color:#89DDFF">};</span></span></code></pre></figure></div><aside class="absolute top-0 inline-block h-full break-words left-full max-xl:hidden" aria-label="index"><ul class="ml-9 sticky pl-4 top-32 w-[calc(50vw-35vw)] border-l-2 border-l-base min-[1320px]:ml-20 min-[1320px]:top-48"><li id="접근법-1-stack-on-tn" class="pt-0.5 text-base select-none cursor-pointer mb-0.5 hover:text-sub-blue">접근법 1. Stack O(n) T(n)</li><li id="접근법-2-two-pointers-on-t1" class="pt-0.5 text-base select-none cursor-pointer mb-0.5 hover:text-sub-blue">접근법 2. Two Pointers O(n) T(1)</li><li id="최종-코드" class="pt-0.5 text-base select-none cursor-pointer mb-0.5 hover:text-sub-blue">최종 코드</li></ul></aside></section><a class="inline-block text-[#30ffcb] leading-[1.1] after:transition-[width] after:duration-500 ease-in-out hover:after:w-[100%] after:w-0 after:block after:h-[1px] print:text-black print:underline after:bg-[#30ffcb] after:content-[&quot;&quot;] mt-24 [&amp;&amp;]:text-transparent bg-rainbow-water bg-clip-text bg-[length:400%_400%] animate-rainbow-water" href="https://github.com/1ilsang/dev/issues/new?labels=🧊 comment&amp;assignees=1ilsang&amp;title=[🧊] %5BLeetCode%5D%2042.%20Trapping%20Rain%20Water&amp;body=<!-- 환영합니다. 이슈 남겨주시면 빠르게 답변드리겠습니다. 🙇 -->" rel="noopener noreferrer" target="_blank">📮 이 포스트에 관심 있으신가요? 이슈를 남겨주세요! 👍</a><div class="flex items-center mt-4 mb-56"><iframe class="border-0 rounded-md cursor-pointer object-contain hover:animate-bouncing" src="https://github.com/sponsors/1ilsang/button" title="Sponsor 1ilsang" height="32" width="114"></iframe></div></section>