<main class="post-layout"><div class="nav-loading"><progress value="0" max="1"></progress></div><nav class="nav flex-wrap water-rainbow post-nav-trans nav-shadow"><h2 class="tracking-tight focus:text-gray-700 text-2xl font-bold mt-2 mb-2 ml-3.5"><a class="hover-underline" href="/">1ilsang</a></h2><div class="flex"><h2 class="tracking-tight focus:text-gray-700 text-xl mt-2.5 mr-6"><a class="hover-underline" href="/posts">posts</a></h2><h2 class="tracking-tight focus:text-gray-700 text-xl mt-2.5 mr-6"><a class="hover-underline" href="/tags">tags</a></h2><div class="rounded-full mr-2 relative nav-avatar"><a href="/about"><img src="/assets/chul.png" alt="1ilsang"></a></div></div></nav><div class="post-container"><h1 class="post-header">웹 개발자를 위한 도구 추천 - 유용한 Mac 앱들</h1><div class="post-profile-container"><div class="flex items-center"><div class="rounded-full mr-2 relative avatar-image"><a href="/about"><img src="/assets/chul.png" alt="1ilsang"></a></div><div><a class="avatar-name" href="/about">1ilsang</a><div class="avatar-description">클라이밍 하실래염?</div></div></div></div><div class="flex flex-wrap mt-2 items-end"><a class="hashtag mr-2" target="_self" href="/tags/mac">#<!-- -->mac</a><a class="hashtag mr-2" target="_self" href="/tags/settings">#<!-- -->settings</a></div><div class="date-published"><time class="date-format" datetime="2023-12-24 12:54">2023-12-24 12:54</time> published</div><div class="post-body-container"><div class="markdown"><p></p><div class="img-wrap"><img src="https://github.com/1ilsang/dev/assets/23524849/dbe32093-4f4b-4f4b-aa2c-a2b8574d85a0" alt="cover" class="cover"></div><p></p>
<p>최근 기기 변경을 하면서 맥 세팅을 처음부터 할 일이 있었다. 그때 꽤 고생한 기억이 있어 이번 기회에 유용했던 것들을 한번 정리해 보려고 한다.</p>
<p>웹 개발자를 위한 도구 추천 포스트는 3가지 시리즈로 연재 될 예정이다.</p>
<ol>
<li>유용한 Mac 앱</li>
<li>VSCode 익스텐션</li>
<li>크롬 익스텐션</li>
</ol>
<p>직접 사용하면서 유용했던 것들을 모아놓았기 때문에 안정성 문제는 없을 것으로 생각된다.</p>
<h2 id="모아보기" data-heading="true"><a data-heading="true" href="#모아보기"><span class="icon icon-link"></span></a>모아보기</h2>
<ul>
<li><a class="underline-highlight-fade" target="_blank" href="#chrome" rel="noreferrer noopener">Chrome</a></li>
<li><a class="underline-highlight-fade" target="_blank" href="#homebrew" rel="noreferrer noopener">Homebrew</a></li>
<li><a class="underline-highlight-fade" target="_blank" href="#oh-my-zsh" rel="noreferrer noopener">Oh My Zsh</a></li>
<li><a class="underline-highlight-fade" target="_blank" href="#iterm2" rel="noreferrer noopener">Iterm2</a></li>
<li><a class="underline-highlight-fade" target="_blank" href="#vscode" rel="noreferrer noopener">VSCode</a></li>
<li><a class="underline-highlight-fade" target="_blank" href="#neovim" rel="noreferrer noopener">NeoVim</a></li>
<li><a class="underline-highlight-fade" target="_blank" href="#d2-coding" rel="noreferrer noopener">D2Coding</a></li>
<li><a class="underline-highlight-fade" target="_blank" href="#nodejs" rel="noreferrer noopener">Node.js</a></li>
<li><a class="underline-highlight-fade" target="_blank" href="#nvm" rel="noreferrer noopener">NVM</a></li>
<li><a class="underline-highlight-fade" target="_blank" href="#docker" rel="noreferrer noopener">Docker</a></li>
<li><a class="underline-highlight-fade" target="_blank" href="#giphy-capture" rel="noreferrer noopener">GIPHY Capture</a></li>
<li><a class="underline-highlight-fade" target="_blank" href="#deepl" rel="noreferrer noopener">DeepL</a></li>
<li><a class="underline-highlight-fade" target="_blank" href="#screenhint" rel="noreferrer noopener">ScreenHint</a></li>
<li><a class="underline-highlight-fade" target="_blank" href="#quick-notes" rel="noreferrer noopener">Quick Notes</a></li>
<li><a class="underline-highlight-fade" target="_blank" href="#calculator-pro" rel="noreferrer noopener">Calculator Pro</a></li>
<li><a class="underline-highlight-fade" target="_blank" href="#올ㅋ사전" rel="noreferrer noopener">올ㅋ사전</a></li>
<li><a class="underline-highlight-fade" target="_blank" href="#codewhisperer" rel="noreferrer noopener">CodeWhisperer</a></li>
<li><a class="underline-highlight-fade" target="_blank" href="#flycut" rel="noreferrer noopener">Flycut</a></li>
<li><a class="underline-highlight-fade" target="_blank" href="#screenbrush" rel="noreferrer noopener">ScreenBrush</a></li>
<li><a class="underline-highlight-fade" target="_blank" href="#keycastr" rel="noreferrer noopener">Keycastr</a></li>
<li><a class="underline-highlight-fade" target="_blank" href="#ngrok" rel="noreferrer noopener">Ngrok</a></li>
<li><a class="underline-highlight-fade" target="_blank" href="#hidden-bar" rel="noreferrer noopener">Hidden bar</a></li>
<li><a class="underline-highlight-fade" target="_blank" href="#digital-color-meter" rel="noreferrer noopener">Digital Color Meter</a></li>
</ul>
<h2 id="chrome" data-heading="true"><a data-heading="true" href="#chrome"><span class="icon icon-link"></span></a>Chrome</h2>
<p></p><div class="img-wrap"><img src="https://github.com/1ilsang/dev/assets/23524849/958e465c-dd1e-4693-ac79-67400c6441dc" alt="chrome-cover"></div><p></p>
<p>소개 문구에서부터 포스가 장난 아니다. 테스팅 환경 때문이라도 필요한 웹 브라우저 크롬이다.</p>
<p>다음에 연재할 크롬 익스텐션 섹션을 통해 크롬이 얼마나 강력한지 후술하고자 한다.</p>
<ul>
<li><a class="underline-highlight-fade" target="_blank" href="https://support.google.com/chrome/thread/64580550?hl=ko&amp;msgid=68816629" rel="noreferrer noopener">만약 크롬이 실행 되지 않는다면</a></li>
</ul>
<blockquote>
<p><a class="underline-highlight-fade" target="_blank" href="https://www.google.com/chrome" rel="noreferrer noopener">다운로드 링크</a></p>
</blockquote>
<h2 id="homebrew" data-heading="true"><a data-heading="true" href="#homebrew"><span class="icon icon-link"></span></a>Homebrew</h2>
<p></p><div class="img-wrap"><img src="https://github.com/1ilsang/dev/assets/23524849/4135c0aa-fe1c-49db-aee1-a72b88cfeea6" alt="homebrew"></div><p></p>
<p><code>homebrew</code>는 CLI로 편리하게 앱을 설치할 수 있게 해준다.</p>
<p>환경변수 및 패키지 폴더 구성 등을 자동으로 해주기 때문에 불쾌한 초기 설정을 벗어나게 해준다.</p>
<p>많은 프로젝트에서 homebrew를 통한 설치 가이드를 제공하고 있을 정도로 대중적이니 꼭 설치하자.</p>
<figure data-rehype-pretty-code-figure=""><pre tabindex="0" data-language="sh" data-theme="material-theme-palenight"><code data-language="sh" data-theme="material-theme-palenight" style="display: grid;"><span data-line=""><span style="color:#676E95;font-style:italic"># 터미널 설치</span></span>
<span data-line=""><span style="color:#FFCB6B">$</span><span style="color:#C3E88D"> /bin/bash</span><span style="color:#C3E88D"> -c</span><span style="color:#89DDFF"> "$(</span><span style="color:#FFCB6B">curl</span><span style="color:#C3E88D"> -fsSL https://raw.githubusercontent.com/Homebrew/install/HEAD/install.sh</span><span style="color:#89DDFF">)"</span></span></code></pre></figure>
<blockquote>
<p><a class="underline-highlight-fade" target="_blank" href="https://brew.sh/" rel="noreferrer noopener">다운로드 링크</a></p>
</blockquote>
<h2 id="oh-my-zsh" data-heading="true"><a data-heading="true" href="#oh-my-zsh"><span class="icon icon-link"></span></a>Oh My Zsh</h2>
<p></p><div class="img-wrap"><img src="https://github.com/1ilsang/dev/assets/23524849/44e5939d-e8bd-40ec-90bb-fae3e106443d" alt="cmd-example"></div><p></p>
<p>brew로 작업하다 보면 터미널이 참 못생겼다고 느낄 수 있다. 터미널을 위와 같이 원하는 정보가 노출되도록 설정할 수 있다.</p>
<p>내가 사용하고 있는 테마는 <a class="underline-highlight-fade" target="_blank" href="https://github.com/caiogondim/bullet-train.zsh" rel="noreferrer noopener">bullet-train</a> 커스텀 테마이다. 해당 테마는 현재 시간 및 작업 소요 시간, 성공 여부, 깃 상태 등 다양한 정보를 노출시켜 주므로 선택하게 되었다.</p>
<figure data-rehype-pretty-code-figure=""><pre tabindex="0" data-language="sh" data-theme="material-theme-palenight"><code data-language="sh" data-theme="material-theme-palenight" style="display: grid;"><span data-line=""><span style="color:#676E95;font-style:italic"># 터미널 설치</span></span>
<span data-line=""><span style="color:#FFCB6B">$</span><span style="color:#C3E88D"> sh</span><span style="color:#C3E88D"> -c</span><span style="color:#89DDFF"> "$(</span><span style="color:#FFCB6B">curl</span><span style="color:#C3E88D"> -fsSL https://raw.githubusercontent.com/ohmyzsh/ohmyzsh/master/tools/install.sh</span><span style="color:#89DDFF">)"</span></span></code></pre></figure>
<blockquote>
<p><a class="underline-highlight-fade" target="_blank" href="https://ohmyz.sh/#install" rel="noreferrer noopener">다운로드 링크</a></p>
</blockquote>
<h2 id="iterm2" data-heading="true"><a data-heading="true" href="#iterm2"><span class="icon icon-link"></span></a>Iterm2</h2>
<p></p><div class="img-wrap"><img src="https://github.com/1ilsang/dev/assets/23524849/7b6b295f-ec11-4da8-bade-c475009b5ca4" alt="iterm2-example"></div><p></p>
<p>기본 맥 터미널은 못생겼기 때문에 <code>iterm2</code>을 설치해 터미널을 더 예쁘게 커스텀 할 수 있다.</p>
<p><code>zsh</code>이 터미널의 내용을 관리한다면 터미널 창 자체로 디자인을 제공해 주는 역할은 <code>iterm2</code>이다.</p>
<blockquote>
<p>만약 커맨드라인에서 cmd + delete로 <a class="underline-highlight-fade" target="_blank" href="https://stackoverflow.com/questions/15733312/iterm2-delete-line" rel="noreferrer noopener">한줄 삭제</a> 하고 싶다면</p>
<p>환경 설정 &gt; Profiles &gt; Keys &gt; Natural Text Editing으로 설정 한다.</p>
</blockquote>
<p>이 외에도 각 탭에서 창 기본 크기, 배경 설정 등 할 수 있다.</p>
<blockquote>
<p><a class="underline-highlight-fade" target="_blank" href="https://iterm2.com/" rel="noreferrer noopener">다운로드 링크</a></p>
</blockquote>
<h2 id="vscode" data-heading="true"><a data-heading="true" href="#vscode"><span class="icon icon-link"></span></a>VSCode</h2>
<p></p><div class="img-wrap"><img src="https://github.com/1ilsang/dev/assets/23524849/6e0c8145-53ab-4d40-9f97-edaf9d54ba91" alt="vscode-logo"></div><p></p>
<p>VSCode에 너무 절여져 있어 다른 에디터는 이제 기억이 나지 않는다... 유용한 익스텐션은 다음 포스트로 연재하겠다.</p>
<blockquote>
<p><a class="underline-highlight-fade" target="_blank" href="https://code.visualstudio.com/" rel="noreferrer noopener">다운로드 링크</a></p>
</blockquote>
<h2 id="neovim" data-heading="true"><a data-heading="true" href="#neovim"><span class="icon icon-link"></span></a>NeoVim</h2>
<p>만약 vi 환경을 좋아한다면 설치하면 좋다. 기본적으로 <code>vim</code>은 한글 입력시 문제가 많다(조합 중인 문자 소실 등).</p>
<p><code>NeoVim</code>은 <code>vim</code>을 오픈소스화하여 기존의 문제들 해결하고 커뮤니티 자발적으로 다양한 플러그인을 개발/공유하고 있어 강력한 에디팅을 지원한다.</p>
<figure data-rehype-pretty-code-figure=""><pre tabindex="0" data-language="sh" data-theme="material-theme-palenight"><code data-language="sh" data-theme="material-theme-palenight" style="display: grid;"><span data-line=""><span style="color:#FFCB6B">$</span><span style="color:#C3E88D"> brew</span><span style="color:#C3E88D"> install</span><span style="color:#C3E88D"> neovim</span></span>
<span data-line=""><span style="color:#676E95;font-style:italic"># 기본 vi를 neovim으로 변경하고자 한다면 alias를 변경한다.</span></span>
<span data-line=""><span style="color:#FFCB6B">$</span><span style="color:#C3E88D"> vi</span><span style="color:#C3E88D"> ~/.zshrc</span></span>
<span data-line=""><span style="color:#FFCB6B">$</span><span style="color:#C3E88D"> alias</span><span style="color:#C3E88D"> vi=</span><span style="color:#89DDFF">"</span><span style="color:#C3E88D">nvim</span><span style="color:#89DDFF">"</span></span></code></pre></figure>
<blockquote>
<p><a class="underline-highlight-fade" target="_blank" href="https://neovim.io/" rel="noreferrer noopener">다운로드 링크</a></p>
</blockquote>
<h2 id="d2-coding" data-heading="true"><a data-heading="true" href="#d2-coding"><span class="icon icon-link"></span></a>D2 Coding</h2>
<p>폰트는 d2 코딩이 가장 편하다고 느껴서 늘 사용하고 있다.</p>
<p>모호할 수 있는 문자들이 <code>1ijIlO0tz아야저져쁆뼮뼯뗾</code> 기본적으로 잘 보인다(이 블로그 폰트도 D2coding이다).</p>
<h3 id="iterm2에-d2coding을-기본-폰트로-적용하기" data-heading="true"><a data-heading="true" href="#iterm2에-d2coding을-기본-폰트로-적용하기"><span class="icon icon-link"></span></a>iterm2에 d2coding을 기본 폰트로 적용하기</h3>
<blockquote>
<p>Profiles &gt; Text &gt; Font &gt; D2Coding</p>
<p><a class="underline-highlight-fade" target="_blank" href="https://github.com/1ilsang/dev/assets/23524849/a3aff63a-d3d7-43aa-84c1-68b10d46dadd" rel="noreferrer noopener">그림으로 보기</a></p>
</blockquote>
<h3 id="vscode-기본-폰트로-적용하기" data-heading="true"><a data-heading="true" href="#vscode-기본-폰트로-적용하기"><span class="icon icon-link"></span></a>VSCode 기본 폰트로 적용하기</h3>
<blockquote>
<p>Setting(cmd + ,) &gt; Font Family &gt; D2Coding을 제일 앞에 적어준다.</p>
<p><a class="underline-highlight-fade" target="_blank" href="https://github.com/1ilsang/dev/assets/23524849/1eeb1e90-6a2c-4263-a8a4-f6a9ea860f98" rel="noreferrer noopener">그림으로 보기</a></p>
</blockquote>
<p>상당히 개발자 친화적인 폰트라 생각한다.</p>
<blockquote>
<p><a class="underline-highlight-fade" target="_blank" href="https://github.com/naver/d2codingfont" rel="noreferrer noopener">다운로드 링크</a></p>
</blockquote>
<h2 id="nodejs" data-heading="true"><a data-heading="true" href="#nodejs"><span class="icon icon-link"></span></a>Node.js</h2>
<p>"신"</p>
<blockquote>
<p><a class="underline-highlight-fade" target="_blank" href="https://nodejs.org/en" rel="noreferrer noopener">다운로드 링크</a></p>
</blockquote>
<h2 id="nvm" data-heading="true"><a data-heading="true" href="#nvm"><span class="icon icon-link"></span></a>NVM</h2>
<p>프로젝트를 여러개 만들다 보면 노드 버전이 상이한 경우가 종종 생긴다. 이때 노드 버전을 어떻게 처리할까?</p>
<p>답은 <code>nvm</code>을 통해 노드 버전을 프로젝트마다 변경하면 된다.</p>
<figure data-rehype-pretty-code-figure=""><pre tabindex="0" data-language="sh" data-theme="material-theme-palenight"><code data-language="sh" data-theme="material-theme-palenight" style="display: grid;"><span data-line=""><span style="color:#676E95;font-style:italic"># Nvm 다운로드.</span></span>
<span data-line=""><span style="color:#FFCB6B">$</span><span style="color:#C3E88D"> curl</span><span style="color:#C3E88D"> -o-</span><span style="color:#C3E88D"> https://raw.githubusercontent.com/nvm-sh/nvm/v0.39.7/install.sh</span><span style="color:#89DDFF"> |</span><span style="color:#FFCB6B"> bash</span></span>
<span data-line=""><span style="color:#676E95;font-style:italic"># 터미널 실행시 자동으로 nvm을 사용하도록 설정.</span></span>
<span data-line=""><span style="color:#FFCB6B">$</span><span style="color:#C3E88D"> vi</span><span style="color:#C3E88D"> ~/.zshrc</span></span>
<span data-line=""><span style="color:#676E95;font-style:italic"># 아래 내용을 zshrc 아무곳에 붙여넣는다.</span></span>
<span data-line=""><span style="color:#C792EA">export</span><span style="color:#BABED8"> NVM_DIR</span><span style="color:#89DDFF">=</span><span style="color:#89DDFF">"$([</span><span style="color:#89DDFF"> -z</span><span style="color:#89DDFF"> "${</span><span style="color:#BABED8">XDG_CONFIG_HOME-</span><span style="color:#89DDFF">}"</span><span style="color:#89DDFF"> ]</span><span style="color:#89DDFF"> &amp;&amp;</span><span style="color:#82AAFF"> printf</span><span style="color:#C3E88D"> %s </span><span style="color:#89DDFF">"${</span><span style="color:#BABED8">HOME</span><span style="color:#89DDFF">}</span><span style="color:#C3E88D">/.nvm</span><span style="color:#89DDFF">"</span><span style="color:#89DDFF"> ||</span><span style="color:#82AAFF"> printf</span><span style="color:#C3E88D"> %s </span><span style="color:#89DDFF">"${</span><span style="color:#BABED8">XDG_CONFIG_HOME</span><span style="color:#89DDFF">}</span><span style="color:#C3E88D">/nvm</span><span style="color:#89DDFF">")"</span></span>
<span data-line=""><span style="color:#89DDFF">[</span><span style="color:#89DDFF"> -s</span><span style="color:#89DDFF"> "</span><span style="color:#BABED8">$NVM_DIR</span><span style="color:#C3E88D">/nvm.sh</span><span style="color:#89DDFF">"</span><span style="color:#89DDFF"> ]</span><span style="color:#89DDFF"> &amp;&amp;</span><span style="color:#FFCB6B"> \.</span><span style="color:#89DDFF"> "</span><span style="color:#BABED8">$NVM_DIR</span><span style="color:#C3E88D">/nvm.sh</span><span style="color:#89DDFF">"</span><span style="color:#676E95;font-style:italic"> # This loads nvm</span></span>
<span data-line=""><span style="color:#676E95;font-style:italic"># 쉘 반영</span></span>
<span data-line=""><span style="color:#FFCB6B">$</span><span style="color:#C3E88D"> source</span><span style="color:#C3E88D"> ~/.zshrc</span></span></code></pre></figure>
<p>사용법은 아래와 같다.</p>
<figure data-rehype-pretty-code-figure=""><pre tabindex="0" data-language="sh" data-theme="material-theme-palenight"><code data-language="sh" data-theme="material-theme-palenight" style="display: grid;"><span data-line=""><span style="color:#676E95;font-style:italic"># .nvmrc 파일이 존재하면 지정된 노드 버전으로 설정됨.</span></span>
<span data-line=""><span style="color:#FFCB6B">$</span><span style="color:#C3E88D"> nvm</span><span style="color:#C3E88D"> use</span></span>
<span data-line=""><span style="color:#676E95;font-style:italic"># Node.js 20.10.0 버전 다운로드.</span></span>
<span data-line=""><span style="color:#FFCB6B">$</span><span style="color:#C3E88D"> nvm</span><span style="color:#C3E88D"> install</span><span style="color:#F78C6C"> 20.10.0</span></span>
<span data-line=""><span style="color:#676E95;font-style:italic"># Node.js 20.10.0 버전 사용.</span></span>
<span data-line=""><span style="color:#FFCB6B">$</span><span style="color:#C3E88D"> nvm</span><span style="color:#C3E88D"> use</span><span style="color:#F78C6C"> 20.10.0</span></span></code></pre></figure>
<blockquote>
<p><a class="underline-highlight-fade" target="_blank" href="https://github.com/nvm-sh/nvm/blob/master/README.md" rel="noreferrer noopener">가이드 링크</a></p>
</blockquote>
<h2 id="docker" data-heading="true"><a data-heading="true" href="#docker"><span class="icon icon-link"></span></a>Docker</h2>
<p>두 번째 "신"</p>
<blockquote>
<p><a class="underline-highlight-fade" target="_blank" href="https://www.docker.com/" rel="noreferrer noopener">다운로드 링크</a></p>
</blockquote>
<h2 id="giphy-capture" data-heading="true"><a data-heading="true" href="#giphy-capture"><span class="icon icon-link"></span></a>GIPHY Capture</h2>
<p></p><div class="img-wrap"><img src="https://media2.giphy.com/media/v1.Y2lkPTc5MGI3NjExZ2k4bHQ1ZjdpaGs4ZjVidjcxMnkyNjUwa29xdDJ3dWJ5MzcyYjd0ZyZlcD12MV9pbnRlcm5hbF9naWZfYnlfaWQmY3Q9Zw/TehXbZX944qv5aoVg5/giphy.gif" alt="giphy example"></div><p></p>
<p>간단하게 움짤(gif)을 따야 할 때 유용하게 쓸 수 있다.</p>
<blockquote>
<p><a class="underline-highlight-fade" target="_blank" href="https://apps.apple.com/kr/app/giphy-capture-the-gif-maker/id668208984" rel="noreferrer noopener">다운로드 링크</a></p>
</blockquote>
<h2 id="deepl" data-heading="true"><a data-heading="true" href="#deepl"><span class="icon icon-link"></span></a>DeepL</h2>
<p>번역 퀄리티가 상당히 좋다. 또한 <code>cmd + c + c</code>로 빠르게 번역하기도 지원하기 때문에 숏컷 활용도 또한 뛰어나다.</p>
<p>이후 다룰 크롬 익스텐션과 함께 사용하면 찰떡이다.</p>
<blockquote>
<p><a class="underline-highlight-fade" target="_blank" href="https://www.deepl.com/ko/app/" rel="noreferrer noopener">다운로드 링크</a></p>
</blockquote>
<h2 id="screenhint" data-heading="true"><a data-heading="true" href="#screenhint"><span class="icon icon-link"></span></a>ScreenHint</h2>
<div class="img-horizon-wrap">
  <img alt="cover" src="https://github.com/1ilsang/dev/assets/23524849/32cf84b5-5e2d-4f02-ac73-0f8e9881123f">
  <img alt="setting" src="https://github.com/1ilsang/dev/assets/23524849/c33bf30e-3451-4961-8bf9-69e26135a4ea">
</div>
<p>정말 추천하고 싶은 프로그램. 원하는 부분만 스크린샷으로 띄워 놓을 수 있다.</p>
<p>맥 어플 전체화면시에도 올라가 있기 때문에 상당히 편리하다.</p>
<blockquote>
<p><a class="underline-highlight-fade" target="_blank" href="https://apps.apple.com/kr/app/screenhint/id1566621533?mt=12" rel="noreferrer noopener">다운로드 링크</a></p>
</blockquote>
<h2 id="quick-notes" data-heading="true"><a data-heading="true" href="#quick-notes"><span class="icon icon-link"></span></a>Quick Notes</h2>
<p></p><div class="img-wrap"><img src="https://github.com/1ilsang/dev/assets/23524849/41f304d0-06db-47d6-b2dd-44df271c90f0" alt="quick notes example"></div><p></p>
<p>줌으로 미팅하거나 전체화면으로 열려있는 자료가 많아 잠깐잠깐 메모가 필요할 때 유용한 앱이다.</p>
<p>유료라서 꼭 필요한 게 아니라면 크게 추천하고 싶진 않다.</p>
<blockquote>
<p><a class="underline-highlight-fade" target="_blank" href="https://apps.apple.com/kr/app/quick-notes/id1260480179?mt=12" rel="noreferrer noopener">다운로드 링크</a></p>
</blockquote>
<h2 id="calculator-pro" data-heading="true"><a data-heading="true" href="#calculator-pro"><span class="icon icon-link"></span></a>Calculator Pro</h2>
<div class="img-horizon-wrap">
  <img alt="calculator pro example" src="https://github.com/1ilsang/dev/assets/23524849/c3087f57-54bd-40ce-9dc5-2fa66278711f">
  <img alt="setting" src="https://github.com/1ilsang/dev/assets/23524849/a72af6a5-be29-469b-acc1-9b0baac2f328">
</div>
<p>맥 환경 특성상 전체화면 된 앱 위에 무엇을 겹치는 것이 불가능하다. 하지만 이 앱은 계산기를 전체화면 된 앱 위에 올려준다.</p>
<p>알고리즘 풀 때 진짜 꿀이다.</p>
<p>오른쪽 화면은 내가 쓰는 글로벌 숏컷이다. 껐다켰다하며 사용하기 편하다.</p>
<blockquote>
<p><a class="underline-highlight-fade" target="_blank" href="https://apps.apple.com/kr/app/calculator-pro-topbar-app/id576215086" rel="noreferrer noopener">다운로드 링크</a></p>
</blockquote>
<h2 id="올ㅋ사전" data-heading="true"><a data-heading="true" href="#올ㅋ사전"><span class="icon icon-link"></span></a>올ㅋ사전</h2>
<div class="img-horizon-wrap">
  <img alt="example" src="https://github.com/1ilsang/dev/assets/23524849/acaf222d-38ac-41f7-b55b-4396f4139631">
  <img alt="setting" src="https://github.com/1ilsang/dev/assets/23524849/249dad3d-1000-4ad7-9202-a57e0b8f7fac">
</div>
<p>특정 단어를 검색해야 할 때 화면 이동을 하는 건 너무 귀찮다. 단축키로 바로 열어서 찾는 것이 편리하다.</p>
<blockquote>
<p><a class="underline-highlight-fade" target="_blank" href="https://apps.apple.com/kr/app/%EC%98%AC%E3%85%8B%EC%82%AC%EC%A0%84-%EB%A7%A5%EC%97%90%EC%84%9C-%EB%8B%A8%EC%B6%95%ED%82%A4%EB%A5%BC-%EB%88%84%EB%A5%B4%EB%A9%B4-%EC%98%81%EC%96%B4%EC%82%AC%EC%A0%84%EC%9D%B4-%EB%99%87/id1033453958?mt=12" rel="noreferrer noopener">다운로드 링크</a></p>
</blockquote>
<h2 id="codewhisperer" data-heading="true"><a data-heading="true" href="#codewhisperer"><span class="icon icon-link"></span></a>CodeWhisperer</h2>
<p></p><div class="img-wrap"><img src="https://github.com/1ilsang/dev/assets/23524849/c6ad644a-c2c9-4315-b335-ba7a484bf595" alt="CodeWhisperer example"></div><p></p>
<p><a class="underline-highlight-fade" target="_blank" href="https://fig.io/blog/post/fig-is-sunsetting" rel="noreferrer noopener">Fig가 공식적으로 AWS에 흡수</a>되면서 출시된 제품이다. 개인 개발에는 무료로 사용할 수 있다.</p>
<p>CLI를 자주 사용한다면 정말 유용한 앱이다. 다음 명령어에 대한 힌트뿐만 아니라 해당 명령어의 기대 효과도 같이 알려준다.</p>
<p>터미널의 효자 그 자체다.</p>
<figure data-rehype-pretty-code-figure=""><pre tabindex="0" data-language="sh" data-theme="material-theme-palenight"><code data-language="sh" data-theme="material-theme-palenight" style="display: grid;"><span data-line=""><span style="color:#FFCB6B">$</span><span style="color:#C3E88D"> brew</span><span style="color:#C3E88D"> install</span><span style="color:#C3E88D"> --cask</span><span style="color:#C3E88D"> codewhisperer</span></span></code></pre></figure>
<blockquote>
<p><a class="underline-highlight-fade" target="_blank" href="https://aws.amazon.com/ko/codewhisperer/resources/?refid=d66b5e73-988d-4ff9-aa68-e067ce087ab" rel="noreferrer noopener">다운로드 링크</a></p>
</blockquote>
<h2 id="flycut" data-heading="true"><a data-heading="true" href="#flycut"><span class="icon icon-link"></span></a>Flycut</h2>
<p></p><div class="img-wrap"><img src="https://github.com/1ilsang/dev/assets/23524849/0bcfab83-6bec-4cef-9e07-3b85a730f6ef" alt="flycut example"></div><p></p>
<p>우리는 복/붙을 상당히 많이 한다. 만약 이전에 복사했던 내용을 다시 가져오고 싶다면 어떻게 하고 있는지 생각해 보자.</p>
<p>별다른 수가 떠오르지 않는다면 이 앱을 추천한다. 이 앱은 이전에 복사했던 내용들을 기억하고 불러오는 것도 지원해 준다. 심지어 복사된 시간도 알려준다.</p>
<blockquote>
<p><a class="underline-highlight-fade" target="_blank" href="https://apps.apple.com/kr/app/flycut-clipboard-manager/id442160987?mt=12" rel="noreferrer noopener">다운로드 링크</a></p>
</blockquote>
<h2 id="screenbrush" data-heading="true"><a data-heading="true" href="#screenbrush"><span class="icon icon-link"></span></a>ScreenBrush</h2>
<p></p><div class="img-wrap"><img src="https://github.com/1ilsang/dev/assets/23524849/62fd7619-78e6-4865-b198-e8ebbcb75b18" alt="screen brush example"></div><p></p>
<p>줌과 같은 화상 회의를 할 때나 전체 미팅 때 내 화면을 공유할 일이 많다면 강력히 추천한다.</p>
<p>화면에 무엇인가 작성하거나 포인터가 필요할 때 예쁘게 시선을 잡아주는 효자 앱이다.</p>
<blockquote>
<p><a class="underline-highlight-fade" target="_blank" href="https://apps.apple.com/kr/app/screenbrush/id1233965871?mt=12" rel="noreferrer noopener">다운로드 링크</a></p>
</blockquote>
<h2 id="keycastr" data-heading="true"><a data-heading="true" href="#keycastr"><span class="icon icon-link"></span></a>Keycastr</h2>
<p></p><div class="img-wrap"><img src="https://github.com/1ilsang/dev/assets/23524849/a5569525-3dd3-4997-96e0-73c1f318cfda" alt="keycastr example"></div><p></p>
<p><code>ScreenBrush</code>와 함께 사용하면 빛나는 앱이다. 내가 어떤 키보드를 입력했는지 화면에 보여준다.</p>
<figure data-rehype-pretty-code-figure=""><pre tabindex="0" data-language="sh" data-theme="material-theme-palenight"><code data-language="sh" data-theme="material-theme-palenight" style="display: grid;"><span data-line=""><span style="color:#FFCB6B">$</span><span style="color:#C3E88D"> brew</span><span style="color:#C3E88D"> install</span><span style="color:#C3E88D"> --cask</span><span style="color:#C3E88D"> keycastr</span></span></code></pre></figure>
<blockquote>
<p><a class="underline-highlight-fade" target="_blank" href="https://github.com/keycastr/keycastr" rel="noreferrer noopener">다운로드 링크</a></p>
</blockquote>
<h2 id="ngrok" data-heading="true"><a data-heading="true" href="#ngrok"><span class="icon icon-link"></span></a>Ngrok</h2>
<p></p><div class="img-wrap"><img src="https://github.com/1ilsang/dev/assets/23524849/90215fda-ef9b-46e3-8379-1c52cfeee1af" alt="ngrok example"></div><p></p>
<p>배포 없이 로컬에서 작업한 나의 페이지를 다른 사람에게 보여주고 싶다면 어떻게 해야 할까?</p>
<p><code>ngrok</code>은 프록시 서버를 열어 내 로컬 포트로 접근하게 해준다. 서버 없이 빠르게 데모 페이지를 공유할 때 유용하다.</p>
<figure data-rehype-pretty-code-figure=""><pre tabindex="0" data-language="sh" data-theme="material-theme-palenight"><code data-language="sh" data-theme="material-theme-palenight" style="display: grid;"><span data-line=""><span style="color:#FFCB6B">$</span><span style="color:#C3E88D"> ngrok</span><span style="color:#C3E88D"> http</span><span style="color:#F78C6C"> 3000</span><span style="color:#676E95;font-style:italic"> # 3000번 포트로 http 통신을 허용한다.</span></span>
<span data-line=""><span style="color:#676E95;font-style:italic"># 위의 이미지처럼 https://7421-1-235-243-130.ngrok-free.app URL이 생성(일회용 랜덤)된다.</span></span>
<span data-line=""><span style="color:#676E95;font-style:italic"># 이후 해당 URL로 접근하면 localhost:3000으로 접속한 것과 같이 된다.</span></span>
<span data-line=""><span style="color:#676E95;font-style:italic"># 이로써 정적 배포/서버 없이 누구에게나 열린 일회용 퍼블릭 URL을 가지게 되었다!</span></span></code></pre></figure>
<p>단, 사용하기 위해선 로그인 이후 인증 토큰을 넣어야 한다.</p>
<blockquote>
<p><a class="underline-highlight-fade" target="_blank" href="https://ngrok.com/download" rel="noreferrer noopener">다운로드 링크</a></p>
</blockquote>
<h2 id="hidden-bar" data-heading="true"><a data-heading="true" href="#hidden-bar"><span class="icon icon-link"></span></a>Hidden bar</h2>
<p></p><div class="img-wrap"><img src="https://github.com/1ilsang/dev/assets/23524849/de1f0c76-bbb7-4d56-a2e1-b9a250d3cf62" alt="hidden bar example"></div><p></p>
<p>이쯤 되면 상단바가 상당히 늘어났다는 것을 확인할 수 있다. <code>Hidden bar</code>는 필요한 앱들만 상단바에 노출시켜 주는 앱이다.</p>
<blockquote>
<p><a class="underline-highlight-fade" target="_blank" href="https://apps.apple.com/kr/app/hidden-bar/id1452453066?mt=12" rel="noreferrer noopener">다운로드 링크</a></p>
</blockquote>
<h2 id="digital-color-meter" data-heading="true"><a data-heading="true" href="#digital-color-meter"><span class="icon icon-link"></span></a>Digital Color Meter</h2>
<p></p><div class="img-wrap"><img src="https://github.com/1ilsang/dev/assets/23524849/9955b395-4547-40c4-a4c8-daa7eed3a46a" alt="example"></div><p></p>
<p>맥 자체 유용한 앱이다. CSS 작업을 하다 보면 스포이드가 필요한 순간이 있는데 유용하게 사용할 수 있다.</p></div><aside class="floating-container"><ul class="list"><li data-id="모아보기" class="item">모아보기</li><li data-id="chrome" class="item">Chrome</li><li data-id="homebrew" class="item">Homebrew</li><li data-id="oh-my-zsh" class="item">Oh My Zsh</li><li data-id="iterm2" class="item">Iterm2</li><li data-id="vscode" class="item">VSCode</li><li data-id="neovim" class="item">NeoVim</li><li data-id="d2-coding" class="item">D2 Coding</li><li><ul class="depth-ul"><li data-id="iterm2에-d2coding을-기본-폰트로-적용하기" class="item depth">iterm2에 d2coding을 기본 폰트로 적용하기</li><li data-id="vscode-기본-폰트로-적용하기" class="item depth">VSCode 기본 폰트로 적용하기</li></ul></li><li data-id="nodejs" class="item">Node.js</li><li data-id="nvm" class="item">NVM</li><li data-id="docker" class="item">Docker</li><li data-id="giphy-capture" class="item">GIPHY Capture</li><li data-id="deepl" class="item">DeepL</li><li data-id="screenhint" class="item">ScreenHint</li><li data-id="quick-notes" class="item">Quick Notes</li><li data-id="calculator-pro" class="item">Calculator Pro</li><li data-id="올ㅋ사전" class="item">올ㅋ사전</li><li data-id="codewhisperer" class="item">CodeWhisperer</li><li data-id="flycut" class="item">Flycut</li><li data-id="screenbrush" class="item">ScreenBrush</li><li data-id="keycastr" class="item">Keycastr</li><li data-id="ngrok" class="item">Ngrok</li><li data-id="hidden-bar" class="item">Hidden bar</li><li data-id="digital-color-meter" class="item">Digital Color Meter</li></ul></aside></div><a class="highlighter issue-post" href="https://github.com/1ilsang/dev/issues/new?labels=\uD83E\uDDCA comment&amp;assignees=1ilsang&amp;title=[🧊] %EC%9B%B9%20%EA%B0%9C%EB%B0%9C%EC%9E%90%EB%A5%BC%20%EC%9C%84%ED%95%9C%20%EB%8F%84%EA%B5%AC%20%EC%B6%94%EC%B2%9C%20-%20%EC%9C%A0%EC%9A%A9%ED%95%9C%20Mac%20%EC%95%B1%EB%93%A4&amp;body=<!-- 환영합니다. 이슈 남겨주시면 빠르게 답변드리겠습니다. 🙇 -->" rel="noopener noreferrer" target="_blank">📮 이 포스트에 관심 있으신가요? 이슈를 남겨주세요! 👍</a></div><footer class="footer"><ul><li><a href="/about">1ilsang</a></li><li><a rel="noopener noreferrer" target="_blank" href="https://github.com/1ilsang">GitHub</a></li><li><a href="https://www.linkedin.com/in/sang-chul-lee-91a32b154/" rel="noopener noreferrer" target="_blank">LinkedIn</a></li></ul></footer></main>