<div class="nav-loading"><progress value="0" max="1"></progress></div><nav class="nav water-rainbow post-nav-trans nav-shadow"><h2 class="nav-text nav-logo"><a class="hover-underline" href="/">1ilsang</a></h2><div class="flex"><h2 class="nav-text"><a class="hover-underline" href="/posts">posts</a></h2><h2 class="nav-text"><a class="hover-underline" href="/tags">tags</a></h2><div class="avatar on-nav"><a href="/about"><img src="/assets/chul.png" alt="1ilsang"></a></div></div></nav><div class="post-container"><h1 class="post-header">@mdn/yari-content-ko Organizer 합류 여정</h1><section class="post-profile-container"><div class="avatar on-post"><a href="/about"><img src="/assets/chul.png" alt="1ilsang"></a></div><div><a class="name" href="/about">1ilsang</a><div class="description">클라이밍 하실래염?</div></div></section><section class="flex flex-wrap mt-2 items-end"><a class="hashtag mr-2" target="_self" href="/tags/mdn">#<!-- -->mdn</a><a class="hashtag mr-2" target="_self" href="/tags/mozilla">#<!-- -->mozilla</a><a class="hashtag mr-2" target="_self" href="/tags/open-source">#<!-- -->open-source</a></section><div class="date-published"><time class="date-format" datetime="2024-04-13 17:21">2024-04-13 17:21</time> published</div><section id="post-body-container" class="relative"><div class="markdown"><p></p><div class="img-container"><div class="img-wrap cover"><img src="https://github.com/1ilsang/dev/assets/23524849/8dba134c-4d8a-431e-b08b-ef37257b2ff9" alt="cover"></div></div><p></p>
<p></p><div class="img-container"><div class="img-wrap l"><img src="https://github.com/1ilsang/dev/assets/23524849/d81fe59a-9c77-4c96-a235-c95ae48d23a0" alt="mdn local"></div></div><p></p>
<p>최근 <a class="underline-highlight-fade" target="_blank" href="https://developer.mozilla.org/en-US/docs/MDN/Community/Contributing/Translated_content#korean_ko" rel="noreferrer noopener">@mdn/yari-content-ko</a> 팀에 합류하게 되었다.</p>
<p>오픈소스 프로젝트의 방향성을 계획하고, 리뷰어로 활동하는 것은 처음이었기에 들뜬 마음으로 임할 수 있었다.</p>
<p>이 글을 통해 MDN 및 나의 합류 과정을 정리해 보려고 한다.</p>
<h2 id="index" data-heading="true"><a data-heading="true" href="#index"><span class="icon icon-link"></span></a>Index</h2>
<ul>
<li><a class="underline-highlight-fade" target="_blank" href="#mdn" rel="noreferrer noopener">MDN?</a></li>
<li><a class="underline-highlight-fade" target="_blank" href="#합류-여정" rel="noreferrer noopener">합류 여정</a></li>
<li><a class="underline-highlight-fade" target="_blank" href="#합류-후" rel="noreferrer noopener">합류 후</a></li>
<li><a class="underline-highlight-fade" target="_blank" href="#올해-목표" rel="noreferrer noopener">올해 목표</a></li>
<li><a class="underline-highlight-fade" target="_blank" href="#마무리" rel="noreferrer noopener">마무리</a></li>
</ul>
<h2 id="mdn" data-heading="true"><a data-heading="true" href="#mdn"><span class="icon icon-link"></span></a>MDN?</h2>
<p></p><div class="img-container"><div class="img-wrap l"><img src="https://github.com/1ilsang/dev/assets/23524849/ddd6058a-4e20-4033-abdd-22aac50a5e55" alt="mdn readme"></div></div><p></p>
<blockquote>
<p><a class="underline-highlight-fade" target="_blank" href="https://github.com/mdn" rel="noreferrer noopener">https://github.com/mdn</a></p>
</blockquote>
<p>MDN은 Readme에 그 목적이 잘 나타나 있다.</p>
<p>MDN 웹 문서는 CSS, HTML, JavaScript, Web API를 비롯한 <u>웹 플랫폼 기술을 문서화</u>하는 오픈소스 프로젝트이다.</p>
<br>
<p></p><div class="img-container"><div class="img-wrap l"><img src="https://github.com/1ilsang/dev/assets/23524849/46cddd6a-8dd8-40a4-a376-f936e4f236eb" alt="image"></div></div><p></p>
<p><a class="underline-highlight-fade" target="_blank" href="https://developer.mozilla.org/" rel="noreferrer noopener">MDN 사이트</a>에 들어가면 방대한 기술 문서를 확인할 수 있다.</p>
<h3 id="임무" data-heading="true"><a data-heading="true" href="#임무"><span class="icon icon-link"></span></a>임무</h3>
<p>MDN의 임무는 "더 나은 인터넷을 위한 청사진을 제공하고 새로운 세대의 개발자와 콘텐츠 제작자가 이를 구축할 수 있도록 지원하는 것"이라고 되어 있다.</p>
<p>해당 임무에 걸맞게 MDN 문서들은 다양한 웹 플랫폼 기술의 올바른 사용법과 해석을 하기 위해 노력하고 있다.</p>
<h3 id="역사" data-heading="true"><a data-heading="true" href="#역사"><span class="icon icon-link"></span></a>역사</h3>
<p>MDN은 2005년에 시작되어 문서 전체가 오픈소스로 운영되어 누구나 참여할 수 있는 프로젝트이다.</p>
<p>초창기에는 모든 문서가 SQL 데이터베이스에 존재하고 <a class="underline-highlight-fade" target="_blank" href="https://ko.wikipedia.org/wiki/%EC%9C%84%EC%A7%80%EC%9C%84%EA%B7%B8" rel="noreferrer noopener">WYSIWYG</a> 편집기로 변경했다. 이때는 한국 로케이션이 활성화 안되어 있었기 때문에 번역 문서에 "역자주" 등 주관적 의견이 많이 추가되어 있었다. 이는 긍정적인 면도 있지만 전체적으론 통일성이 부족해지고 각 문서의 품질이 떨어지기도 했다.</p>
<p>2020년 기존 문서화 툴을 <a class="underline-highlight-fade" target="_blank" href="https://github.com/mdn/yari" rel="noreferrer noopener">yari</a>로 변경하면서 git을 통한 체계적인 기여와 통일성 있는 문서로 발전하게 되었다.</p>
<blockquote>
<p>관련 내용: <a class="underline-highlight-fade" target="_blank" href="https://hacks.mozilla.org/2020/12/welcome-yari-mdn-web-docs-has-a-new-platform/" rel="noreferrer noopener">Welcome Yari: MDN Web Docs has a new platform</a></p>
</blockquote>
<p>이후 2021년 4월 <code>yari-content-ko</code>팀이 창설되면서 <a class="underline-highlight-fade" target="_blank" href="https://egas.tistory.com/16" rel="noreferrer noopener">한국 로케일도 활성화 되었다</a>. 이때부터 한국 MDN 문서도 체계적인 리뷰 시스템이 존재하게 되었다.</p>
<h2 id="합류-여정" data-heading="true"><a data-heading="true" href="#합류-여정"><span class="icon icon-link"></span></a>합류 여정</h2>
<p>이제 나의 썰을 조금 풀어보려고 한다.</p>
<h3 id="문서화에-대한-관심" data-heading="true"><a data-heading="true" href="#문서화에-대한-관심"><span class="icon icon-link"></span></a>문서화에 대한 관심</h3>
<p></p><div class="img-container"><div class="img-wrap l"><img src="https://github.com/1ilsang/dev/assets/23524849/befec4ad-700e-4662-be10-9074fb44e8c4" alt="webpack blog post"></div></div><p></p>
<p>2021년에 <a class="underline-highlight-fade" target="_blank" href="https://blog.naver.com/1ilsang/222517766844" rel="noreferrer noopener">번역 오픈소스 기여 가이드</a> 글을 작성한 적이 있다.</p>
<p>본문에서 언급되어 있듯 나는 오픈소스에 기여하고 싶었지만 기술 이전에 영어에 대한 부족함을 많이 느꼈다. 어쩌면 이것이 문서화에 대한 열망으로 표출되었다고 생각한다.</p>
<p>당시 내가 재직 중이던 <a class="underline-highlight-fade" target="_blank" href="https://github.com/line/webpack.kr" rel="noreferrer noopener">LINE+에서 Webpack 한글화 작업이 진행</a>되고 있었다.</p>
<p>운이 좋았다고 생각된다. 팀원들의 기여 과정을 어깨너머로 보면서 하고 싶다고 느꼈고 실제로 조금씩 기여하기 시작했다.</p>
<p>이때의 경험이 상당히 좋았기 때문에 이후 <a class="underline-highlight-fade" target="_blank" href="https://github.com/reactjs/ko.react.dev" rel="noreferrer noopener">React.dev</a> 및 <a class="underline-highlight-fade" target="_blank" href="https://github.com/mdn/translated-content" rel="noreferrer noopener">MDN</a>에도 조금씩 기여하게 되었다.</p>
<h3 id="사내-오픈소스-스프린트-참여" data-heading="true"><a data-heading="true" href="#사내-오픈소스-스프린트-참여"><span class="icon icon-link"></span></a>사내 오픈소스 스프린트 참여</h3>
<p>사내 DevRel 팀에서 오픈소스 기여 행사를 열었다. 이때 MDN 문서 번역 프로젝트가 있어 참여해 본격적으로 번역 기여를 하기 시작했다.</p>
<p>이때 PR을 꽤 열심히 날려서 기여 1등으로 행사를 마무리했다.</p>
<h3 id="온보딩-과정-진행" data-heading="true"><a data-heading="true" href="#온보딩-과정-진행"><span class="icon icon-link"></span></a>온보딩 과정 진행</h3>
<p>행사 이후에도 MDN에 꾸준히 기여하던 중 운이 좋게도 <code>yari-content-ko</code> 팀원 제안 메일을 받게 되었다.</p>
<p>내 대답은 당연히 YES였기 때문에 바로 온라인 티타임을 가졌다. 상당히 친절하게 맞아주셔서 감동이었다.</p>
<p></p><div class="img-container"><div class="img-wrap"><img src="https://github.com/1ilsang/dev/assets/23524849/ba4afedd-de90-421f-86f5-2fdb4e585a16" alt="onboarding"></div></div><p></p>
<p>이후 <a class="underline-highlight-fade" target="_blank" href="https://github.com/mdn/translated-content/issues/18056" rel="noreferrer noopener">본격적인 리뷰어 온보딩 과정이 시작</a>되었고 오픈소스답게 공개적으로 이슈를 생성해 과정을 전체 공유했다.</p>
<p></p><div class="img-container"><div class="img-wrap"><img src="https://github.com/1ilsang/dev/assets/23524849/36d21f62-9393-4944-aa58-6334d92c5ab8" alt="pr"></div></div><p></p>
<p>다행히 무사히 과제를 끝낼 수 있었고 본격적으로 리뷰어로 활동하게 되었다.</p>
<h2 id="합류-후" data-heading="true"><a data-heading="true" href="#합류-후"><span class="icon icon-link"></span></a>합류 후</h2>
<p><code>@mdn/yari-content-ko</code> 팀은 MDN 한국 문서에 대한 전체 권한을 가지고 있다. 기여 PR 리뷰와 유지보수 및 한국 지역 활성화에 대한 고민을 함께 하고 있다.</p>
<p>팀에 합류하면서 크게 3가지 달라진 점이 있었다.</p>
<h3 id="정기-회의" data-heading="true"><a data-heading="true" href="#정기-회의"><span class="icon icon-link"></span></a>정기 회의</h3>
<p>정기 회의를 통해 전체적인 방향성에 대한 싱크를 맞추고 PR 리뷰에 이상이 없는지 등 검증하는 시간을 가졌다.</p>
<h3 id="공개-논의" data-heading="true"><a data-heading="true" href="#공개-논의"><span class="icon icon-link"></span></a>공개 논의</h3>
<p></p><div class="img-container"><div class="img-wrap"><img src="https://github.com/1ilsang/dev/assets/23524849/be2b4218-3354-4f53-b8d3-602bffb0a3ee" alt="public discussion"></div></div><p></p>
<blockquote>
<p><a class="underline-highlight-fade" target="_blank" href="https://github.com/orgs/mdn/discussions/655" rel="noreferrer noopener">https://github.com/orgs/mdn/discussions/655</a></p>
</blockquote>
<p>문서 번역 리뷰나 프로젝트에 대한 의견 제시 등 공개적인 논의를 함께 이야기하게 되었다.</p>
<h3 id="리뷰어-활동" data-heading="true"><a data-heading="true" href="#리뷰어-활동"><span class="icon icon-link"></span></a>리뷰어 활동</h3>
<p></p><div class="img-container"><div class="img-wrap"><img src="https://github.com/1ilsang/dev/assets/23524849/179ee6ef-7a65-47f0-be65-f0706627250b" alt="reviewer action"></div></div><p></p>
<p>아마도 가장 크게 달라진 부분이라 생각한다. 컨트리뷰터에서 리뷰어가 되면서 기여해 주신 PR을 검토하고 있다.</p>
<p>이 부분이 꽤 까다롭지만 보람을 느끼고 있다. 기여자의 열정이 식지 않도록 빠르고 친절하게 응답하려고 노력하고 있다.</p>
<p>이모지의 힘이 크다고 느끼고 있다. 하트 감사합니다.</p>
<h2 id="올해-목표" data-heading="true"><a data-heading="true" href="#올해-목표"><span class="icon icon-link"></span></a>올해 목표</h2>
<p></p><div class="img-container"><div class="img-wrap l"><img src="https://github.com/1ilsang/dev/assets/23524849/91d2c86d-31a9-4915-96fb-1f4cd47d1a10" alt="CSS Goal"></div></div><p></p>
<p>팀원이 기여 목표를 세우는 것을 보고 감명받아 나도 세웠다.</p>
<ol>
<li>CSS 한국어 번역 50%까지 올리기</li>
<li>번역 자동화 스크립트 추가</li>
</ol>
<p>현재는 번역 리뷰 시 <a class="underline-highlight-fade" target="_blank" href="https://github.com/mdn/translated-content/blob/main/docs/ko/guides/glossary-guide.md" rel="noreferrer noopener">Glossary</a>를 수동으로 확인하고 있다. 이 부분을 자동화하고 CSS 번역을 꾸준히 해보려고 한다.</p>
<h2 id="마무리" data-heading="true"><a data-heading="true" href="#마무리"><span class="icon icon-link"></span></a>마무리</h2>
<p>번역은 오픈소스 입문의 좋은 시작점이라 생각한다.</p>
<p>그렇기 때문에 리뷰어로서 사명감을 느끼고 있다. 오픈소스를 시작하려는 분들이 꾸준히 기여하고 생태계를 끌어 나갈 인재로 성장할 수 있도록 좋은 경험을 주고 싶다.</p>
<p>MDN 문서 번역에 관심이 생겼다면 <a class="underline-highlight-fade" target="_blank" href="https://github.com/mdn/translated-content/blob/main/docs/ko/README.md" rel="noreferrer noopener">첫 기여자들을 위한 안내서</a>를 참고해 주시길 바란다.</p></div><aside class="floating-container"><ul class="list"><li data-id="index" class="item">Index</li><li data-id="mdn" class="item">MDN?</li><li><ul class="depth-ul"><li data-id="임무" class="item depth">임무</li><li data-id="역사" class="item depth">역사</li></ul></li><li data-id="합류-여정" class="item">합류 여정</li><li><ul class="depth-ul"><li data-id="문서화에-대한-관심" class="item depth">문서화에 대한 관심</li><li data-id="사내-오픈소스-스프린트-참여" class="item depth">사내 오픈소스 스프린트 참여</li><li data-id="온보딩-과정-진행" class="item depth">온보딩 과정 진행</li></ul></li><li data-id="합류-후" class="item">합류 후</li><li><ul class="depth-ul"><li data-id="정기-회의" class="item depth">정기 회의</li><li data-id="공개-논의" class="item depth">공개 논의</li><li data-id="리뷰어-활동" class="item depth">리뷰어 활동</li></ul></li><li data-id="올해-목표" class="item">올해 목표</li><li data-id="마무리" class="item">마무리</li></ul></aside></section><a class="highlighter issue-post" href="https://github.com/1ilsang/dev/issues/new?labels=🧊 comment&amp;assignees=1ilsang&amp;title=[🧊] @mdn/yari-content-ko%20Organizer%20%ED%95%A9%EB%A5%98%20%EC%97%AC%EC%A0%95&amp;body=<!-- 환영합니다. 이슈 남겨주시면 빠르게 답변드리겠습니다. 🙇 -->" rel="noopener noreferrer" target="_blank">📮 이 포스트에 관심 있으신가요? 이슈를 남겨주세요! 👍</a><div class="sponsor"><div>☕ 소주 한 잔 후원하기</div><sub>(예금주: 이상철)</sub><img class="pay-icon" src="/assets/logo/toss-pay.webp" alt="toss"><img class="pay-icon small" src="/assets/logo/kakao-pay.webp" alt="kakao"></div></div><footer class="footer"><ul><li><a href="/about">1ilsang</a></li><li><a rel="noopener noreferrer" target="_blank" href="https://github.com/1ilsang">GitHub</a></li><li><a href="https://www.linkedin.com/in/1ilsang" rel="noopener noreferrer" target="_blank">LinkedIn</a></li></ul></footer>