<progress
  class="[&amp;::-webkit-progress-bar]:bg-sub-blue fixed top-0 left-0 z-10 w-full h-[3px] appearance-none [&amp;::-webkit-progress-value]:bg-base-og"
  value="0"
  max="1"
></progress>
<nav
  class="fixed z-40 flex flex-wrap w-full justify-between justify-items-center hover:animate-rainbow-water hover:bg-nav hover:bg-[length:400%_400%] opacity-10 md:opacity-100 shadow-nav shadow-lg"
>
  <h2 class="tracking-tight mr-6 text-2xl font-bold my-2 ml-3.5">
    <a class="hover:underline" href="/">1ilsang</a>
  </h2>
  <div class="flex">
    <h2 class="tracking-tight mr-6 text-xl mt-2.5">
      <a class="hover:underline" href="/posts">posts</a>
    </h2>
    <h2 class="tracking-tight mr-6 text-xl mt-2.5">
      <a class="hover:underline" href="/tags">tags</a>
    </h2>
    <div class="mr-2 w-8 h-8 mt-2" role="img" aria-label="1ilsang character">
      <a href="/about"
        ><img
          class="border border-solid rounded-full border-white-blue"
          src="/images/chul.webp"
          alt="1ilsang"
      /></a>
    </div>
  </div>
</nav>
<section
  class="h-auto min-h-full max-w-(--breakpoint-md) py-20 md:py-28 mx-4 min-[790px]:m-auto print:py-0"
>
  <h1 class="text-4xl break-words md:text-6xl">Storybook 7.0 살펴보기</h1>
  <section class="flex items-center mt-4">
    <div
      class="mr-2 w-9 h-9 md:w-12 md:h-12"
      role="img"
      aria-label="1ilsang character"
    >
      <a href="/about"
        ><img
          class="border border-solid rounded-full border-sub-blue"
          src="/images/chul.webp"
          alt="1ilsang"
      /></a>
    </div>
    <div>
      <a class="text-lg" href="/about">1ilsang</a>
      <div class="text-sm text-sub-blue">클라이밍 하실래염?</div>
    </div>
  </section>
  <section class="flex flex-wrap items-end mt-2">
    <a
      class="text-highlight print:text-black hover:underline mr-2"
      target="_self"
      href="/tags/storybook"
      >#<!-- -->storybook</a
    ><a
      class="text-highlight print:text-black hover:underline mr-2"
      target="_self"
      href="/tags/decorator"
      >#<!-- -->decorator</a
    ><a
      class="text-highlight print:text-black hover:underline mr-2"
      target="_self"
      href="/tags/const"
      >#<!-- -->const</a
    ><a
      class="text-highlight print:text-black hover:underline mr-2"
      target="_self"
      href="/tags/extends"
      >#<!-- -->extends</a
    >
  </section>
  <section>
    <div class="inline text-date-gray">
      <span class="mr-1">Published</span
      ><time datetime="2023-08-13 19:17">2023-08-13 19:17</time>
    </div>
  </section>
  <section id="post-body-container" class="relative">
    <div class="markdown">
      <div class="img-container">
        <div
          class="flex justify-center min-h-[200px] mt-3 mb-3 w-full h-[600px] object-contain bg-transparent mt-10"
        >
          <img
            class="w-full h-full cursor-zoom-in object-contain max-h-[550px]"
            alt="cover"
            src="/posts/storybook7/cover.webp"
          />
        </div>
      </div>
      <p class="mt-4 mb-4">
        4월 초 Storybook v7이 공식 릴리즈 되었다. 이 포스트에서는
        <a
          href="https://storybook.js.org/blog/storybook-7-0/"
          class="underline-highlight-fade"
          target="_blank"
          rel="noreferrer noopener"
          >스토리북 블로그에 작성된</a
        >
        7버전의 기능들을 확인해보고 정리해 보고자 한다.
      </p>
      <h2
        id="tldr"
        class="font-semibold leading-snug pb-0.5 pt-6 mb-2 group text-3xl mt-12 border-b border-[hsl(210deg_18%_87%_/100%)]"
      >
        <a aria-hidden="true" tabindex="-1" href="#tldr"
          ><span
            class="icon icon-link opacity-0 group-hover:opacity-100 ease-in-out transition-opacity duration-300 before:absolute before:w-[40px] before:left-[-25px] before:content-[&quot;⧉&quot;] before:text-[#61768f] before:mr-2"
          ></span></a
        >TL;DR!
      </h2>
      <ul class="min-[790px]:ml-6 ml-4 list-disc">
        <li>사전 번들 제공으로 DX 향상</li>
        <li>Webpack4 -&gt; Webpack5</li>
        <li>
          CSF(Component Story Format) v3 업데이트로 인한 스토리 Props 직관성
          향상
        </li>
        <li>MDX v2 지원</li>
        <li>Vite, NextJS, SvelteKit 지원</li>
        <li>컴포넌트 테스트 지원 향상</li>
      </ul>
      <h2
        id="사전-번들-제공"
        class="font-semibold leading-snug pb-0.5 pt-6 mb-2 group text-3xl mt-12 border-b border-[hsl(210deg_18%_87%_/100%)]"
      >
        <a aria-hidden="true" tabindex="-1" href="#사전-번들-제공"
          ><span
            class="icon icon-link opacity-0 group-hover:opacity-100 ease-in-out transition-opacity duration-300 before:absolute before:w-[40px] before:left-[-25px] before:content-[&quot;⧉&quot;] before:text-[#61768f] before:mr-2"
          ></span></a
        >사전 번들 제공
      </h2>
      <p class="mt-4 mb-4">
        Storybook v7의 주요 기능중 가장 마음에 드는 부분은 사전 번들 제공이다.
      </p>
      <p class="mt-4 mb-4">
        기존에 v6을 사용할 때에는 Storybook도 번들링되기 때문에 번들 시간이
        상당히 길었다. 하지만 이번 업데이트로 번들링된 파일이 제공되므로
        Storybook의 번들 시간이 없어졌고 연계된 에드온 또한 런타임 부담 없이 더
        안정적으로 사용할수 있게 되었다.
      </p>
      <p class="mt-4 mb-4">
        또한 Webpack또한 v4에서 v5로 업데이트 되었기 때문에 번들 속도는 더욱
        빨라졌다.
      </p>
      <div class="img-container">
        <div
          class="flex justify-center min-h-[200px] mt-3 mb-3 w-full min-[790px]:w-[70%]"
        >
          <img
            class="w-full h-full cursor-zoom-in object-contain max-h-[550px]"
            alt="compare-speed"
            src="/posts/storybook7/compare-speed.webp"
          />
        </div>
      </div>
      <blockquote
        class="pl-4 text-[#8b949e] border-l-[0.25rem] border-[#425061]"
      >
        <p class="mt-4 mb-4">
          20초 걸리던 매니저 빌드 타임이 사전 번들 덕분에 1초대로 줄었으며
          프리뷰 영역도 2초 정도 단축되었다. wow
        </p>
      </blockquote>
      <h2
        id="csf-v3"
        class="font-semibold leading-snug pb-0.5 pt-6 mb-2 group text-3xl mt-12 border-b border-[hsl(210deg_18%_87%_/100%)]"
      >
        <a aria-hidden="true" tabindex="-1" href="#csf-v3"
          ><span
            class="icon icon-link opacity-0 group-hover:opacity-100 ease-in-out transition-opacity duration-300 before:absolute before:w-[40px] before:left-[-25px] before:content-[&quot;⧉&quot;] before:text-[#61768f] before:mr-2"
          ></span></a
        >CSF v3
      </h2>
      <p class="mt-4 mb-4">
        Component Story Format(CSF)도 상당 부분 변경되었다. 컴포넌트 형식에 맞춰
        통일화된 규격을 제공한다.
      </p>
      <ol class="min-[790px]:ml-6 ml-4 list-decimal">
        <li>
          stories 파일의 <code>default export</code>가 변경되었다. 이제 스토리
          메타데이터를 정의하는 객체를 리턴한다.
        </li>
        <li>
          stories 정의 방식이 변경되었다. 스토리는 스토리 메타데이터 객체 내부에
          정의되어야 한다.
        </li>
        <li>
          stories 템플릿을 제공한다. 템플릿으로 스토리를 정의할수 있기 때문에
          재사용성이 향상되었다.
        </li>
        <li>
          stories 이름을 정의하는 방식이 변경되었다. id, title 값이 메타데이터
          객체로 들어오게 되었다.
        </li>
      </ol>
      <figure data-rehype-pretty-code-figure="">
        <pre
          tabindex="0"
          data-language="js"
          data-theme="material-theme-palenight"
        ><code data-language="js" data-theme="material-theme-palenight" style="display:grid"><span data-line=""><span style="color:#676E95;font-style:italic">// v6 {id}.stories.tsx</span></span>
<span data-line=""><span style="color:#89DDFF;font-style:italic">export</span><span style="color:#C792EA"> const</span><span style="color:#BABED8"> Pair </span><span style="color:#89DDFF">=</span><span style="color:#BABED8"> Template</span><span style="color:#89DDFF">.</span><span style="color:#82AAFF">bind</span><span style="color:#BABED8">(</span><span style="color:#89DDFF">{}</span><span style="color:#BABED8">)</span><span style="color:#89DDFF">;</span></span>
<span data-line=""><span style="color:#BABED8">Pair</span><span style="color:#89DDFF">.</span><span style="color:#BABED8">argTypes </span><span style="color:#89DDFF">=</span><span style="color:#89DDFF"> {</span></span>
<span data-line=""><span style="color:#F07178">  type</span><span style="color:#89DDFF">:</span><span style="color:#89DDFF"> {</span></span>
<span data-line=""><span style="color:#F07178">    options</span><span style="color:#89DDFF">:</span><span style="color:#BABED8"> [</span><span style="color:#89DDFF">'</span><span style="color:#C3E88D">mobile</span><span style="color:#89DDFF">'</span><span style="color:#89DDFF">,</span><span style="color:#89DDFF"> '</span><span style="color:#C3E88D">pc</span><span style="color:#89DDFF">'</span><span style="color:#BABED8">]</span><span style="color:#89DDFF">,</span></span>
<span data-line=""><span style="color:#F07178">    control</span><span style="color:#89DDFF">:</span><span style="color:#89DDFF"> {</span><span style="color:#F07178"> type</span><span style="color:#89DDFF">:</span><span style="color:#89DDFF"> '</span><span style="color:#C3E88D">radio</span><span style="color:#89DDFF">'</span><span style="color:#89DDFF"> },</span></span>
<span data-line=""><span style="color:#F07178">    defaultValue</span><span style="color:#89DDFF">:</span><span style="color:#89DDFF"> '</span><span style="color:#C3E88D">mobile</span><span style="color:#89DDFF">'</span><span style="color:#89DDFF">,</span></span>
<span data-line=""><span style="color:#89DDFF">  },</span></span>
<span data-line=""><span style="color:#F07178">  slot</span><span style="color:#89DDFF">:</span><span style="color:#89DDFF"> {</span></span>
<span data-line=""><span style="color:#F07178">    options</span><span style="color:#89DDFF">:</span><span style="color:#BABED8"> [</span><span style="color:#89DDFF">'</span><span style="color:#C3E88D">header</span><span style="color:#89DDFF">'</span><span style="color:#89DDFF">,</span><span style="color:#89DDFF"> '</span><span style="color:#C3E88D">toolbar left</span><span style="color:#89DDFF">'</span><span style="color:#89DDFF">,</span><span style="color:#89DDFF"> '</span><span style="color:#C3E88D">toolbar right</span><span style="color:#89DDFF">'</span><span style="color:#89DDFF">,</span><span style="color:#89DDFF"> '</span><span style="color:#C3E88D">more</span><span style="color:#89DDFF">'</span><span style="color:#BABED8">]</span><span style="color:#89DDFF">,</span></span>
<span data-line=""><span style="color:#F07178">    control</span><span style="color:#89DDFF">:</span><span style="color:#89DDFF"> {</span><span style="color:#F07178"> type</span><span style="color:#89DDFF">:</span><span style="color:#89DDFF"> '</span><span style="color:#C3E88D">radio</span><span style="color:#89DDFF">'</span><span style="color:#89DDFF"> },</span></span>
<span data-line=""><span style="color:#F07178">    defaultValue</span><span style="color:#89DDFF">:</span><span style="color:#89DDFF"> '</span><span style="color:#C3E88D">header</span><span style="color:#89DDFF">'</span><span style="color:#89DDFF">,</span></span>
<span data-line=""><span style="color:#89DDFF">  },</span></span>
<span data-line=""><span style="color:#89DDFF">};</span></span>
<span data-line=""><span style="color:#BABED8">Pair</span><span style="color:#89DDFF">.</span><span style="color:#BABED8">args </span><span style="color:#89DDFF">=</span><span style="color:#89DDFF"> {</span></span>
<span data-line=""><span style="color:#676E95;font-style:italic">  /* ... */</span></span>
<span data-line=""><span style="color:#89DDFF">};</span></span>
<span data-line=""><span style="color:#BABED8">Pair</span><span style="color:#89DDFF">.</span><span style="color:#BABED8">parameter </span><span style="color:#89DDFF">=</span><span style="color:#89DDFF"> {</span></span>
<span data-line=""><span style="color:#676E95;font-style:italic">  /* ... */</span></span>
<span data-line=""><span style="color:#89DDFF">};</span></span>
<span data-line=""><span style="color:#BABED8">Pair</span><span style="color:#89DDFF">.</span><span style="color:#BABED8">action </span><span style="color:#89DDFF">=</span><span style="color:#82AAFF"> clickPair</span><span style="color:#BABED8">(</span><span style="color:#89DDFF">'</span><span style="color:#C3E88D">toolbar</span><span style="color:#89DDFF">'</span><span style="color:#BABED8">)</span><span style="color:#89DDFF">;</span></span>
<span data-line=""> </span>
<span data-line=""><span style="color:#676E95;font-style:italic">// v7 {id}.stories.tsx</span></span>
<span data-line=""><span style="color:#89DDFF;font-style:italic">export</span><span style="color:#89DDFF;font-style:italic"> default</span><span style="color:#89DDFF"> {</span></span>
<span data-line=""><span style="color:#F07178">  title</span><span style="color:#89DDFF">:</span><span style="color:#89DDFF"> '</span><span style="color:#C3E88D">Buttons/color</span><span style="color:#89DDFF">'</span><span style="color:#89DDFF">,</span></span>
<span data-line=""><span style="color:#F07178">  argTypes</span><span style="color:#89DDFF">:</span><span style="color:#89DDFF"> {</span></span>
<span data-line=""><span style="color:#F07178">    type</span><span style="color:#89DDFF">:</span><span style="color:#89DDFF"> {</span></span>
<span data-line=""><span style="color:#F07178">      options</span><span style="color:#89DDFF">:</span><span style="color:#BABED8"> [</span><span style="color:#89DDFF">'</span><span style="color:#C3E88D">mobile</span><span style="color:#89DDFF">'</span><span style="color:#89DDFF">,</span><span style="color:#89DDFF"> '</span><span style="color:#C3E88D">pc</span><span style="color:#89DDFF">'</span><span style="color:#BABED8">]</span><span style="color:#89DDFF">,</span></span>
<span data-line=""><span style="color:#F07178">      control</span><span style="color:#89DDFF">:</span><span style="color:#89DDFF"> {</span><span style="color:#F07178"> type</span><span style="color:#89DDFF">:</span><span style="color:#89DDFF"> '</span><span style="color:#C3E88D">radio</span><span style="color:#89DDFF">'</span><span style="color:#89DDFF"> },</span></span>
<span data-line=""><span style="color:#89DDFF">    },</span></span>
<span data-line=""><span style="color:#F07178">    slot</span><span style="color:#89DDFF">:</span><span style="color:#89DDFF"> {</span></span>
<span data-line=""><span style="color:#F07178">      options</span><span style="color:#89DDFF">:</span><span style="color:#BABED8"> [</span><span style="color:#89DDFF">'</span><span style="color:#C3E88D">header</span><span style="color:#89DDFF">'</span><span style="color:#89DDFF">,</span><span style="color:#89DDFF"> '</span><span style="color:#C3E88D">toolbar left</span><span style="color:#89DDFF">'</span><span style="color:#89DDFF">,</span><span style="color:#89DDFF"> '</span><span style="color:#C3E88D">toolbar right</span><span style="color:#89DDFF">'</span><span style="color:#89DDFF">,</span><span style="color:#89DDFF"> '</span><span style="color:#C3E88D">more</span><span style="color:#89DDFF">'</span><span style="color:#BABED8">]</span><span style="color:#89DDFF">,</span></span>
<span data-line=""><span style="color:#F07178">      control</span><span style="color:#89DDFF">:</span><span style="color:#89DDFF"> {</span><span style="color:#F07178"> type</span><span style="color:#89DDFF">:</span><span style="color:#89DDFF"> '</span><span style="color:#C3E88D">radio</span><span style="color:#89DDFF">'</span><span style="color:#89DDFF"> },</span></span>
<span data-line=""><span style="color:#89DDFF">    },</span></span>
<span data-line=""><span style="color:#89DDFF">  },</span></span>
<span data-line=""><span style="color:#89DDFF">};</span></span>
<span data-line=""><span style="color:#89DDFF;font-style:italic">export</span><span style="color:#C792EA"> const</span><span style="color:#BABED8"> Pair </span><span style="color:#89DDFF">=</span><span style="color:#89DDFF"> {</span></span>
<span data-line=""><span style="color:#F07178">  name</span><span style="color:#89DDFF">:</span><span style="color:#89DDFF"> '</span><span style="color:#C3E88D">Pair</span><span style="color:#89DDFF">'</span><span style="color:#89DDFF">,</span></span>
<span data-line=""><span style="color:#F07178">  action</span><span style="color:#89DDFF">:</span><span style="color:#82AAFF"> clickPair</span><span style="color:#BABED8">(</span><span style="color:#89DDFF">'</span><span style="color:#C3E88D">toolbar</span><span style="color:#89DDFF">'</span><span style="color:#BABED8">)</span><span style="color:#89DDFF">,</span></span>
<span data-line=""><span style="color:#F07178">  render</span><span style="color:#89DDFF">:</span><span style="color:#BABED8"> Template</span><span style="color:#89DDFF">,</span></span>
<span data-line=""><span style="color:#F07178">  args</span><span style="color:#89DDFF">:</span><span style="color:#89DDFF"> {</span></span>
<span data-line=""><span style="color:#F07178">    type</span><span style="color:#89DDFF">:</span><span style="color:#89DDFF"> '</span><span style="color:#C3E88D">mobile</span><span style="color:#89DDFF">'</span><span style="color:#89DDFF">,</span></span>
<span data-line=""><span style="color:#F07178">    slot</span><span style="color:#89DDFF">:</span><span style="color:#89DDFF"> '</span><span style="color:#C3E88D">header</span><span style="color:#89DDFF">'</span><span style="color:#89DDFF">,</span></span>
<span data-line=""><span style="color:#89DDFF">  },</span></span>
<span data-line=""><span style="color:#F07178">  parameter</span><span style="color:#89DDFF">:</span><span style="color:#89DDFF"> {</span></span>
<span data-line=""><span style="color:#676E95;font-style:italic">    /* ... */</span></span>
<span data-line=""><span style="color:#89DDFF">  },</span></span>
<span data-line=""><span style="color:#89DDFF">};</span></span></code></pre>
      </figure>
      <h2
        id="mdx-v2"
        class="font-semibold leading-snug pb-0.5 pt-6 mb-2 group text-3xl mt-12 border-b border-[hsl(210deg_18%_87%_/100%)]"
      >
        <a aria-hidden="true" tabindex="-1" href="#mdx-v2"
          ><span
            class="icon icon-link opacity-0 group-hover:opacity-100 ease-in-out transition-opacity duration-300 before:absolute before:w-[40px] before:left-[-25px] before:content-[&quot;⧉&quot;] before:text-[#61768f] before:mr-2"
          ></span></a
        >MDX v2
      </h2>
      <div class="img-container">
        <div class="flex justify-center min-h-[200px] mt-3 mb-3 w-full">
          <img
            class="w-full h-full cursor-zoom-in object-contain max-h-[550px]"
            alt="MDX"
            src="/posts/storybook7/MDX.webp"
          />
        </div>
      </div>
      <figure data-rehype-pretty-code-figure="">
        <pre
          tabindex="0"
          data-language="jsx"
          data-theme="material-theme-palenight"
        ><code data-language="jsx" data-theme="material-theme-palenight" style="display:grid"><span data-line=""><span style="color:#676E95;font-style:italic">// v6 guide.stories.mdx</span></span>
<span data-line=""><span style="color:#89DDFF">&lt;</span><span style="color:#FFCB6B">Meta</span><span style="color:#C792EA"> title</span><span style="color:#89DDFF">=</span><span style="color:#89DDFF">"</span><span style="color:#C3E88D">Component/Title/Guide</span><span style="color:#89DDFF">"</span><span style="color:#89DDFF"> /&gt;</span></span>
<span data-line=""><span style="color:#89DDFF">&lt;</span><span style="color:#FFCB6B">Story</span><span style="color:#C792EA"> id</span><span style="color:#89DDFF">=</span><span style="color:#89DDFF">"</span><span style="color:#C3E88D">component-title--red-title</span><span style="color:#89DDFF">"</span><span style="color:#89DDFF"> /&gt;</span></span>
<span data-line=""> </span>
<span data-line=""><span style="color:#676E95;font-style:italic">// v7 guide.mdx</span></span>
<span data-line=""><span style="color:#89DDFF;font-style:italic">import</span><span style="color:#BABED8"> TitleGuide</span><span style="color:#89DDFF">,</span><span style="color:#89DDFF"> {</span><span style="color:#BABED8">RedTitle</span><span style="color:#89DDFF">}</span><span style="color:#89DDFF;font-style:italic"> from</span><span style="color:#89DDFF"> "</span><span style="color:#C3E88D">./Component/TitleGuide</span><span style="color:#89DDFF">"</span><span style="color:#89DDFF">;</span></span>
<span data-line=""><span style="color:#89DDFF">&lt;</span><span style="color:#FFCB6B">Meta</span><span style="color:#C792EA"> of</span><span style="color:#89DDFF">={</span><span style="color:#BABED8">TitleGuide</span><span style="color:#89DDFF">} /&gt;</span></span>
<span data-line=""><span style="color:#89DDFF">&lt;</span><span style="color:#FFCB6B">Story</span><span style="color:#C792EA"> of</span><span style="color:#89DDFF">={</span><span style="color:#BABED8">RedTitle</span><span style="color:#89DDFF">} /&gt;</span></span>
<span data-line=""> </span>
<span data-line=""><span style="color:#676E95;font-style:italic">// ./Component/TitleGuide.stories.mdx</span></span>
<span data-line=""><span style="color:#89DDFF;font-style:italic">export</span><span style="color:#C792EA"> const</span><span style="color:#BABED8"> RedTitle </span><span style="color:#89DDFF">=</span><span style="color:#89DDFF"> {</span><span style="color:#676E95;font-style:italic"> /* ... */</span><span style="color:#89DDFF"> };</span></span>
<span data-line=""><span style="color:#89DDFF;font-style:italic">export</span><span style="color:#89DDFF;font-style:italic"> default</span><span style="color:#89DDFF"> {</span></span>
<span data-line=""><span style="color:#F07178">  title</span><span style="color:#89DDFF">:</span><span style="color:#89DDFF">'</span><span style="color:#C3E88D">Component/Title/Guide</span><span style="color:#89DDFF">'</span><span style="color:#89DDFF">,</span></span>
<span data-line=""><span style="color:#89DDFF">};</span></span></code></pre>
      </figure>
      <p class="mt-4 mb-4">v7이 되면서 MDX1에서 MDX2로 업데이트 되었다.</p>
      <p class="mt-4 mb-4">
        기존에는 mdx 파일과 스토리 파일을 ID 스트링으로 연결했었다. v7 부터는
        조금 더 코드 친화적으로 컴포넌트와 문서를 이어줄 수 있게 되었다.
      </p>
      <p class="mt-4 mb-4">
        MDX2는 내장 jsx 및 플러그인을 지원하기 때문에 동적인 문서를 만들기에
        더욱 좋아졌다.
      </p>
      <p class="mt-4 mb-4">
        확장자에 변화도 생겼다. <code>{name}.stories.mdx</code>와 같이 닷(.)으로
        이어진 확장자는 인식하지 못한다. <code>{name}.mdx</code>로 파일명 수정이
        필요하다.
      </p>
      <figure data-rehype-pretty-code-figure="">
        <pre
          tabindex="0"
          data-language="jsx"
          data-theme="material-theme-palenight"
        ><code data-language="jsx" data-theme="material-theme-palenight" style="display:grid"><span data-line=""><span style="color:#89DDFF">|</span><span style="color:#BABED8">   name   </span><span style="color:#89DDFF">|</span><span style="color:#BABED8">       type       </span><span style="color:#89DDFF">|</span><span style="color:#BABED8">    description     </span><span style="color:#89DDFF">|</span></span>
<span data-line=""><span style="color:#89DDFF">|</span><span style="color:#BABED8"> :</span><span style="color:#89DDFF">------</span><span style="color:#BABED8">: </span><span style="color:#89DDFF">|</span><span style="color:#BABED8"> :</span><span style="color:#89DDFF">--------------</span><span style="color:#BABED8">: </span><span style="color:#89DDFF">|</span><span style="color:#BABED8"> :</span><span style="color:#89DDFF">----------------</span><span style="color:#BABED8">: </span><span style="color:#89DDFF">|</span></span>
<span data-line=""><span style="color:#89DDFF">|</span><span style="color:#BABED8"> videoRef </span><span style="color:#89DDFF">|</span><span style="color:#BABED8"> HTMLVideoElement </span><span style="color:#89DDFF">|</span><span style="color:#BABED8">   video element    </span><span style="color:#89DDFF">|</span></span>
<span data-line=""><span style="color:#89DDFF">|</span><span style="color:#BABED8">  event   </span><span style="color:#89DDFF">|</span><span style="color:#BABED8">    MouseEvent    </span><span style="color:#89DDFF">|</span><span style="color:#BABED8"> click event object </span><span style="color:#89DDFF">|</span></span></code></pre>
      </figure>
      <p class="mt-4 mb-4">
        기본적으로 MDX는
        <a
          href="https://github.github.com/gfm/"
          class="underline-highlight-fade"
          target="_blank"
          rel="noreferrer noopener"
          >GitHub-flavored markdown(GFM)</a
        >이 꺼져있으므로 위와 같은 테이블 마크다운이 깨질 수 있다.
      </p>
      <p class="mt-4 mb-4">
        이는
        <a
          href="https://storybook.js.org/docs/react/writing-docs/mdx#lack-of-github-flavored-markdown-gfm"
          class="underline-highlight-fade"
          target="_blank"
          rel="noreferrer noopener"
          >remarkGfm을 설치하여 수정</a
        >하여야 한다.
      </p>
      <h2
        id="그-외"
        class="font-semibold leading-snug pb-0.5 pt-6 mb-2 group text-3xl mt-12 border-b border-[hsl(210deg_18%_87%_/100%)]"
      >
        <a aria-hidden="true" tabindex="-1" href="#그-외"
          ><span
            class="icon icon-link opacity-0 group-hover:opacity-100 ease-in-out transition-opacity duration-300 before:absolute before:w-[40px] before:left-[-25px] before:content-[&quot;⧉&quot;] before:text-[#61768f] before:mr-2"
          ></span></a
        >그 외
      </h2>
      <div class="img-container">
        <div class="flex justify-center min-h-[200px] mt-3 mb-3 w-full">
          <img
            class="w-full h-full cursor-zoom-in object-contain max-h-[550px]"
            alt="support"
            src="/posts/storybook7/support.webp"
          />
        </div>
      </div>
      <p class="mt-4 mb-4">
        설정 수정 없이 Vite, NextJS, SvelteKit을 지원한다.
      </p>
      <p class="mt-4 mb-4">
        본인은 Webpack에서 Vite로 마이그레이션을 고려하고 있었는데 이번 버전이
        좋은 기회가 될꺼라 기대하고 있다.
      </p>
      <div class="img-container">
        <div class="flex justify-center min-h-[200px] mt-3 mb-3 w-full">
          <img
            class="w-full h-full cursor-zoom-in object-contain max-h-[550px]"
            alt="test-coverage"
            src="/posts/storybook7/test-coverage.webp"
          />
        </div>
      </div>
      <p class="mt-4 mb-4">
        스토리북은 이전부터 테스팅 도구로써의 포지션을 견고히 하고자 하는데,
        이번 버전에서도 상당부분 업데이트가 되어 있다.
      </p>
      <p class="mt-4 mb-4">
        v7에는 코드 커버리지 기능이 추가되었다. 테스트 코드의 누락을 조금 더
        쉽게 찾을수 있게 되었다.
      </p>
      <div class="img-container">
        <div class="flex justify-center min-h-[200px] mt-3 mb-3 w-full">
          <img
            class="w-full h-full cursor-zoom-in object-contain max-h-[550px]"
            alt="test"
            src="/posts/storybook7/test.webp"
          />
        </div>
      </div>
      <figure data-rehype-pretty-code-figure="">
        <pre
          tabindex="0"
          data-language="tsx"
          data-theme="material-theme-palenight"
        ><code data-language="tsx" data-theme="material-theme-palenight" style="display:grid"><span data-line=""><span style="color:#C792EA">const</span><span style="color:#BABED8"> meta</span><span style="color:#89DDFF">:</span><span style="color:#FFCB6B"> Meta</span><span style="color:#89DDFF">&lt;typeof</span><span style="color:#BABED8"> SignupForm</span><span style="color:#89DDFF">&gt;</span><span style="color:#89DDFF"> =</span><span style="color:#89DDFF"> {</span></span>
<span data-line=""><span style="color:#F07178">  title</span><span style="color:#89DDFF">:</span><span style="color:#89DDFF"> '</span><span style="color:#C3E88D">SignupForm</span><span style="color:#89DDFF">'</span><span style="color:#89DDFF">,</span></span>
<span data-line=""><span style="color:#F07178">  component</span><span style="color:#89DDFF">:</span><span style="color:#BABED8"> SignupForm</span><span style="color:#89DDFF">,</span></span>
<span data-line=""><span style="color:#89DDFF">};</span></span>
<span data-line=""><span style="color:#89DDFF;font-style:italic">export</span><span style="color:#89DDFF;font-style:italic"> default</span><span style="color:#BABED8"> meta</span><span style="color:#89DDFF">;</span></span>
<span data-line=""><span style="color:#C792EA">type</span><span style="color:#FFCB6B"> Story</span><span style="color:#89DDFF"> =</span><span style="color:#FFCB6B"> StoryObj</span><span style="color:#89DDFF">&lt;typeof</span><span style="color:#BABED8"> SignupForm</span><span style="color:#89DDFF">&gt;;</span></span>
<span data-line=""> </span>
<span data-line=""><span style="color:#89DDFF;font-style:italic">export</span><span style="color:#C792EA"> const</span><span style="color:#BABED8"> Submitted</span><span style="color:#89DDFF">:</span><span style="color:#FFCB6B"> Story</span><span style="color:#89DDFF"> =</span><span style="color:#89DDFF"> {</span></span>
<span data-line=""><span style="color:#82AAFF">  play</span><span style="color:#89DDFF">:</span><span style="color:#C792EA"> async</span><span style="color:#89DDFF"> ({</span><span style="color:#BABED8;font-style:italic"> args</span><span style="color:#89DDFF">,</span><span style="color:#BABED8;font-style:italic"> canvasElement</span><span style="color:#89DDFF">,</span><span style="color:#BABED8;font-style:italic"> step</span><span style="color:#89DDFF"> })</span><span style="color:#C792EA"> =&gt;</span><span style="color:#89DDFF"> {</span></span>
<span data-line=""><span style="color:#C792EA">    const</span><span style="color:#BABED8"> canvas</span><span style="color:#89DDFF"> =</span><span style="color:#82AAFF"> within</span><span style="color:#F07178">(</span><span style="color:#BABED8">canvasElement</span><span style="color:#F07178">)</span><span style="color:#89DDFF">;</span></span>
<span data-line=""> </span>
<span data-line=""><span style="color:#89DDFF;font-style:italic">    await</span><span style="color:#82AAFF"> step</span><span style="color:#F07178">(</span><span style="color:#89DDFF">'</span><span style="color:#C3E88D">Enter email and password</span><span style="color:#89DDFF">'</span><span style="color:#89DDFF">,</span><span style="color:#C792EA"> async</span><span style="color:#89DDFF"> ()</span><span style="color:#C792EA"> =&gt;</span><span style="color:#89DDFF"> {</span></span>
<span data-line=""><span style="color:#89DDFF;font-style:italic">      await</span><span style="color:#BABED8"> userEvent</span><span style="color:#89DDFF">.</span><span style="color:#82AAFF">type</span><span style="color:#F07178">(</span><span style="color:#BABED8">canvas</span><span style="color:#89DDFF">.</span><span style="color:#82AAFF">getByTestId</span><span style="color:#F07178">(</span><span style="color:#89DDFF">'</span><span style="color:#C3E88D">email</span><span style="color:#89DDFF">'</span><span style="color:#F07178">)</span><span style="color:#89DDFF">,</span><span style="color:#89DDFF"> '</span><span style="color:#C3E88D">hi@example.com</span><span style="color:#89DDFF">'</span><span style="color:#F07178">)</span><span style="color:#89DDFF">;</span></span>
<span data-line=""><span style="color:#89DDFF;font-style:italic">      await</span><span style="color:#BABED8"> userEvent</span><span style="color:#89DDFF">.</span><span style="color:#82AAFF">type</span><span style="color:#F07178">(</span><span style="color:#BABED8">canvas</span><span style="color:#89DDFF">.</span><span style="color:#82AAFF">getByTestId</span><span style="color:#F07178">(</span><span style="color:#89DDFF">'</span><span style="color:#C3E88D">password</span><span style="color:#89DDFF">'</span><span style="color:#F07178">)</span><span style="color:#89DDFF">,</span><span style="color:#89DDFF"> '</span><span style="color:#C3E88D">supersecret</span><span style="color:#89DDFF">'</span><span style="color:#F07178">)</span><span style="color:#89DDFF">;</span></span>
<span data-line=""><span style="color:#89DDFF">    }</span><span style="color:#F07178">)</span><span style="color:#89DDFF">;</span></span>
<span data-line=""> </span>
<span data-line=""><span style="color:#89DDFF;font-style:italic">    await</span><span style="color:#82AAFF"> step</span><span style="color:#F07178">(</span><span style="color:#89DDFF">'</span><span style="color:#C3E88D">Submit form</span><span style="color:#89DDFF">'</span><span style="color:#89DDFF">,</span><span style="color:#C792EA"> async</span><span style="color:#89DDFF"> ()</span><span style="color:#C792EA"> =&gt;</span><span style="color:#89DDFF"> {</span></span>
<span data-line=""><span style="color:#89DDFF;font-style:italic">      await</span><span style="color:#BABED8"> userEvent</span><span style="color:#89DDFF">.</span><span style="color:#82AAFF">click</span><span style="color:#F07178">(</span><span style="color:#BABED8">canvas</span><span style="color:#89DDFF">.</span><span style="color:#82AAFF">getByRole</span><span style="color:#F07178">(</span><span style="color:#89DDFF">'</span><span style="color:#C3E88D">button</span><span style="color:#89DDFF">'</span><span style="color:#F07178">))</span><span style="color:#89DDFF">;</span></span>
<span data-line=""><span style="color:#89DDFF">    }</span><span style="color:#F07178">)</span><span style="color:#89DDFF">;</span></span>
<span data-line=""><span style="color:#89DDFF">  },</span></span>
<span data-line=""><span style="color:#89DDFF">};</span></span></code></pre>
      </figure>
      <p class="mt-4 mb-4">
        기존의 <code>play</code> 함수에서 추가된 <code>step</code>을 활용해
        컴포넌트 테스트의 그룹화가 가능해졌다.
      </p>
      <p class="mt-4 mb-4">
        테스트 그룹을 통해 해당 테스트를 사람이 이해하기 편해졌다.
      </p>
      <h2
        id="마무리"
        class="font-semibold leading-snug pb-0.5 pt-6 mb-2 group text-3xl mt-12 border-b border-[hsl(210deg_18%_87%_/100%)]"
      >
        <a aria-hidden="true" tabindex="-1" href="#마무리"
          ><span
            class="icon icon-link opacity-0 group-hover:opacity-100 ease-in-out transition-opacity duration-300 before:absolute before:w-[40px] before:left-[-25px] before:content-[&quot;⧉&quot;] before:text-[#61768f] before:mr-2"
          ></span></a
        >마무리
      </h2>
      <p class="mt-4 mb-4">
        Storybook v7은 전반적으로 Developer Experience 향상이 눈에 보이므로
        스토리북을 지속적으로 사용할 계획이라면 업데이트 하는것이 좋아보인다.
      </p>
      <ol class="min-[790px]:ml-6 ml-4 list-decimal">
        <li>빨라진 빌드 시간</li>
        <li>개발자 친화적으로 변화한 CSF, MDX</li>
        <li>테스트 그룹화 지원으로 그룹 단위 테스트가 가능해졌다.</li>
      </ol>
      <h2
        id="참고"
        class="font-semibold leading-snug pb-0.5 pt-6 mb-2 group text-3xl mt-12 border-b border-[hsl(210deg_18%_87%_/100%)]"
      >
        <a aria-hidden="true" tabindex="-1" href="#참고"
          ><span
            class="icon icon-link opacity-0 group-hover:opacity-100 ease-in-out transition-opacity duration-300 before:absolute before:w-[40px] before:left-[-25px] before:content-[&quot;⧉&quot;] before:text-[#61768f] before:mr-2"
          ></span></a
        >참고
      </h2>
      <ul class="min-[790px]:ml-6 ml-4 list-disc">
        <li>
          <a
            href="https://storybook.js.org/blog/storybook-7-0/"
            class="underline-highlight-fade"
            target="_blank"
            rel="noreferrer noopener"
            >https://storybook.js.org/blog/storybook-7-0/</a
          >
        </li>
        <li>
          <a
            href="https://storybook.js.org/blog/storybook-7-docs/"
            class="underline-highlight-fade"
            target="_blank"
            rel="noreferrer noopener"
            >https://storybook.js.org/blog/storybook-7-docs/</a
          >
        </li>
      </ul>
    </div>
    <aside
      class="absolute top-0 inline-block h-full break-words left-full max-xl:hidden"
      aria-label="index"
    >
      <ul
        class="ml-9 sticky pl-4 top-32 w-[calc(50vw-35vw)] border-l-2 border-l-base min-[1320px]:ml-20 min-[1320px]:top-48"
      >
        <li
          id="tldr"
          class="pt-0.5 text-base select-none cursor-pointer mb-0.5 hover:text-sub-blue"
        >
          TL;DR!
        </li>
        <li
          id="사전-번들-제공"
          class="pt-0.5 text-base select-none cursor-pointer mb-0.5 hover:text-sub-blue"
        >
          사전 번들 제공
        </li>
        <li
          id="csf-v3"
          class="pt-0.5 text-base select-none cursor-pointer mb-0.5 hover:text-sub-blue"
        >
          CSF v3
        </li>
        <li
          id="mdx-v2"
          class="pt-0.5 text-base select-none cursor-pointer mb-0.5 hover:text-sub-blue"
        >
          MDX v2
        </li>
        <li
          id="그-외"
          class="pt-0.5 text-base select-none cursor-pointer mb-0.5 hover:text-sub-blue"
        >
          그 외
        </li>
        <li
          id="마무리"
          class="pt-0.5 text-base select-none cursor-pointer mb-0.5 hover:text-sub-blue"
        >
          마무리
        </li>
        <li
          id="참고"
          class="pt-0.5 text-base select-none cursor-pointer mb-0.5 hover:text-sub-blue"
        >
          참고
        </li>
      </ul>
    </aside>
  </section>
  <a
    class="inline-block text-[#30ffcb] leading-[1.1] after:transition-[width] after:duration-500 ease-in-out hover:after:w-[100%] after:w-0 after:block after:h-[1px] print:text-black print:underline after:bg-[#30ffcb] after:content-[&quot;&quot;] mt-24 [&amp;&amp;]:text-transparent bg-rainbow-water bg-clip-text bg-[length:400%_400%] animate-rainbow-water"
    href="https://github.com/1ilsang/dev/issues/new?labels=🧊 comment&amp;assignees=1ilsang&amp;title=[🧊] Storybook%207.0%20%EC%82%B4%ED%8E%B4%EB%B3%B4%EA%B8%B0&amp;body=&lt;!-- 환영합니다. 이슈 남겨주시면 빠르게 답변드리겠습니다. 🙇 --&gt;"
    rel="noopener noreferrer"
    target="_blank"
    >📮 이 포스트에 관심 있으신가요? 이슈를 남겨주세요! 👍</a
  >
  <div class="flex items-center mt-4 mb-56">
    <iframe
      class="border-0 rounded-md cursor-pointer object-contain hover:animate-bouncing"
      src="https://github.com/sponsors/1ilsang/button"
      title="Sponsor 1ilsang"
      height="32"
      width="114"
    ></iframe>
  </div>
</section>
