<progress class="[&amp;::-webkit-progress-bar]:bg-sub-blue fixed top-0 left-0 z-10 w-full h-[3px] [&amp;::-webkit-progress-value]:bg-base-og" value="0" max="1"></progress><nav class="fixed z-40 flex flex-wrap w-full justify-between justify-items-center water-rainbow opacity-10	md:opacity-100 shadow-nav shadow-lg"><h2 class="tracking-tight mr-6 text-2xl	font-bold	my-2 ml-3.5"><a class="hover-underline" href="/">1ilsang</a></h2><div class="flex"><h2 class="tracking-tight mr-6 text-xl mt-2.5"><a class="hover-underline" href="/posts">posts</a></h2><h2 class="tracking-tight mr-6 text-xl mt-2.5"><a class="hover-underline" href="/tags">tags</a></h2><div class="mr-2 w-8 h-8 mt-2" role="img" aria-label="1ilsang character"><a href="/about"><img class="border border-solid rounded-full border-white-blue" src="/images/chul.webp" alt="1ilsang"></a></div></div></nav><section class="h-auto min-h-full max-w-screen-md py-20 md:py-28 mx-4 min-[790px]:m-auto print:py-0"><h1 class="text-4xl md:text-6xl break-words">러스트 시작! - 유데미 Rust Programming를 수강하며</h1><section class="flex items-center mt-4"><div class="mr-2 w-9	h-9 md:w-12 md:h-12" role="img" aria-label="1ilsang character"><a href="/about"><img class="border border-solid rounded-full border-sub-blue" src="/images/chul.webp" alt="1ilsang"></a></div><div><a class="text-lg" href="/about">1ilsang</a><div class="text-sub-blue text-sm">클라이밍 하실래염?</div></div></section><section class="flex flex-wrap mt-2 items-end"><a class="text-highlight print:text-black hover:underline mr-2" target="_self" href="/tags/udemy">#<!-- -->udemy</a><a class="text-highlight print:text-black hover:underline mr-2" target="_self" href="/tags/rust">#<!-- -->rust</a></section><section><div class="text-date-gray inline">Published <time datetime="2024-01-13 16:47">2024-01-13 16:47</time></div></section><section id="post-body-container" class="relative"><div class="markdown"><p></p><div class="img-container"><div class="img-wrap cover"><img src="https://github.com/1ilsang/dev/assets/23524849/847f2f42-7697-49ff-852d-cbdd7cd8cf50" alt="cover"></div></div><p></p>
<p><a class="underline-highlight-fade" target="_blank" href="https://zzsza.notion.site/zzsza/ac5b18a482fb4df497d4e8257ad4d516" rel="noreferrer noopener">글또</a>에서 유데미를 수강할 수 있는 기회를 얻었다. 무엇을 선택할지 고민하다 <a class="underline-highlight-fade" target="_blank" href="https://www.udemy.com/course/rust-programming-korean/" rel="noreferrer noopener">Rust Programming 핵심 강의</a>를 선택했다.</p>
<h2 id="수강-이유" data-heading="true"><a data-heading="true" href="#수강-이유"><span class="icon icon-link"></span></a>수강 이유</h2>
<p>작년부터 러스트에 대한 관심이 있었는데 이런저런 핑계로 하지 않았었다.</p>
<p>새로운 언어를 배워보고 싶기도 했고 프런트엔드 생태계의 여러 도구가 러스트화 되는 것을 보며 <u>올해는 꼭 러스트 해봐야지!</u>라고 신년 다짐을 세우고 있었는데 마침 수강 기회가 있어 바로 선택하게 되었다.</p>
<h2 id="과정" data-heading="true"><a data-heading="true" href="#과정"><span class="icon icon-link"></span></a>과정</h2>
<p>수강 이유에서도 밝혔지만, 언어 자체에 흥미가 있었기 때문에 <u>열심히 해보고 싶었다.</u></p>
<p>강의만 있으면 분명 미루고 미루다 안 볼 것 같다는 강한 의심이 있었기 때문에 "선언 효과"로 나에게 강제를 주고 동료를 모아 "상호보완"을 하고 싶었다. 따라서 수강하기 전부터 어떤 식으로 학습할지 계획을 세웠다.</p>
<p>나는 두 가지 방식으로 접근했다.</p>
<ol>
<li>슬랙 채널을 만들고 관리하기</li>
<li>스터디를 모집해 의견 교환하기</li>
</ol>
<h3 id="러스또" data-heading="true"><a data-heading="true" href="#러스또"><span class="icon icon-link"></span></a>러스또</h3>
<p></p><div class="img-container"><div class="img-wrap"><img src="https://github.com/1ilsang/dev/assets/23524849/90f49983-3099-486f-8355-fbc1296040ef" alt="rustto-pin"></div></div><p></p>
<p>선언 효과의 일환으로 글또 커뮤니티에 <code>#러스또</code> 채널을 만들고 홍보하기 시작했다.</p>
<p>스터디 모집뿐만 아니라 앞으로의 포부도 밝히며(..) 선언 효과(다른말로 업보) 강하게 적용했다.</p>
<p>31분이 채널에 들어와 주셨고 채널이 죽지 않도록 주기적으로 업데이트하고자 했다.</p>
<h3 id="정리-및-공유" data-heading="true"><a data-heading="true" href="#정리-및-공유"><span class="icon icon-link"></span></a>정리 및 공유</h3>
<p></p><div class="img-container"><div class="img-wrap l"><img src="https://github.com/1ilsang/dev/assets/23524849/3ed8cd05-d2bb-4fa2-9e4f-ef29293821a7" alt="udemy-summary"></div></div><p></p>
<p>강의 내용이 초심자에게 적절해서 재밌게 볼 수 있었다. 중간중간 내용을 쭉 정리하고 자바스크립트랑 비교도 해보면서 능동적으로 학습하려고 했다.</p>
<p>예제가 많고 라인바이라인으로 설명해 줘서 잘 따라갈 수 있었다. 키워드 하나도 그냥 넘어가는 게 없었던 것이 좋은 포인트였다. 특정 패턴들은 자주 사용되는 코딩 패턴이라고 설명 및 소개해줘서 실제로 어떤 식으로 코딩을 이어나가야 할지 최소한의 길잡이는 해주었다고 생각한다.</p>
<p>챕터별 학습 내용뿐만 아니라 중간중간 의문이 든 내용들은 <a class="underline-highlight-fade" target="_blank" href="https://github.com/1ilsang/rust-practice" rel="noreferrer noopener">꽃게탕 레포</a>에 정리해 나갔고 <code>#러스또</code> 채널에도 공유하면서 선지자들의 피드백도 기대했다.</p>
<h3 id="스터디" data-heading="true"><a data-heading="true" href="#스터디"><span class="icon icon-link"></span></a>스터디</h3>
<p></p><div class="img-container"><div class="img-wrap l"><img src="https://github.com/1ilsang/dev/assets/23524849/589b1d6b-3c8f-402a-818d-874474891bb7" alt="study"></div></div><p></p>
<p>나는 스터디에서 시너지가 많이 나는 편인 듯하다. 다른 분들에게 더 도움이 되고 싶어 열심히 공부했고 정말 이해하고 있는 건지 알기 위해 설명해 보려고 노력했다.</p>
<p><code>Box</code>, <code>*</code>로 힙 영역을 넘나든다거나 <code>소유권</code> 등은 JS에는 없던 개념이기 때문에 프로그래밍 시야가 더 넓어질 기회가 되었다.</p>
<h2 id="마치며" data-heading="true"><a data-heading="true" href="#마치며"><span class="icon icon-link"></span></a>마치며</h2>
<p></p><div class="img-container"><div class="img-wrap"><img src="https://github.com/1ilsang/dev/assets/23524849/406af542-bfdb-4e17-b088-c2c1fa6d72ab" alt="certificate"></div></div><p></p>
<p>위의 과정을 매주 반복한 덕인지는 모르겠지만 다행히 3주 완성으로 아주 기초적인 문법은 배웠다.</p>
<p>Rust 오픈소스에 기여해 보는 것을 목표로 하고 있기 때문에 토이 프로젝트를 만들면서 기본기를 다지고자 한다.</p>
<p>지금 생각하고 있는 프로젝트는 모노레포에서 각 디렉터리 구조를 분석해서 차이점이 있는 부분을 찾고 CLI로 수정하는 라이브러리이다.</p>
<ul>
<li><a class="underline-highlight-fade" target="_blank" href="https://github.com/1ilsang/fhf" rel="noreferrer noopener">https://github.com/1ilsang/fhf</a></li>
</ul>
<p>가보자고!</p>
<blockquote>
<p>해당 콘텐츠는 유데미로부터 강의 쿠폰을 제공받아 작성되었습니다.</p>
</blockquote></div><aside class="absolute inline-block h-full top-0 left-full break-words max-xl:hidden" aria-label="index"><ul class="ml-9 sticky pl-4 top-32 w-[calc(50vw-35vw)] border-l-2 border-l-base min-[1320px]:ml-20 min-[1320px]:top-48"><li data-id="수강-이유" class="pt-0.5 text-base select-none	cursor-pointer hover:text-sub-blue">수강 이유</li><li data-id="과정" class="pt-0.5 text-base select-none	cursor-pointer hover:text-sub-blue">과정</li><li><ul class="ml-2.5 last:mb-2"><li data-id="러스또" class="pt-0.5 text-base select-none	cursor-pointer hover:text-sub-blue before:content-['-'] before:mr-1">러스또</li><li data-id="정리-및-공유" class="pt-0.5 text-base select-none	cursor-pointer hover:text-sub-blue before:content-['-'] before:mr-1">정리 및 공유</li><li data-id="스터디" class="pt-0.5 text-base select-none	cursor-pointer hover:text-sub-blue before:content-['-'] before:mr-1">스터디</li></ul></li><li data-id="마치며" class="pt-0.5 text-base select-none	cursor-pointer hover:text-sub-blue">마치며</li></ul></aside></section><a class="highlighter mt-24 [&amp;&amp;]:text-transparent bg-rainbow-water bg-clip-text bg-[length:400%_400%] animate-rainbow-water" href="https://github.com/1ilsang/dev/issues/new?labels=🧊 comment&amp;assignees=1ilsang&amp;title=[🧊] %EB%9F%AC%EC%8A%A4%ED%8A%B8%20%EC%8B%9C%EC%9E%91!%20-%20%EC%9C%A0%EB%8D%B0%EB%AF%B8%20Rust%20Programming%EB%A5%BC%20%EC%88%98%EA%B0%95%ED%95%98%EB%A9%B0&amp;body=<!-- 환영합니다. 이슈 남겨주시면 빠르게 답변드리겠습니다. 🙇 -->" rel="noopener noreferrer" target="_blank">📮 이 포스트에 관심 있으신가요? 이슈를 남겨주세요! 👍</a><div class="flex items-center mt-1.5 mb-56"><div>☕ 소주 한 잔 후원하기</div><sub>(예금주: 이상철)</sub><img class="w-20 cursor-pointer object-contain hover:animate-bouncing" src="/images/logo/toss-pay.webp" alt="toss"><img class="w-12 cursor-pointer object-contain hover:animate-bouncing" src="/images/logo/kakao-pay.webp" alt="kakao"></div></section><footer class="w-full h-screen pt-[50vh] bg-footer"><ul class="text-center"><li class="text-white inline-block text-sm px-4 relative after:content-['•'] after:absolute after:right-[calc(0.2rem*-1)] last:after:content-['']"><a class="hover:text-black" href="/about">1ilsang</a></li><li class="text-white inline-block text-sm px-4 relative after:content-['•'] after:absolute after:right-[calc(0.2rem*-1)] last:after:content-['']"><a class="hover:text-black" href="https://github.com/1ilsang" rel="noopener noreferrer" target="_blank">GitHub</a></li><li class="text-white inline-block text-sm px-4 relative after:content-['•'] after:absolute after:right-[calc(0.2rem*-1)] last:after:content-['']"><a class="hover:text-black" href="https://www.linkedin.com/in/1ilsang" rel="noopener noreferrer" target="_blank">LinkedIn</a></li></ul></footer>