<div class="nav-loading"><progress value="0" max="1"></progress></div><nav class="nav water-rainbow post-nav-trans nav-shadow"><h2 class="nav-text nav-logo"><a class="hover-underline" href="/">1ilsang</a></h2><div class="flex"><h2 class="nav-text"><a class="hover-underline" href="/posts">posts</a></h2><h2 class="nav-text"><a class="hover-underline" href="/tags">tags</a></h2><div class="avatar on-nav"><a href="/about"><img src="/assets/chul.png" alt="1ilsang"></a></div></div></nav><div class="post-container"><h1 class="post-header">우아한 타입스크립트 with 리액트 리뷰</h1><section class="post-profile-container"><div class="avatar on-post"><a href="/about"><img src="/assets/chul.png" alt="1ilsang"></a></div><div><a class="name" href="/about">1ilsang</a><div class="description">클라이밍 하실래염?</div></div></section><section class="flex flex-wrap mt-2 items-end"><a class="hashtag mr-2" target="_self" href="/tags/book">#<!-- -->book</a><a class="hashtag mr-2" target="_self" href="/tags/review">#<!-- -->review</a><a class="hashtag mr-2" target="_self" href="/tags/typescript">#<!-- -->typescript</a><a class="hashtag mr-2" target="_self" href="/tags/react">#<!-- -->react</a></section><div class="date-published"><time class="date-format" datetime="2023-11-24 21:37">2023-11-24 21:37</time> published</div><section id="post-body-container" class="relative"><div class="markdown"><p></p><div class="img-container"><div class="img-wrap cover"><img src="https://github.com/1ilsang/dev/assets/23524849/3e0ae612-003f-43e9-a6b0-d481697fc280" alt="cover"></div></div><p></p>
<p>"우아한 타입스크립트 with 리액트"의 리뷰를 해보려고 한다.</p>
<h2 id="선택하게-된-계기" data-heading="true"><a data-heading="true" href="#선택하게-된-계기"><span class="icon icon-link"></span></a>선택하게 된 계기</h2>
<p>두 가지 캐치프라이즈가 나를 이끌었다고 생각한다.</p>
<ol>
<li>배달의민족 개발 사례로 살펴보는</li>
<li>주니어 개발자를 위한 온보딩 가이드</li>
</ol>
<p>기술 스택이 동일하다 하여도 회사별로 사용 방식이 상당히 상이하다고 느낄 때가 많았기 때문에 이렇게 간접적으로나마 문화나 기술 적용 방식을 체험해 볼 수 있는 서적을 선호한다.</p>
<p>또한 주니어 개발자를 위한 온보딩 가이드를 내걸었으므로 어떻게 신입이 회사의 일원으로 빠르게 흡수될 수 있을지 고민한 흔적이 있을 것이라 기대해 선택하게 되었다.</p>
<h2 id="간단한-요약" data-heading="true"><a data-heading="true" href="#간단한-요약"><span class="icon icon-link"></span></a>간단한 요약</h2>
<p>이 책은 앞에서 타입스크립트를 다루고 뒷부분은 리액트를 활용한 여러 기법이나 패턴에 관해 설명한다.</p>
<p>앞쪽 타입은 신입이 보기에 조금 어려운 타입 좁히기까지 잘 다루고 있다. <code>extends</code>와 <code>infer</code>를 통한 타입 추론이 익숙하지 않다면 읽어보기를 추천하고 싶다.</p>
<p>물론 타입스크립트나 리액트를 깊이 있게 공부하려고 이 책을 선택한다면 조금 부족할 수 있다고 생각한다(애초에 주니어 온보딩 책이다).</p>
<p>온보딩 책인 만큼 API, 리렌더링, 훅스, State 등을 다양한 예제와 패턴을 통해 소개하는데 내용이 좋으므로 사수가 없는 환경에서 개발하는 분들이라면 읽기를 추천하고 싶다.</p>
<h2 id="인상-깊었던-부분" data-heading="true"><a data-heading="true" href="#인상-깊었던-부분"><span class="icon icon-link"></span></a>인상 깊었던 부분</h2>
<p>책을 읽으면서 좋았던 예제나 포인트들을 가볍게 소개하고자 한다.</p>
<h3 id="타-언어의-타입-시스템과-비교" data-heading="true"><a data-heading="true" href="#타-언어의-타입-시스템과-비교"><span class="icon icon-link"></span></a>타 언어의 타입 시스템과 비교</h3>
<p>2장에서 타 언어의 타입 시스템을 거론하며 타입스크립트의 타입 철학을 엿볼 수 있게 해준다. 나는 이 부분이 좋았다.</p>
<ul>
<li>타입스크립트는 다른 명목적으로 구체화한 타입 시스템(Java, C++)과 다르게 <u>구조로 타입을 구분</u>한다.</li>
<li>타입스크립트는 타입 시스템을 집합으로 이해하면 된다. 타입은 값의 집합으로 생각할 수 있다.</li>
</ul>
<figure data-rehype-pretty-code-figure=""><pre tabindex="0" data-language="tsx" data-theme="material-theme-palenight"><code data-language="tsx" data-theme="material-theme-palenight" style="display: grid;"><span data-line=""><span style="color:#C792EA">class</span><span style="color:#FFCB6B"> Person</span><span style="color:#89DDFF"> {</span></span>
<span data-line=""><span style="color:#F07178">  name</span><span style="color:#89DDFF">:</span><span style="color:#FFCB6B"> string</span><span style="color:#89DDFF">;</span></span>
<span data-line=""><span style="color:#C792EA">  constructor</span><span style="color:#89DDFF">(</span><span style="color:#BABED8;font-style:italic">name</span><span style="color:#89DDFF">:</span><span style="color:#FFCB6B"> string</span><span style="color:#89DDFF">)</span><span style="color:#89DDFF"> {</span></span>
<span data-line=""><span style="color:#89DDFF">    this.</span><span style="color:#BABED8">name</span><span style="color:#89DDFF"> =</span><span style="color:#BABED8"> name</span><span style="color:#89DDFF">;</span></span>
<span data-line=""><span style="color:#89DDFF">  }</span></span>
<span data-line=""><span style="color:#89DDFF">}</span></span>
<span data-line=""><span style="color:#C792EA">class</span><span style="color:#FFCB6B"> Developer</span><span style="color:#89DDFF"> {</span></span>
<span data-line=""><span style="color:#F07178">  name</span><span style="color:#89DDFF">:</span><span style="color:#FFCB6B"> string</span><span style="color:#89DDFF">;</span></span>
<span data-line=""><span style="color:#F07178">  age</span><span style="color:#89DDFF">:</span><span style="color:#FFCB6B"> number</span><span style="color:#89DDFF">;</span></span>
<span data-line=""><span style="color:#C792EA">  constructor</span><span style="color:#89DDFF">(</span><span style="color:#BABED8;font-style:italic">name</span><span style="color:#89DDFF">:</span><span style="color:#FFCB6B"> string</span><span style="color:#89DDFF">,</span><span style="color:#BABED8;font-style:italic"> age</span><span style="color:#89DDFF">:</span><span style="color:#FFCB6B"> number</span><span style="color:#89DDFF">)</span><span style="color:#89DDFF"> {</span></span>
<span data-line=""><span style="color:#89DDFF">    this.</span><span style="color:#BABED8">name</span><span style="color:#89DDFF"> =</span><span style="color:#BABED8"> name</span><span style="color:#89DDFF">;</span></span>
<span data-line=""><span style="color:#89DDFF">    this.</span><span style="color:#BABED8">age</span><span style="color:#89DDFF"> =</span><span style="color:#BABED8"> age</span><span style="color:#89DDFF">;</span></span>
<span data-line=""><span style="color:#89DDFF">  }</span></span>
<span data-line=""><span style="color:#89DDFF">}</span></span>
<span data-line=""><span style="color:#C792EA">function</span><span style="color:#82AAFF"> greet</span><span style="color:#89DDFF">(</span><span style="color:#BABED8;font-style:italic">p</span><span style="color:#89DDFF">:</span><span style="color:#FFCB6B"> Person</span><span style="color:#89DDFF">)</span><span style="color:#89DDFF"> {</span></span>
<span data-line=""><span style="color:#BABED8">  console</span><span style="color:#89DDFF">.</span><span style="color:#82AAFF">log</span><span style="color:#F07178">(</span><span style="color:#BABED8">p</span><span style="color:#89DDFF">.</span><span style="color:#BABED8">name</span><span style="color:#F07178">)</span><span style="color:#89DDFF">;</span></span>
<span data-line=""><span style="color:#89DDFF">}</span></span>
<span data-line=""><span style="color:#C792EA">const</span><span style="color:#BABED8"> developer </span><span style="color:#89DDFF">=</span><span style="color:#89DDFF"> new</span><span style="color:#82AAFF"> Developer</span><span style="color:#BABED8">(</span><span style="color:#89DDFF">'</span><span style="color:#C3E88D">zig</span><span style="color:#89DDFF">'</span><span style="color:#89DDFF">,</span><span style="color:#F78C6C"> 20</span><span style="color:#BABED8">)</span><span style="color:#89DDFF">;</span></span>
<span data-line=""> </span>
<span data-line=""><span style="color:#676E95;font-style:italic">// Person 타입을 받지만 Developer 타입 값을 넣어도 무관하다.</span></span>
<span data-line=""><span style="color:#676E95;font-style:italic">// 구조적 서브 타입이기 때문에 에러를 발생시키지 않는다.</span></span>
<span data-line=""><span style="color:#676E95;font-style:italic">// 서로 다른 두 타입 간의 호환성은 오직 타입 내부의 구조에 의해 결정된다.</span></span>
<span data-line=""><span style="color:#82AAFF">greet</span><span style="color:#BABED8">(developer)</span><span style="color:#89DDFF">;</span><span style="color:#676E95;font-style:italic"> // OK</span></span></code></pre></figure>
<ul>
<li>타입스크립트가 위와 같은 구조적 타이핑을 채택한 이유는 자바스크립트를 모델링한 언어이기 때문이다.</li>
<li>자바스크립트는 덕 타이핑(duck typing)을 기반으로 만들어졌다. 덕타입은 매개변수가 올바르게 주어진다면 그 값이 어떻게 만들어졌는지 신경 쓰지 않고 허용한다.</li>
</ul>
<h3 id="타입에-대한-고찰" data-heading="true"><a data-heading="true" href="#타입에-대한-고찰"><span class="icon icon-link"></span></a>타입에 대한 고찰</h3>
<figure data-rehype-pretty-code-figure=""><pre tabindex="0" data-language="ts" data-theme="material-theme-palenight"><code data-language="ts" data-theme="material-theme-palenight" style="display: grid;"><span data-line=""><span style="color:#C792EA">type</span><span style="color:#FFCB6B"> IdType</span><span style="color:#89DDFF"> =</span><span style="color:#FFCB6B"> string</span><span style="color:#89DDFF"> |</span><span style="color:#FFCB6B"> number</span><span style="color:#89DDFF">;</span></span>
<span data-line=""><span style="color:#C792EA">type</span><span style="color:#FFCB6B"> Numeric</span><span style="color:#89DDFF"> =</span><span style="color:#FFCB6B"> number</span><span style="color:#89DDFF"> |</span><span style="color:#FFCB6B"> boolean</span><span style="color:#89DDFF">;</span></span>
<span data-line=""><span style="color:#676E95;font-style:italic">// 교차 타입은 두 타입을 모두 만족하는 경우에만 유지된다.</span></span>
<span data-line=""><span style="color:#C792EA">type</span><span style="color:#FFCB6B"> Universal</span><span style="color:#89DDFF"> =</span><span style="color:#FFCB6B"> IdType</span><span style="color:#89DDFF"> &amp;</span><span style="color:#FFCB6B"> Numeric</span><span style="color:#89DDFF">;</span><span style="color:#676E95;font-style:italic"> // number</span></span>
<span data-line=""> </span>
<span data-line=""><span style="color:#676E95;font-style:italic">// 따라서 두 타입을 만족하지 못하는 경우 never가 된다.</span></span>
<span data-line=""><span style="color:#C792EA">type</span><span style="color:#FFCB6B"> DeliveryTip</span><span style="color:#89DDFF"> =</span><span style="color:#89DDFF"> {</span></span>
<span data-line=""><span style="color:#F07178">  tip</span><span style="color:#89DDFF">:</span><span style="color:#FFCB6B"> number</span><span style="color:#89DDFF">;</span></span>
<span data-line=""><span style="color:#89DDFF">}</span></span>
<span data-line=""><span style="color:#C792EA">type</span><span style="color:#FFCB6B"> Filter</span><span style="color:#89DDFF"> =</span><span style="color:#89DDFF"> {</span></span>
<span data-line=""><span style="color:#F07178">  tip</span><span style="color:#89DDFF">:</span><span style="color:#FFCB6B"> string</span><span style="color:#89DDFF">;</span></span>
<span data-line=""><span style="color:#89DDFF">}</span><span style="color:#89DDFF"> &amp;</span><span style="color:#FFCB6B"> DeliveryTip</span><span style="color:#89DDFF">;</span></span>
<span data-line=""><span style="color:#C792EA">const</span><span style="color:#BABED8"> filter</span><span style="color:#89DDFF">:</span><span style="color:#FFCB6B"> Filter</span><span style="color:#89DDFF"> =</span><span style="color:#89DDFF"> {</span><span style="color:#F07178"> tip</span><span style="color:#89DDFF">:</span><span style="color:#89DDFF"> ...</span><span style="color:#89DDFF"> }</span><span style="color:#676E95;font-style:italic"> // Type '...' is not assignable to type 'never'.</span></span></code></pre></figure>
<p>타입스크립트의 특징(집합적 특징과 구조적 타이핑 등)은 교차 타입에서 혼란을 야기할 수 있다. 이 부분에 대한 내용을 명확하게 설명하고 있다.</p>
<h3 id="개발팀과의-인터뷰" data-heading="true"><a data-heading="true" href="#개발팀과의-인터뷰"><span class="icon icon-link"></span></a>개발팀과의 인터뷰</h3>
<p></p><div class="img-container"><div class="img-wrap"><img src="https://github.com/1ilsang/dev/assets/23524849/7e43ccaf-306d-48f0-b0aa-48151564e8ee" alt="woowa-story"></div></div><p></p>
<p>중간중간 배민 개발팀들이 참조 출연해 해당 타입/기술을 쓰는지, 어떻게 생각하는지 인터뷰하는 것들이 있는데 실무에서 어떻게 생각하는지 생생하게 볼 수 있어서 흥미로웠다.</p>
<p>자연스럽게 나 또한 질문에 대한 답을 해보곤 하면서 더 몰입할 수 있었다.</p>
<h3 id="친절한-설명" data-heading="true"><a data-heading="true" href="#친절한-설명"><span class="icon icon-link"></span></a>친절한 설명</h3>
<figure data-rehype-pretty-code-figure=""><pre tabindex="0" data-language="ts" data-theme="material-theme-palenight"><code data-language="ts" data-theme="material-theme-palenight" style="display: grid;"><span data-line=""><span style="color:#C792EA">type</span><span style="color:#FFCB6B"> CreateMutable</span><span style="color:#89DDFF">&lt;</span><span style="color:#FFCB6B">Type</span><span style="color:#89DDFF">&gt;</span><span style="color:#89DDFF"> =</span><span style="color:#89DDFF"> {</span></span>
<span data-line=""><span style="color:#89DDFF">  -</span><span style="color:#C792EA">readonly</span><span style="color:#BABED8"> [</span><span style="color:#FFCB6B">Property</span><span style="color:#89DDFF"> in</span><span style="color:#89DDFF"> keyof</span><span style="color:#FFCB6B"> Type</span><span style="color:#BABED8">]</span><span style="color:#89DDFF">-?:</span><span style="color:#FFCB6B"> Type</span><span style="color:#BABED8">[</span><span style="color:#FFCB6B">Property</span><span style="color:#BABED8">]</span><span style="color:#89DDFF">;</span><span style="color:#676E95;font-style:italic"> // - 는 오타가 아니다.</span></span>
<span data-line=""><span style="color:#89DDFF">};</span></span>
<span data-line=""> </span>
<span data-line=""><span style="color:#676E95;font-style:italic">// 우아한 타입스크립트 https://www.youtube.com/whatch?v=ViS8DLd6o-E</span></span>
<span data-line=""><span style="color:#676E95;font-style:italic">// 제너릭 T 타입이 K로 추론되는 Promise&lt;K&gt;라면 K를 반환하고 아니라면 any를 반환한다.</span></span>
<span data-line=""><span style="color:#676E95;font-style:italic">// 이를 통해 Promise 반환 타입을 좁혀서 추론할 수 있다.</span></span>
<span data-line=""><span style="color:#C792EA">type</span><span style="color:#FFCB6B"> UnpackPromise</span><span style="color:#89DDFF">&lt;</span><span style="color:#FFCB6B">T</span><span style="color:#89DDFF">&gt;</span><span style="color:#89DDFF"> =</span><span style="color:#FFCB6B"> T</span><span style="color:#C792EA"> extends</span><span style="color:#FFCB6B"> Promise</span><span style="color:#89DDFF">&lt;infer</span><span style="color:#FFCB6B"> K</span><span style="color:#89DDFF">&gt;</span><span style="color:#BABED8">[] </span><span style="color:#89DDFF">?</span><span style="color:#FFCB6B"> K</span><span style="color:#89DDFF"> :</span><span style="color:#FFCB6B"> any</span><span style="color:#89DDFF">;</span></span></code></pre></figure>
<p>타입스크립트의 문법 중에는 처음에 이해하기 어려운 것들이 있는데, 하나하나 과정을 풀어서 설명해 준다.</p>
<h3 id="실용적인-예제" data-heading="true"><a data-heading="true" href="#실용적인-예제"><span class="icon icon-link"></span></a>실용적인 예제</h3>
<p>특정 개념을 설명하고 활용하는 방법을 실무 코드를 기준으로 알려주기 때문에 상당히 실용적인 예제들로 채워져있다.</p>
<figure data-rehype-pretty-code-figure=""><pre tabindex="0" data-language="ts" data-theme="material-theme-palenight"><code data-language="ts" data-theme="material-theme-palenight" style="display: grid;"><span data-line=""><span style="color:#C792EA">const</span><span style="color:#BABED8"> BottomSheetMap </span><span style="color:#89DDFF">=</span><span style="color:#89DDFF"> {</span></span>
<span data-line=""><span style="color:#F07178">  RECENT_CONTACTS</span><span style="color:#89DDFF">:</span><span style="color:#BABED8"> RecentContactsBottomSheet</span><span style="color:#89DDFF">,</span></span>
<span data-line=""><span style="color:#F07178">  CARD_SELECT</span><span style="color:#89DDFF">:</span><span style="color:#BABED8"> CardSelectBottomSheet</span><span style="color:#89DDFF">,</span></span>
<span data-line=""><span style="color:#89DDFF">};</span></span>
<span data-line=""><span style="color:#C792EA">type</span><span style="color:#FFCB6B"> BOTTOM_SHEET_ID</span><span style="color:#89DDFF"> =</span><span style="color:#89DDFF"> keyof</span><span style="color:#89DDFF"> typeof</span><span style="color:#BABED8"> BottomSheetMap</span><span style="color:#89DDFF">;</span></span>
<span data-line=""><span style="color:#C792EA">type</span><span style="color:#FFCB6B"> BottomSheetStore</span><span style="color:#89DDFF"> =</span><span style="color:#89DDFF"> {</span></span>
<span data-line=""><span style="color:#676E95;font-style:italic">  // BOTTOM_SHEET_ID(BottomSheetMap 객체의 key 값)의 property 값을 변환한다.</span></span>
<span data-line=""><span style="color:#BABED8">  [</span><span style="color:#FFCB6B">index</span><span style="color:#89DDFF"> in</span><span style="color:#FFCB6B"> BOTTOM_SHEET_ID</span><span style="color:#89DDFF;font-style:italic"> as</span><span style="color:#89DDFF"> `${</span><span style="color:#FFCB6B">index</span><span style="color:#89DDFF">}</span><span style="color:#C3E88D">_BOTTOM_SHEET_ID</span><span style="color:#89DDFF">`</span><span style="color:#BABED8">]</span><span style="color:#89DDFF">:</span><span style="color:#89DDFF"> {</span></span>
<span data-line=""><span style="color:#676E95;font-style:italic">    // ...</span></span>
<span data-line=""><span style="color:#89DDFF">  };</span></span>
<span data-line=""><span style="color:#89DDFF">};</span></span>
<span data-line=""><span style="color:#C792EA">const</span><span style="color:#BABED8"> store</span><span style="color:#89DDFF">:</span><span style="color:#FFCB6B"> BottomSheetStore</span><span style="color:#89DDFF"> =</span><span style="color:#89DDFF"> {</span></span>
<span data-line=""><span style="color:#F07178">  RECENT_CONTACTS_BOTTOM_SHEET_ID</span><span style="color:#89DDFF">:</span><span style="color:#89DDFF"> {</span><span style="color:#89DDFF"> ...</span><span style="color:#89DDFF"> },</span><span style="color:#676E95;font-style:italic"> // key 값이 index로 가져온 값으로 변환된다.</span></span>
<span data-line=""><span style="color:#F07178">  CARD_SELECT_BOTTOM_SHEET_ID</span><span style="color:#89DDFF">:</span><span style="color:#89DDFF"> {</span><span style="color:#89DDFF"> ...</span><span style="color:#89DDFF"> },</span></span>
<span data-line=""><span style="color:#89DDFF">};</span></span></code></pre></figure>
<p>바텀 시트별 스토어를 선언하면서 키값을 특정하게 강제하고 있다.</p>
<figure data-rehype-pretty-code-figure=""><pre tabindex="0" data-language="ts" data-theme="material-theme-palenight"><code data-language="ts" data-theme="material-theme-palenight" style="display: grid;"><span data-line=""><span style="color:#C792EA">type</span><span style="color:#FFCB6B"> ProductPrice</span><span style="color:#89DDFF"> =</span><span style="color:#F78C6C"> 100</span><span style="color:#89DDFF"> |</span><span style="color:#F78C6C"> 200</span><span style="color:#89DDFF"> |</span><span style="color:#F78C6C"> 300</span><span style="color:#89DDFF">;</span></span>
<span data-line=""><span style="color:#C792EA">const</span><span style="color:#BABED8"> getProductName </span><span style="color:#89DDFF">=</span><span style="color:#89DDFF"> (</span><span style="color:#BABED8;font-style:italic">productPrice</span><span style="color:#89DDFF">:</span><span style="color:#FFCB6B"> ProductPrice</span><span style="color:#89DDFF">):</span><span style="color:#FFCB6B"> string</span><span style="color:#C792EA"> =&gt;</span><span style="color:#89DDFF"> {</span></span>
<span data-line=""><span style="color:#89DDFF;font-style:italic">  if</span><span style="color:#F07178"> (</span><span style="color:#BABED8">productPrice</span><span style="color:#89DDFF"> ===</span><span style="color:#F78C6C"> 100</span><span style="color:#F07178">) </span><span style="color:#89DDFF;font-style:italic">return</span><span style="color:#89DDFF"> '</span><span style="color:#C3E88D">배민 상품권 100원</span><span style="color:#89DDFF">'</span><span style="color:#89DDFF">;</span></span>
<span data-line=""><span style="color:#89DDFF;font-style:italic">  if</span><span style="color:#F07178"> (</span><span style="color:#BABED8">productPrice</span><span style="color:#89DDFF"> ===</span><span style="color:#F78C6C"> 200</span><span style="color:#F07178">) </span><span style="color:#89DDFF;font-style:italic">return</span><span style="color:#89DDFF"> '</span><span style="color:#C3E88D">배민 상품권 200원</span><span style="color:#89DDFF">'</span><span style="color:#89DDFF">;</span></span>
<span data-line=""><span style="color:#89DDFF;font-style:italic">  else</span><span style="color:#89DDFF"> {</span></span>
<span data-line=""><span style="color:#676E95;font-style:italic">    // exhaustiveCheck를 안 해주면 300원에 대한 코드가 없어도 에러가 발생하지 않음.</span></span>
<span data-line=""><span style="color:#676E95;font-style:italic">    // 조건별 완벽한 타입 검증을 위해 사용하는 패턴</span></span>
<span data-line=""><span style="color:#82AAFF">    exhaustiveCheck</span><span style="color:#F07178">(</span><span style="color:#BABED8">productPrice</span><span style="color:#F07178">)</span><span style="color:#89DDFF">;</span><span style="color:#676E95;font-style:italic"> // Argument of type 'number' is not assignable to parameter of type 'never'.</span></span>
<span data-line=""><span style="color:#89DDFF;font-style:italic">    return</span><span style="color:#89DDFF"> '</span><span style="color:#C3E88D">배민 상품권</span><span style="color:#89DDFF">'</span><span style="color:#89DDFF">;</span></span>
<span data-line=""><span style="color:#89DDFF">  }</span></span>
<span data-line=""><span style="color:#89DDFF">};</span></span>
<span data-line=""><span style="color:#676E95;font-style:italic">// param 값이 never 타입이므로 해당 함수가 호출되기 전에 타입 가드가 다 되어 있어야 한다.</span></span>
<span data-line=""><span style="color:#C792EA">const</span><span style="color:#BABED8"> exhaustiveCheck </span><span style="color:#89DDFF">=</span><span style="color:#89DDFF"> (</span><span style="color:#BABED8;font-style:italic">param</span><span style="color:#89DDFF">:</span><span style="color:#FFCB6B"> never</span><span style="color:#89DDFF">)</span><span style="color:#C792EA"> =&gt;</span><span style="color:#89DDFF"> {</span></span>
<span data-line=""><span style="color:#89DDFF;font-style:italic">  throw</span><span style="color:#89DDFF"> new</span><span style="color:#82AAFF"> Error</span><span style="color:#F07178">(</span><span style="color:#89DDFF">`</span><span style="color:#C3E88D">type error!</span><span style="color:#89DDFF">`</span><span style="color:#F07178">)</span><span style="color:#89DDFF">;</span></span>
<span data-line=""><span style="color:#89DDFF">};</span></span></code></pre></figure>
<p>Exhaustiveness Checking 패턴을 통해 이후 타입이 추가되어도 무결성을 지킬 수 있게 된다.</p>
<p>이 외에도 컴파일 과정에 대한 설명이나 Axios 가이드 및 훅에서 유의할 점 등 여러 꿀팁들이 있다.</p>
<h2 id="맺으며" data-heading="true"><a data-heading="true" href="#맺으며"><span class="icon icon-link"></span></a>맺으며</h2>
<p>배민의 공유 문화는 본받을만하다고 생각한다.</p>
<p>기술업계 특성상 비판적인 시선이 기본적으로 있기 때문에 외부 공개를 꺼릴 수도 있었겠지만, 기술에 대한 공유를 두려워하지 않고 책으로 펴낸 것에 리스펙하게 된다.</p>
<p>여러 예제가 실제 코딩에 도움이 되기 때문에 추천하고 싶은 책이다.</p></div><aside class="floating-container"><ul class="list"><li data-id="선택하게-된-계기" class="item">선택하게 된 계기</li><li data-id="간단한-요약" class="item">간단한 요약</li><li data-id="인상-깊었던-부분" class="item">인상 깊었던 부분</li><li><ul class="depth-ul"><li data-id="타-언어의-타입-시스템과-비교" class="item depth">타 언어의 타입 시스템과 비교</li><li data-id="타입에-대한-고찰" class="item depth">타입에 대한 고찰</li><li data-id="개발팀과의-인터뷰" class="item depth">개발팀과의 인터뷰</li><li data-id="친절한-설명" class="item depth">친절한 설명</li><li data-id="실용적인-예제" class="item depth">실용적인 예제</li></ul></li><li data-id="맺으며" class="item">맺으며</li></ul></aside></section><a class="highlighter issue-post" href="https://github.com/1ilsang/dev/issues/new?labels=🧊 comment&amp;assignees=1ilsang&amp;title=[🧊] %EC%9A%B0%EC%95%84%ED%95%9C%20%ED%83%80%EC%9E%85%EC%8A%A4%ED%81%AC%EB%A6%BD%ED%8A%B8%20with%20%EB%A6%AC%EC%95%A1%ED%8A%B8%20%EB%A6%AC%EB%B7%B0&amp;body=<!-- 환영합니다. 이슈 남겨주시면 빠르게 답변드리겠습니다. 🙇 -->" rel="noopener noreferrer" target="_blank">📮 이 포스트에 관심 있으신가요? 이슈를 남겨주세요! 👍</a><div class="sponsor"><div>☕ 소주 한 잔 후원하기</div><sub>(예금주: 이상철)</sub><img class="pay-icon" src="/assets/logo/toss-pay.webp" alt="toss"><img class="pay-icon small" src="/assets/logo/kakao-pay.webp" alt="kakao"></div></div><footer class="footer"><ul><li><a href="/about">1ilsang</a></li><li><a rel="noopener noreferrer" target="_blank" href="https://github.com/1ilsang">GitHub</a></li><li><a href="https://www.linkedin.com/in/1ilsang" rel="noopener noreferrer" target="_blank">LinkedIn</a></li></ul></footer>