<div class="nav-loading"><progress value="0" max="1"></progress></div><nav class="nav flex-wrap water-rainbow post-nav-trans nav-shadow"><h2 class="tracking-tight focus:text-gray-700 text-2xl font-bold mt-2 mb-2 ml-3.5"><a class="hover-underline" href="/">1ilsang</a></h2><div class="flex"><h2 class="tracking-tight focus:text-gray-700 text-xl mt-2.5 mr-6"><a class="hover-underline" href="/posts">posts</a></h2><h2 class="tracking-tight focus:text-gray-700 text-xl mt-2.5 mr-6"><a class="hover-underline" href="/tags">tags</a></h2><div class="rounded-full mr-2 relative nav-avatar"><a href="/about"><img src="/assets/chul.png" alt="1ilsang"></a></div></div></nav><div class="post-container"><h1 class="post-header">2024년 1월 회고</h1><div class="post-profile-container"><div class="flex items-center"><div class="rounded-full mr-2 relative avatar-image"><a href="/about"><img src="/assets/chul.png" alt="1ilsang"></a></div><div><a class="avatar-name" href="/about">1ilsang</a><div class="avatar-description">클라이밍 하실래염?</div></div></div></div><div class="flex flex-wrap mt-2 items-end"><a class="hashtag mr-2" target="_self" href="/tags/retrospect">#<!-- -->retrospect</a><a class="hashtag mr-2" target="_self" href="/tags/2024">#<!-- -->2024</a><a class="hashtag mr-2" target="_self" href="/tags/01">#<!-- -->01</a></div><div class="date-published"><time class="date-format" datetime="2024-02-09 15:06">2024-02-09 15:06</time> published</div><div class="post-body-container"><div class="markdown"><p></p><div class="img-wrap"><img src="https://github.com/1ilsang/dev/assets/23524849/994f1e84-c960-47fc-91ab-f97faccbde37" alt="cover" class="cover"></div><p></p>
<p><a class="underline-highlight-fade" target="_blank" href="/posts/2023" rel="noreferrer noopener">2023년 회고록</a>에서 <u>"데이터" 부재의 아쉬움</u>을 이야기했었다. 따라서 올해는 데이터 드리븐 삶을 살기 위해 월간 회고를 진행하려고 한다.</p>
<h2 id="2024년-1월의-목표" data-heading="true"><a data-heading="true" href="#2024년-1월의-목표"><span class="icon icon-link"></span></a>2024년 1월의 목표</h2>
<p>1월의 핵심 키워드는 "절제"였다. 작년의 문제 중 하나로 지목된 <u>"TODO"에 무한히 쌓이기만 하는 것들</u>을 없애기 위한 일환이었다.</p>
<p>이번 달의 목표는 아래와 같았다.</p>
<ol>
<li>2D1R</li>
<li>월간 다이브</li>
<li>월간 메이커스</li>
<li>말해보카</li>
<li>운동하기</li>
</ol>
<h2 id="2d1r" data-heading="true"><a data-heading="true" href="#2d1r"><span class="icon icon-link"></span></a>2D1R</h2>
<p></p><div class="img-wrap"><img src="https://github.com/1ilsang/dev/assets/23524849/c03b18bc-adce-4f74-8278-e88216c1c973" alt="leetcode-jan" class="h-s s"></div><p></p>
<p>2D1R은 2일에 1알고리즘으로, 꾸준하게 가져가고 싶은 습관 중 하나다.</p>
<p>leetcode를 기준으로 풀고 있다. 화요일과 목요일은 꼭 제출한 모습을 보인다. 이때가 스터디 제출 날이라..ㅋ</p>
<p>최근에 가장 재밌었던 문제는 <a class="underline-highlight-fade" target="_blank" href="https://leetcode.com/problems/find-the-duplicate-number/description/" rel="noreferrer noopener">Find-the-duplicate-number</a>이다. <a class="underline-highlight-fade" target="_blank" href="https://dev.to/alisabaj/floyd-s-tortoise-and-hare-algorithm-finding-a-cycle-in-a-linked-list-39af" rel="noreferrer noopener">플로이드의 토끼와 거북이 알고리즘</a>을 활용하여 해결하는 문제인데, 점화식 도출이 너무 신기했다.</p>
<p>취준생 때 지금처럼 재미를 느꼈다면 얼마나 좋았을까...</p>
<h2 id="월간-다이브" data-heading="true"><a data-heading="true" href="#월간-다이브"><span class="icon icon-link"></span></a>월간 다이브</h2>
<p></p><div class="img-wrap"><img src="https://github.com/1ilsang/dev/assets/23524849/132b52c7-3c2b-4554-b0fb-8ec5f3193d7a" alt="vite" class="s"></div><p></p>
<p>전문성을 기르고자 시작한 월간 다이브.</p>
<p>특정 기술을 이해하고 넘어가는 것이 아니라 글로 정리해 누군가에게 설명할 수 있도록 하는 것이 목표다. 분석/발표하는 것이 목표다.</p>
<p>원래는 Axios를 하려고 했는데, 회사에서 Vite 관련 이슈를 만나면서 <a class="underline-highlight-fade" target="_blank" href="/posts/vite-dev-server" rel="noreferrer noopener">Vite Dev Server 이해하기 (feat. HMR)</a>로 급선회했다.</p>
<p>시간이 엄청나게 들어갔다. 거의 10일은 매달렸다(-_-).</p>
<p>기술 이해를 위한 디버깅 과정이 고난이라 생각했지만 글로 정리하면서 팩트체크 하는 과정이 "진짜"였다. 정말 쉽지 않았다.</p>
<p>나름 만족하는 글이다. 많은 분들에게 피드백을 받을 수 있었고 회사에서 발표도 진행했다.</p>
<h2 id="월간-메이커스" data-heading="true"><a data-heading="true" href="#월간-메이커스"><span class="icon icon-link"></span></a>월간 메이커스</h2>
<p></p><div class="img-wrap"><img src="https://github.com/1ilsang/dev/assets/23524849/39229def-f330-447e-8b6f-77926a7d18e9" alt="rust"></div><p></p>
<p>월간 다이브로 이론적 공부를 했다면 월간 메이커스를 통해 실전 코딩을 하려고 했다.</p>
<p>목표로 하는 라이브러리 혹은 기술을 잡아 클론코딩 비슷하게 만들어 보는 게 목표이다.</p>
<p>유데미 <a class="underline-highlight-fade" target="_blank" href="/posts/udemy-rust-programming" rel="noreferrer noopener">러스트 강의를 수강</a> 하고 나서 의미 있는 걸 만들어보자 생각해 FHF(File Hierarchy Fixer)를 구현해 보려고 했다.</p>
<p>근데 월간 다이브 과정에서 시간이 끌리며 레포만 만들고 실패했다.</p>
<h2 id="말해보카" data-heading="true"><a data-heading="true" href="#말해보카"><span class="icon icon-link"></span></a>말해보카</h2>
<p></p><div class="img-wrap"><img src="https://github.com/1ilsang/dev/assets/23524849/551c8c96-336b-47bf-8d09-ef575b6a9e24" alt="말해보카"></div><p></p>
<p>요즘 <a class="underline-highlight-fade" target="_blank" href="https://epop.ai/ko" rel="noreferrer noopener">말해보카</a>에 푹 빠져 있다. 영어 재밌을지도..?</p>
<p>이 녀석 완전 효자다. 대만족 중</p>
<h2 id="운동하기" data-heading="true"><a data-heading="true" href="#운동하기"><span class="icon icon-link"></span></a>운동하기</h2>
<p></p><div class="img-wrap"><img src="https://github.com/1ilsang/dev/assets/23524849/042647fa-bbba-4017-baf5-e6b427ce0245" alt="chart"></div><p></p>
<blockquote>
<p>클라이밍 날짜와 빨강 푼 개수</p>
</blockquote>
<p>자주 갔다고 생각했는데 모아보니 많이 가진 못했다.</p>
<p>1월에는 총 34개를 풀었다. 요즘 야식을 많이 먹어서 그런지 벽 타는 게 상당히 어렵다.</p>
<p>다음 달에는 좀 더 트레이닝해야겠다.</p>
<h2 id="마치며" data-heading="true"><a data-heading="true" href="#마치며"><span class="icon icon-link"></span></a>마치며</h2>
<p>2월에는 현상 유지하면서 책 한 권만 읽으면 좋을 것 같다.</p>
<p>가보자고!</p></div><aside class="floating-container"><ul class="list"><li data-id="2024년-1월의-목표" class="item">2024년 1월의 목표</li><li data-id="2d1r" class="item">2D1R</li><li data-id="월간-다이브" class="item">월간 다이브</li><li data-id="월간-메이커스" class="item">월간 메이커스</li><li data-id="말해보카" class="item">말해보카</li><li data-id="운동하기" class="item">운동하기</li><li data-id="마치며" class="item">마치며</li></ul></aside></div><a class="highlighter issue-post" href="https://github.com/1ilsang/dev/issues/new?labels=🧊 comment&amp;assignees=1ilsang&amp;title=[🧊] 2024%EB%85%84%201%EC%9B%94%20%ED%9A%8C%EA%B3%A0&amp;body=<!-- 환영합니다. 이슈 남겨주시면 빠르게 답변드리겠습니다. 🙇 -->" rel="noopener noreferrer" target="_blank">📮 이 포스트에 관심 있으신가요? 이슈를 남겨주세요! 👍</a></div><footer class="footer"><ul><li><a href="/about">1ilsang</a></li><li><a rel="noopener noreferrer" target="_blank" href="https://github.com/1ilsang">GitHub</a></li><li><a href="https://www.linkedin.com/in/sang-chul-lee-91a32b154/" rel="noopener noreferrer" target="_blank">LinkedIn</a></li></ul></footer>