<progress class="[&amp;::-webkit-progress-bar]:bg-sub-blue fixed top-0 left-0 z-10 w-full h-[3px] appearance-none [&amp;::-webkit-progress-value]:bg-base-og" value="0" max="1"></progress><nav class="fixed z-40 flex flex-wrap w-full justify-between justify-items-center hover:animate-rainbow-water hover:bg-nav hover:bg-[length:400%_400%] opacity-10	md:opacity-100 shadow-nav shadow-lg"><h2 class="tracking-tight mr-6 text-2xl	font-bold my-2 ml-3.5"><a class="hover:underline" href="/">1ilsang</a></h2><div class="flex"><h2 class="tracking-tight mr-6 text-xl mt-2.5"><a class="hover:underline" href="/posts">posts</a></h2><h2 class="tracking-tight mr-6 text-xl mt-2.5"><a class="hover:underline" href="/tags">tags</a></h2><div class="mr-2 w-8 h-8 mt-2" role="img" aria-label="1ilsang character"><a href="/about"><img class="border border-solid rounded-full border-white-blue" src="/images/chul.webp" alt="1ilsang"></a></div></div></nav><section class="h-auto min-h-full max-w-screen-md py-20 md:py-28 mx-4 min-[790px]:m-auto print:py-0"><h1 class="text-4xl md:text-6xl break-words">ESLint 플러그인 배포하기</h1><section class="flex items-center mt-4"><div class="mr-2 w-9	h-9 md:w-12 md:h-12" role="img" aria-label="1ilsang character"><a href="/about"><img class="border border-solid rounded-full border-sub-blue" src="/images/chul.webp" alt="1ilsang"></a></div><div><a class="text-lg" href="/about">1ilsang</a><div class="text-sub-blue text-sm">클라이밍 하실래염?</div></div></section><section class="flex flex-wrap mt-2 items-end"><a class="text-highlight print:text-black hover:underline mr-2" target="_self" href="/tags/eslint">#<!-- -->eslint</a><a class="text-highlight print:text-black hover:underline mr-2" target="_self" href="/tags/plugin">#<!-- -->plugin</a><a class="text-highlight print:text-black hover:underline mr-2" target="_self" href="/tags/ast">#<!-- -->ast</a></section><section><div class="text-date-gray inline">Published <time datetime="2023-09-01 15:48">2023-09-01 15:48</time></div></section><section id="post-body-container" class="relative"><div class="markdown"><p></p><div class="img-container"><div class="img-wrap cover"><img src="https://github.com/1ilsang/dev/assets/23524849/485f661f-95f1-4ffe-81c9-651ea945f92e" alt="cover"></div></div><p></p>
<p>ESLint 플러그인 구조를 간단하게 분석하고 커스텀 플러그인을 만들어 배포해 보자.</p>
<h2 id="tldr" data-heading="true"><a data-heading="true" href="#tldr"><span class="icon icon-link"></span></a>TL;DR!</h2>
<ol>
<li>ESLint에서 제공해 주는 generator를 사용해 프로젝트를 만든다.</li>
<li>규칙을 만든다.</li>
<li>배포한다.</li>
</ol>
<h2 id="기본-세팅" data-heading="true"><a data-heading="true" href="#기본-세팅"><span class="icon icon-link"></span></a>기본 세팅</h2>
<h3 id="플러그인-구조-만들기" data-heading="true"><a data-heading="true" href="#플러그인-구조-만들기"><span class="icon icon-link"></span></a>플러그인 구조 만들기</h3>
<figure data-rehype-pretty-code-figure=""><pre tabindex="0" data-language="sh" data-theme="material-theme-palenight"><code data-language="sh" data-theme="material-theme-palenight" style="display: grid;"><span data-line=""><span style="color:#676E95;font-style:italic"># yo는 yeoman의 줄임으로, 스케폴딩 지원 도구다.</span></span>
<span data-line=""><span style="color:#FFCB6B">npm</span><span style="color:#C3E88D"> install</span><span style="color:#C3E88D"> -g</span><span style="color:#C3E88D"> yo</span></span>
<span data-line=""><span style="color:#676E95;font-style:italic"># ESLint 특화 스케폴딩 인터페이스 CLI를 설치한다.</span></span>
<span data-line=""><span style="color:#FFCB6B">npm</span><span style="color:#C3E88D"> install</span><span style="color:#C3E88D"> -g</span><span style="color:#C3E88D"> generator-eslint</span></span></code></pre></figure>
<p>ESLint는 플러그인 구조의 통일을 위해 제너레이터를 제공해 주고 있다.</p>
<p><code>yo</code>는 <a class="underline-highlight-fade" target="_blank" href="https://yeoman.io" rel="noreferrer noopener">yeoman</a>의 줄임으로, 스케폴딩 지원 도구다. 프로젝트에 필요한 디렉토리 및 파일을 커맨드라인으로 생성해 준다.</p>
<p><a class="underline-highlight-fade" target="_blank" href="https://www.npmjs.com/package/generator-eslint" rel="noreferrer noopener">generator-eslint</a>는 yeoman을 활용해 프로젝트를 구조화할 때 ESLint를 기준으로 설치되도록 래핑 된 패키지이다. ESLint에서 관리/지원하고 있으므로 직접 yo로 구조를 설정하지 않아도 어려움 없이 one-line으로 ESLint 구조를 생성할 수 있게 된다.</p>
<p>매우 간편하므로 설치한다.</p>
<figure data-rehype-pretty-code-figure=""><pre tabindex="0" data-language="sh" data-theme="material-theme-palenight"><code data-language="sh" data-theme="material-theme-palenight" style="display: grid;"><span data-line=""><span style="color:#676E95;font-style:italic"># 플러그인 디렉토리 생성</span></span>
<span data-line=""><span style="color:#FFCB6B">mkdir</span><span style="color:#C3E88D"> eslint-plugin-NAME</span></span>
<span data-line=""><span style="color:#82AAFF">cd</span><span style="color:#C3E88D"> eslint-plugin-NAME</span><span style="color:#676E95;font-style:italic"> # 디렉토리로 이동</span></span>
<span data-line=""> </span>
<span data-line=""><span style="color:#676E95;font-style:italic"># 전역으로 설치한 yo에서 스케폴딩된 generator-eslint를 실행한다.</span></span>
<span data-line=""><span style="color:#FFCB6B">yo</span><span style="color:#C3E88D"> eslint:plugin</span></span>
<span data-line=""><span style="color:#89DDFF">?</span><span style="color:#BABED8"> What is your name</span><span style="color:#89DDFF">?</span><span style="color:#BABED8"> GITHUB_NAME </span><span style="color:#676E95;font-style:italic"># package.json의 author에 추가된다.</span></span>
<span data-line=""><span style="color:#89DDFF">?</span><span style="color:#BABED8"> What is the plugin ID</span><span style="color:#89DDFF">?</span><span style="color:#BABED8"> NAME </span><span style="color:#676E95;font-style:italic"># 해당 Plugin의 실제 이름(배포 명)이 되므로 적절하게 작성한다.</span></span>
<span data-line=""><span style="color:#89DDFF">?</span><span style="color:#BABED8"> Type a short description of this plugin: PLUGIN_DESCRIPTION </span><span style="color:#676E95;font-style:italic"># package.json의 description에 나타난다.</span></span>
<span data-line=""><span style="color:#89DDFF">?</span><span style="color:#BABED8"> Does this plugin contain custom ESLint rules</span><span style="color:#89DDFF">?</span><span style="color:#BABED8"> Yes </span><span style="color:#676E95;font-style:italic"># 커스텀 룰을 추가할 것이므로 Yes.</span></span>
<span data-line=""><span style="color:#89DDFF">?</span><span style="color:#BABED8"> Does this plugin contain one or more processors</span><span style="color:#89DDFF">?</span><span style="color:#BABED8"> No </span><span style="color:#676E95;font-style:italic"># 우리는 eslint 기본 프로세서를 사용할 것이므로 No를 설정한다.</span></span>
<span data-line=""> </span>
<span data-line=""><span style="color:#676E95;font-style:italic"># 초기 세팅이 되었으므로 dependencies를 설치한다.</span></span>
<span data-line=""><span style="color:#FFCB6B">npm</span><span style="color:#C3E88D"> install</span></span></code></pre></figure>
<p></p><div class="img-container"><div class="img-wrap"><img src="https://github.com/1ilsang/dev/assets/23524849/2240acfd-bd8f-4378-9914-09f294f8b69f" alt="default-architecture"></div></div><p></p>
<p>초기 구조 설정이 완료되면 위와 같이 폴더가 생성된다.</p>
<p>ESLint의 다양한 규칙은 <code>lib/rules</code>에 추가되어야 한다. 우리는 커스텀 규칙을 만들 것이므로 해당 디렉토리에 추가해 나가야 한다.</p>
<h3 id="플러그인-rule-구조-만들기" data-heading="true"><a data-heading="true" href="#플러그인-rule-구조-만들기"><span class="icon icon-link"></span></a>플러그인 Rule 구조 만들기</h3>
<p>친절하게도 ESLint에서 커스텀 룰의 구조도 패키징 해주었기 때문에 <code>yo</code>를 통해 한 번 더 rule 구조를 만들어 준다.</p>
<figure data-rehype-pretty-code-figure=""><pre tabindex="0" data-language="js" data-theme="material-theme-palenight"><code data-language="js" data-theme="material-theme-palenight" style="display: grid;"><span data-line=""><span style="color:#C792EA">var</span><span style="color:#BABED8"> myData </span><span style="color:#89DDFF">=</span><span style="color:#82AAFF"> getData123</span><span style="color:#BABED8">()</span><span style="color:#89DDFF">;</span><span style="color:#676E95;font-style:italic"> // 함수에 숫자가 있으므로 우리의 ESLint 플러그인에서 에러를 발생시킬 것이다!</span></span></code></pre></figure>
<p>우리는 "<strong>함수에 숫자가 있으면 안 된다</strong>"는 룰을 만들어 보자.</p>
<figure data-rehype-pretty-code-figure=""><pre tabindex="0" data-language="sh" data-theme="material-theme-palenight"><code data-language="sh" data-theme="material-theme-palenight" style="display: grid;"><span data-line=""><span style="color:#676E95;font-style:italic"># generator-eslint에 설정되어 있는 rule 옵션으로 yo를 통해 구조를 만든다.</span></span>
<span data-line=""><span style="color:#FFCB6B">yo</span><span style="color:#C3E88D"> eslint:rule</span></span>
<span data-line=""><span style="color:#89DDFF">?</span><span style="color:#BABED8"> What is your name</span><span style="color:#89DDFF">?</span><span style="color:#BABED8"> 1ilsang </span><span style="color:#676E95;font-style:italic"># rule 파일에 주석으로 author로 추가된다.</span></span>
<span data-line=""><span style="color:#89DDFF">?</span><span style="color:#BABED8"> Where will this rule be published</span><span style="color:#89DDFF">?</span><span style="color:#BABED8"> ESLint Plugin </span><span style="color:#676E95;font-style:italic"># core가 아닌 plugin 추가이므로 plugin으로 설정한다.</span></span>
<span data-line=""><span style="color:#89DDFF">?</span><span style="color:#BABED8"> What is the rule ID</span><span style="color:#89DDFF">?</span><span style="color:#BABED8"> no-</span><span style="color:#C792EA">function</span><span style="color:#82AAFF">-name-number</span><span style="color:#BABED8"> # rule 아이디에 해당한다. rule 파일명이 된다.</span></span>
<span data-line=""><span style="color:#89DDFF">?</span><span style="color:#BABED8"> Type a short description of this rule: The </span><span style="color:#C792EA">function</span><span style="color:#82AAFF"> name</span><span style="color:#BABED8"> must not contain numbers. </span><span style="color:#676E95;font-style:italic"># rule 설명 추가. 주석으로 파일에 추가된다.</span></span>
<span data-line=""><span style="color:#89DDFF">?</span><span style="color:#BABED8"> Type a short example of the code that will fail: var myData = </span><span style="color:#82AAFF">getData123</span><span style="color:#89DDFF">();</span><span style="color:#676E95;font-style:italic"> # 에러 케이스를 설정한다. 함수에 숫자가 있으면 안되므로 에러상황이다.</span></span>
<span data-line=""><span style="color:#FFCB6B">   create</span><span style="color:#C3E88D"> docs/rules/no-function-name-number.md</span></span>
<span data-line=""><span style="color:#FFCB6B">   create</span><span style="color:#C3E88D"> lib/rules/no-function-name-number.js</span></span>
<span data-line=""><span style="color:#FFCB6B">   create</span><span style="color:#C3E88D"> tests/lib/rules/no-function-name-number.js</span></span>
<span data-line=""> </span>
<span data-line=""><span style="color:#FFCB6B">No</span><span style="color:#C3E88D"> change</span><span style="color:#C3E88D"> to</span><span style="color:#C3E88D"> package.json</span><span style="color:#C3E88D"> was</span><span style="color:#C3E88D"> detected.</span><span style="color:#C3E88D"> No</span><span style="color:#C3E88D"> package</span><span style="color:#C3E88D"> manager</span><span style="color:#C3E88D"> install</span><span style="color:#C3E88D"> will</span><span style="color:#C3E88D"> be</span><span style="color:#C3E88D"> executed.</span></span></code></pre></figure>
<p></p><div class="img-container"><div class="img-wrap s"><img src="https://github.com/1ilsang/dev/assets/23524849/0e38253f-1278-4aba-80ed-ff44b631b27f" alt="rule-architecture"></div></div><p></p>
<p>CLI를 다 작성하면 위와 같이 rules 폴더 밑에 추가된 것을 확인할 수 있다. 이제 우리는 해당 파일에서 규칙을 추가하면 된다.</p>
<h2 id="eslint의-소스코드-파싱과-ast" data-heading="true"><a data-heading="true" href="#eslint의-소스코드-파싱과-ast"><span class="icon icon-link"></span></a>ESLint의 소스코드 파싱과 AST</h2>
<p>규칙 추가에 앞서 ESLint의 동작 방식을 가볍게 살펴보자.</p>
<p>기본적으로 ESLint는 <a class="underline-highlight-fade" target="_blank" href="https://github.com/eslint/espree" rel="noreferrer noopener">Espree 파서</a>를 사용해 소스코드를 정적 분석한 뒤 AST(Abstract Syntax Tree)를 생성한다.</p>
<p>우리는 파싱된 트리에서 구문을 분석해 커스텀 규칙에 위반하는지 확인하면 된다.</p>
<p></p><div class="img-container"><div class="img-wrap"><img src="https://github.com/1ilsang/dev/assets/23524849/2b0673b3-e325-4e39-96f4-6c8c96ea1632" alt="ast-tree"></div></div><p></p>
<p><a class="underline-highlight-fade" target="_blank" href="https://astexplorer.net/" rel="noreferrer noopener">astexplorer</a> 사이트를 활용하면 파싱된 AST 트리를 눈으로 쉽게 볼 수 있다.</p>
<p>우리는 함수명을 분석해야 하므로 <code>getData123</code>에 집중한다. 해당 값은 <code>CallExpression &gt; callee &gt; name</code>에 존재한다는 것을 확인할 수 있다.</p>
<p>이제 우리의 커스텀 룰에 추가하면 된다!</p>
<h2 id="규칙-추가" data-heading="true"><a data-heading="true" href="#규칙-추가"><span class="icon icon-link"></span></a>규칙 추가</h2>
<figure data-rehype-pretty-code-figure=""><pre tabindex="0" data-language="js" data-theme="material-theme-palenight"><code data-language="js" data-theme="material-theme-palenight" style="display: grid;"><span data-line=""><span style="color:#676E95;font-style:italic">// lib &gt; rules &gt; no-function-name-number.js</span></span>
<span data-line=""><span style="color:#89DDFF">module.exports</span><span style="color:#89DDFF"> =</span><span style="color:#89DDFF"> {</span></span>
<span data-line=""><span style="color:#F07178">  meta</span><span style="color:#89DDFF">:</span><span style="color:#89DDFF"> {</span></span>
<span data-line=""><span style="color:#F07178">    type</span><span style="color:#89DDFF">:</span><span style="color:#89DDFF"> '</span><span style="color:#C3E88D">problem</span><span style="color:#89DDFF">'</span><span style="color:#89DDFF">,</span><span style="color:#676E95;font-style:italic"> // 이 규칙에 위반되는 값은 코드에 없어야 하므로 problem으로 설정한다.</span></span>
<span data-line=""><span style="color:#F07178">    docs</span><span style="color:#89DDFF">:</span><span style="color:#89DDFF"> {</span></span>
<span data-line=""><span style="color:#676E95;font-style:italic">      // 해당 규칙에 어긋날 경우 빨간줄 위에 뜨는 문구를 설정할 수 있다.</span></span>
<span data-line=""><span style="color:#F07178">      description</span><span style="color:#89DDFF">:</span><span style="color:#89DDFF"> '</span><span style="color:#C3E88D">The function name must not contain numbers.</span><span style="color:#89DDFF">'</span><span style="color:#89DDFF">,</span></span>
<span data-line=""><span style="color:#F07178">      recommended</span><span style="color:#89DDFF">:</span><span style="color:#FF9CAC"> true</span><span style="color:#89DDFF">,</span></span>
<span data-line=""><span style="color:#F07178">      url</span><span style="color:#89DDFF">:</span><span style="color:#89DDFF"> '</span><span style="color:#C3E88D">https://1ilsang.dev/posts/deploy-eslint-plugin</span><span style="color:#89DDFF">'</span><span style="color:#89DDFF">,</span></span>
<span data-line=""><span style="color:#89DDFF">    },</span></span>
<span data-line=""><span style="color:#F07178">    fixable</span><span style="color:#89DDFF">:</span><span style="color:#FF9CAC"> true</span><span style="color:#89DDFF">,</span><span style="color:#676E95;font-style:italic"> // 자동 수정을 추가할 예정으로 true로 한다.</span></span>
<span data-line=""><span style="color:#F07178">    schema</span><span style="color:#89DDFF">:</span><span style="color:#BABED8"> []</span><span style="color:#89DDFF">,</span><span style="color:#676E95;font-style:italic"> // 규칙이 여러 옵션을 가지고 있다면 스키마로 분리해 표현할 수 있다.</span></span>
<span data-line=""><span style="color:#89DDFF">  },</span></span>
<span data-line=""> </span>
<span data-line=""><span style="color:#F07178">  create</span><span style="color:#89DDFF">(</span><span style="color:#BABED8;font-style:italic">context</span><span style="color:#89DDFF">)</span><span style="color:#89DDFF"> {</span></span>
<span data-line=""><span style="color:#676E95;font-style:italic">    // 우리의 규칙을 위해 CallExpression &gt; callee &gt; name의 문자열이 숫자가 있는지 확인하면 된다.</span></span>
<span data-line=""><span style="color:#89DDFF;font-style:italic">    return</span><span style="color:#89DDFF"> {</span></span>
<span data-line=""><span style="color:#F07178">      CallExpression</span><span style="color:#89DDFF">(</span><span style="color:#BABED8;font-style:italic">node</span><span style="color:#89DDFF">)</span><span style="color:#89DDFF"> {</span></span>
<span data-line=""><span style="color:#C792EA">        const</span><span style="color:#89DDFF"> {</span><span style="color:#BABED8"> callee</span><span style="color:#89DDFF"> }</span><span style="color:#89DDFF"> =</span><span style="color:#BABED8"> node</span><span style="color:#89DDFF">;</span></span>
<span data-line=""> </span>
<span data-line=""><span style="color:#676E95;font-style:italic">        // callee.name에 숫자가 포함되면</span></span>
<span data-line=""><span style="color:#89DDFF;font-style:italic">        if</span><span style="color:#F07178"> (</span><span style="color:#89DDFF">/[</span><span style="color:#C3E88D">0-9</span><span style="color:#89DDFF">]/</span><span style="color:#89DDFF">.</span><span style="color:#82AAFF">test</span><span style="color:#F07178">(</span><span style="color:#BABED8">callee</span><span style="color:#89DDFF">.</span><span style="color:#BABED8">name</span><span style="color:#F07178">)) </span><span style="color:#89DDFF">{</span></span>
<span data-line=""><span style="color:#BABED8">          context</span><span style="color:#89DDFF">.</span><span style="color:#82AAFF">report</span><span style="color:#F07178">(</span><span style="color:#89DDFF">{</span></span>
<span data-line=""><span style="color:#BABED8">            node</span><span style="color:#89DDFF">,</span></span>
<span data-line=""><span style="color:#F07178">            data</span><span style="color:#89DDFF">:</span><span style="color:#89DDFF"> {</span><span style="color:#F07178"> wrongFunc</span><span style="color:#89DDFF">:</span><span style="color:#BABED8"> callee</span><span style="color:#89DDFF">.</span><span style="color:#BABED8">name</span><span style="color:#89DDFF"> },</span></span>
<span data-line=""><span style="color:#676E95;font-style:italic">            // 에러 메시지를 띄운다. wrongFunc는 현재 함수의 토큰 값이다.</span></span>
<span data-line=""><span style="color:#F07178">            message</span><span style="color:#89DDFF">:</span><span style="color:#89DDFF"> `</span><span style="color:#C3E88D">[{{wrongFunc}}()] 함수에 숫자..?</span><span style="color:#89DDFF">`</span><span style="color:#89DDFF">,</span></span>
<span data-line=""><span style="color:#676E95;font-style:italic">            // --fix 옵션으로 수정되게 할 수 있다. 숫자를 ''로 치환한다.</span></span>
<span data-line=""><span style="color:#82AAFF">            fix</span><span style="color:#89DDFF">:</span><span style="color:#89DDFF"> (</span><span style="color:#BABED8;font-style:italic">fixer</span><span style="color:#89DDFF">)</span><span style="color:#C792EA"> =&gt;</span></span>
<span data-line=""><span style="color:#BABED8">              fixer</span><span style="color:#89DDFF">.</span><span style="color:#82AAFF">replaceText</span><span style="color:#F07178">(</span><span style="color:#BABED8">callee</span><span style="color:#89DDFF">,</span><span style="color:#BABED8"> callee</span><span style="color:#89DDFF">.</span><span style="color:#BABED8">name</span><span style="color:#89DDFF">.</span><span style="color:#82AAFF">replaceAll</span><span style="color:#F07178">(</span><span style="color:#89DDFF">/[</span><span style="color:#C3E88D">0-9</span><span style="color:#89DDFF">]/</span><span style="color:#F78C6C">g</span><span style="color:#89DDFF">,</span><span style="color:#89DDFF"> ''</span><span style="color:#F07178">))</span><span style="color:#89DDFF">,</span></span>
<span data-line=""><span style="color:#89DDFF">          }</span><span style="color:#F07178">)</span><span style="color:#89DDFF">;</span></span>
<span data-line=""><span style="color:#89DDFF">        }</span></span>
<span data-line=""><span style="color:#89DDFF">      },</span></span>
<span data-line=""><span style="color:#89DDFF">    };</span></span>
<span data-line=""><span style="color:#89DDFF">  },</span></span>
<span data-line=""><span style="color:#89DDFF">};</span></span></code></pre></figure>
<blockquote>
<p>각 옵션에 대한 상세 정보는 <a class="underline-highlight-fade" target="_blank" href="https://eslint.org/docs/latest/extend/custom-rules" rel="noreferrer noopener">공식 문서</a>를 읽어보길 추천한다.</p>
</blockquote>
<h2 id="테스트-추가" data-heading="true"><a data-heading="true" href="#테스트-추가"><span class="icon icon-link"></span></a>테스트 추가</h2>
<p>메타테그 및 규칙을 완성하면 테스트를 해보자.</p>
<figure data-rehype-pretty-code-figure=""><pre tabindex="0" data-language="js" data-theme="material-theme-palenight"><code data-language="js" data-theme="material-theme-palenight" style="display: grid;"><span data-line=""><span style="color:#676E95;font-style:italic">// tests &gt; lib &gt; rules &gt; RULE_NAME.js</span></span>
<span data-line=""><span style="color:#BABED8">ruleTester</span><span style="color:#89DDFF">.</span><span style="color:#82AAFF">run</span><span style="color:#BABED8">(</span><span style="color:#89DDFF">'</span><span style="color:#C3E88D">RULE_NAME</span><span style="color:#89DDFF">'</span><span style="color:#89DDFF">,</span><span style="color:#BABED8"> rule</span><span style="color:#89DDFF">,</span><span style="color:#89DDFF"> {</span></span>
<span data-line=""><span style="color:#676E95;font-style:italic">  // 테스트를 통과하는 함수.</span></span>
<span data-line=""><span style="color:#F07178">  valid</span><span style="color:#89DDFF">:</span><span style="color:#BABED8"> [</span><span style="color:#89DDFF">'</span><span style="color:#C3E88D">var data = getData();</span><span style="color:#89DDFF">'</span><span style="color:#BABED8">]</span><span style="color:#89DDFF">,</span></span>
<span data-line=""> </span>
<span data-line=""><span style="color:#676E95;font-style:italic">  // 테스트를 통과하지 못하는 함수.</span></span>
<span data-line=""><span style="color:#F07178">  invalid</span><span style="color:#89DDFF">:</span><span style="color:#BABED8"> [</span></span>
<span data-line=""><span style="color:#89DDFF">    {</span></span>
<span data-line=""><span style="color:#F07178">      code</span><span style="color:#89DDFF">:</span><span style="color:#89DDFF"> '</span><span style="color:#C3E88D">var data = getData123();</span><span style="color:#89DDFF">'</span><span style="color:#89DDFF">,</span></span>
<span data-line=""><span style="color:#F07178">      errors</span><span style="color:#89DDFF">:</span><span style="color:#BABED8"> [</span></span>
<span data-line=""><span style="color:#89DDFF">        {</span></span>
<span data-line=""><span style="color:#F07178">          message</span><span style="color:#89DDFF">:</span><span style="color:#89DDFF"> '</span><span style="color:#C3E88D">[getData123()] 함수에 숫자..?</span><span style="color:#89DDFF">'</span><span style="color:#89DDFF">,</span></span>
<span data-line=""><span style="color:#F07178">          type</span><span style="color:#89DDFF">:</span><span style="color:#89DDFF"> '</span><span style="color:#C3E88D">CallExpression</span><span style="color:#89DDFF">'</span><span style="color:#89DDFF">,</span></span>
<span data-line=""><span style="color:#89DDFF">        },</span></span>
<span data-line=""><span style="color:#BABED8">      ]</span><span style="color:#89DDFF">,</span></span>
<span data-line=""><span style="color:#89DDFF">    },</span></span>
<span data-line=""><span style="color:#BABED8">  ]</span><span style="color:#89DDFF">,</span></span>
<span data-line=""><span style="color:#89DDFF">}</span><span style="color:#BABED8">)</span><span style="color:#89DDFF">;</span></span></code></pre></figure>
<h2 id="배포하기" data-heading="true"><a data-heading="true" href="#배포하기"><span class="icon icon-link"></span></a>배포하기</h2>
<p>이제 마지막 단계인 배포를 해보자. npm 로그인이 되어있으면 큰 문제 없이 가능하다.</p>
<figure data-rehype-pretty-code-figure=""><pre tabindex="0" data-language="json" data-theme="material-theme-palenight"><code data-language="json" data-theme="material-theme-palenight" style="display: grid;"><span data-line=""><span style="color:#676E95;font-style:italic">// package.json</span></span>
<span data-line=""><span style="color:#89DDFF">{</span></span>
<span data-line=""><span style="color:#89DDFF">  "</span><span style="color:#C792EA">name</span><span style="color:#89DDFF">"</span><span style="color:#89DDFF">:</span><span style="color:#89DDFF"> "</span><span style="color:#C3E88D">eslint-plugin-ID</span><span style="color:#89DDFF">"</span><span style="color:#89DDFF">,</span></span>
<span data-line=""><span style="color:#89DDFF">  "</span><span style="color:#C792EA">version</span><span style="color:#89DDFF">"</span><span style="color:#89DDFF">:</span><span style="color:#89DDFF"> "</span><span style="color:#C3E88D">0.0.1</span><span style="color:#89DDFF">"</span></span>
<span data-line=""><span style="color:#89DDFF">}</span></span></code></pre></figure>
<p>ESLint 플러그인은 <code>eslint-plugin</code> prefix가 존재하므로 이름을 지켜준다.</p>
<p>배포는 버전을 기준으로 진행하게 되므로 코드 수정내역이 발생해 다시 배포한다면 <code>version</code>을 업데이트해 주어야 한다.</p>
<figure data-rehype-pretty-code-figure=""><pre tabindex="0" data-language="sh" data-theme="material-theme-palenight"><code data-language="sh" data-theme="material-theme-palenight" style="display: grid;"><span data-line=""><span style="color:#FFCB6B">npm</span><span style="color:#C3E88D"> publish</span></span></code></pre></figure>
<p>해당 명령어로 배포하면 완료! 만약 <code>ENEEDAUTH</code> 에러가 발생한다면 <code>npm adduser</code>를 통해 로그인을 해주자.</p>
<h2 id="사용하기" data-heading="true"><a data-heading="true" href="#사용하기"><span class="icon icon-link"></span></a>사용하기</h2>
<p>배포된 플러그인을 실제로 사용해 보자. <code>npm i -D eslint-plugin-PLUGIN_ID</code>으로 설치한다.</p>
<figure data-rehype-pretty-code-figure=""><pre tabindex="0" data-language="json" data-theme="material-theme-palenight"><code data-language="json" data-theme="material-theme-palenight" style="display: grid;"><span data-line=""><span style="color:#676E95;font-style:italic">// .eslintrc</span></span>
<span data-line=""><span style="color:#89DDFF">{</span></span>
<span data-line=""><span style="color:#89DDFF">  "</span><span style="color:#C792EA">plugins</span><span style="color:#89DDFF">"</span><span style="color:#89DDFF">:</span><span style="color:#89DDFF"> [</span><span style="color:#89DDFF">"</span><span style="color:#C3E88D">PLUGIN_ID</span><span style="color:#89DDFF">"</span><span style="color:#89DDFF">],</span></span>
<span data-line=""><span style="color:#89DDFF">  "</span><span style="color:#C792EA">rules</span><span style="color:#89DDFF">"</span><span style="color:#89DDFF">:</span><span style="color:#89DDFF"> {</span></span>
<span data-line=""><span style="color:#89DDFF">    "</span><span style="color:#FFCB6B">PLUGIN_ID/RULE</span><span style="color:#89DDFF">"</span><span style="color:#89DDFF">:</span><span style="color:#89DDFF"> "</span><span style="color:#C3E88D">error</span><span style="color:#89DDFF">"</span></span>
<span data-line=""><span style="color:#89DDFF">  }</span></span>
<span data-line=""><span style="color:#89DDFF">}</span></span></code></pre></figure>
<p><code>.eslintrc</code> 파일에 배포된 플러그인 아이디를 설정하고 rule을 지정한다.</p>
<p></p><div class="img-container"><div class="img-wrap"><img src="https://github.com/1ilsang/dev/assets/23524849/adfc66f0-0516-4a77-90dd-6c9a523d8192" alt="result"></div></div><p></p>
<p>이제 IDE에서 함수에 숫자를 사용하면 에러가 노출되는 것을 확인할 수 있다.</p>
<p><code>eslint --fix</code>를 실행하게 되면 <code>isNumber</code>로 함수명이 변경된다.</p>
<p>또한 에러 문구의 <code>eslint(plugin/rule)</code>의 링크를 클릭하면 <code>meta &gt; docs &gt; url</code> 값으로 리다이렉트 된다.</p>
<p>그럼 이만!</p>
<h2 id="reference" data-heading="true"><a data-heading="true" href="#reference"><span class="icon icon-link"></span></a>Reference</h2>
<ul>
<li><a class="underline-highlight-fade" target="_blank" href="https://eslint.org/docs/latest/extend/custom-rules" rel="noreferrer noopener">https://eslint.org/docs/latest/extend/custom-rules</a></li>
</ul></div><aside class="absolute inline-block h-full top-0 left-full break-words max-xl:hidden" aria-label="index"><ul class="ml-9 sticky pl-4 top-32 w-[calc(50vw-35vw)] border-l-2 border-l-base min-[1320px]:ml-20 min-[1320px]:top-48"><li data-id="tldr" class="pt-0.5 text-base select-none cursor-pointer hover:text-sub-blue">TL;DR!</li><li data-id="기본-세팅" class="pt-0.5 text-base select-none cursor-pointer hover:text-sub-blue">기본 세팅</li><li><ul class="ml-2.5 last:mb-2"><li data-id="플러그인-구조-만들기" class="pt-0.5 text-base select-none cursor-pointer hover:text-sub-blue before:content-['-'] before:mr-1">플러그인 구조 만들기</li><li data-id="플러그인-rule-구조-만들기" class="pt-0.5 text-base select-none cursor-pointer hover:text-sub-blue before:content-['-'] before:mr-1">플러그인 Rule 구조 만들기</li></ul></li><li data-id="eslint의-소스코드-파싱과-ast" class="pt-0.5 text-base select-none cursor-pointer hover:text-sub-blue">ESLint의 소스코드 파싱과 AST</li><li data-id="규칙-추가" class="pt-0.5 text-base select-none cursor-pointer hover:text-sub-blue">규칙 추가</li><li data-id="테스트-추가" class="pt-0.5 text-base select-none cursor-pointer hover:text-sub-blue">테스트 추가</li><li data-id="배포하기" class="pt-0.5 text-base select-none cursor-pointer hover:text-sub-blue">배포하기</li><li data-id="사용하기" class="pt-0.5 text-base select-none cursor-pointer hover:text-sub-blue">사용하기</li><li data-id="reference" class="pt-0.5 text-base select-none cursor-pointer hover:text-sub-blue">Reference</li></ul></aside></section><a class="highlighter mt-24 [&amp;&amp;]:text-transparent bg-rainbow-water bg-clip-text bg-[length:400%_400%] animate-rainbow-water" href="https://github.com/1ilsang/dev/issues/new?labels=🧊 comment&amp;assignees=1ilsang&amp;title=[🧊] ESLint%20%ED%94%8C%EB%9F%AC%EA%B7%B8%EC%9D%B8%20%EB%B0%B0%ED%8F%AC%ED%95%98%EA%B8%B0&amp;body=<!-- 환영합니다. 이슈 남겨주시면 빠르게 답변드리겠습니다. 🙇 -->" rel="noopener noreferrer" target="_blank">📮 이 포스트에 관심 있으신가요? 이슈를 남겨주세요! 👍</a><div class="flex items-center mt-4 mb-56"><iframe class="border-0 rounded-md cursor-pointer object-contain hover:animate-bouncing" src="https://github.com/sponsors/1ilsang/button" title="Sponsor 1ilsang" height="32" width="114"></iframe></div></section>