<progress class="[&amp;::-webkit-progress-bar]:bg-sub-blue fixed top-0 left-0 z-10 w-full h-[3px] appearance-none [&amp;::-webkit-progress-value]:bg-base-og" value="0" max="1"></progress><nav class="fixed z-40 flex flex-wrap w-full justify-between justify-items-center hover:animate-rainbow-water hover:bg-nav hover:bg-[length:400%_400%] opacity-10	md:opacity-100 shadow-nav shadow-lg"><h2 class="tracking-tight mr-6 text-2xl	font-bold my-2 ml-3.5"><a class="hover:underline" href="/">1ilsang</a></h2><div class="flex"><h2 class="tracking-tight mr-6 text-xl mt-2.5"><a class="hover:underline" href="/posts">posts</a></h2><h2 class="tracking-tight mr-6 text-xl mt-2.5"><a class="hover:underline" href="/tags">tags</a></h2><div class="mr-2 w-8 h-8 mt-2" role="img" aria-label="1ilsang character"><a href="/about"><img class="border border-solid rounded-full border-white-blue" src="/images/chul.webp" alt="1ilsang"></a></div></div></nav><section class="h-auto min-h-full max-w-(--breakpoint-md) py-20 md:py-28 mx-4 min-[790px]:m-auto print:py-0"><h1 class="text-4xl break-words md:text-6xl">[구름톤 챌린지] 이진수 정렬</h1><section class="flex items-center mt-4"><div class="mr-2 w-9	h-9 md:w-12 md:h-12" role="img" aria-label="1ilsang character"><a href="/about"><img class="border border-solid rounded-full border-sub-blue" src="/images/chul.webp" alt="1ilsang"></a></div><div><a class="text-lg" href="/about">1ilsang</a><div class="text-sm text-sub-blue">클라이밍 하실래염?</div></div></section><section class="flex flex-wrap items-end mt-2"><a class="text-highlight print:text-black hover:underline mr-2" target="_self" href="/tags/algorithm">#<!-- -->algorithm</a><a class="text-highlight print:text-black hover:underline mr-2" target="_self" href="/tags/goorm">#<!-- -->goorm</a><a class="text-highlight print:text-black hover:underline mr-2" target="_self" href="/tags/binary">#<!-- -->binary</a><a class="text-highlight print:text-black hover:underline mr-2" target="_self" href="/tags/memoization">#<!-- -->memoization</a></section><section><div class="inline text-date-gray">Published <time datetime="2023-08-21 21:56">2023-08-21 21:56</time></div></section><section id="post-body-container" class="relative"><div class="markdown"><div class="img-container"><div class="flex justify-center min-h-[200px] mt-3 mb-3 w-full h-[600px] object-contain bg-transparent mt-10"><img class="w-full h-full cursor-zoom-in object-contain max-h-[550px]" alt="problem" src="/posts/goorm-195687/problem.webp"></div></div>
<blockquote class="pl-4 text-[#8b949e] border-l-[0.25rem] border-[#425061]">
<p class="mt-4 mb-4"><a href="https://level.goorm.io/exam/195687/%EC%9D%B4%EC%A7%84%EC%88%98-%EC%A0%95%EB%A0%AC" class="underline-highlight-fade" target="_blank" rel="noreferrer noopener">문제 링크</a></p>
</blockquote>
<p class="mt-4 mb-4">10진수 숫자를 2진법으로 변환후 1의 개수가 가장 많은 순부터 정렬해 K번째 위치 값을 출력하면 되는 문제다.</p>
<h2 id="접근법" class="font-semibold leading-snug pb-0.5 pt-6 mb-2 group text-3xl mt-12 border-b border-[hsl(210deg_18%_87%_/100%)]"><a aria-hidden="true" tabindex="-1" href="#접근법"><span class="icon icon-link opacity-0 group-hover:opacity-100 ease-in-out transition-opacity duration-300 before:absolute before:w-[40px] before:left-[-25px] before:content-[&quot;⧉&quot;] before:text-[#61768f] before:mr-2"></span></a>접근법</h2>
<p class="mt-4 mb-4">N을 순회하면서 각각 2진수로 변환하고 그 값을 저장해 나간다면(<code>O(N^2)</code>) 너무 재미없다.</p>
<p class="mt-4 mb-4">따라서 우리는 메모를 사용해 이전 값을 활용해 다음 값을 구해 나갈 것이다. 이 방법을 사용하면 <code>O(N)</code>으로 처리가 가능하다.</p>
<figure data-rehype-pretty-code-figure=""><pre tabindex="0" data-language="js" data-theme="material-theme-palenight"><code data-language="js" data-theme="material-theme-palenight" style="display:grid"><span data-line=""><span style="color:#676E95;font-style:italic">// 숫자별 1의 개수를 정리해 본다.</span></span>
<span data-line=""><span style="color:#676E95;font-style:italic">// Index: [0,1,2,3,4,5,6,7,8,9];</span></span>
<span data-line=""><span style="color:#676E95;font-style:italic">// Count: [0,1,1,2,1,2,2,3,1,2];</span></span></code></pre></figure>
<p class="mt-4 mb-4">9까지의 수를 2진수의 개수로 표현하면 위의 표와 같아진다. 여기서 우리는 두 가지 패턴을 찾을 수 있다.</p>
<ol class="min-[790px]:ml-6 ml-4 list-decimal">
<li>2의 지수승(2^n)은 무조건 1이다(1, 2, 4, 8은 2진수에서 무조건 1이다).</li>
<li><strong>현재 값에서 2를 나눈 값의 1의 개수와 현재 값을 2로 나눈 나머지를 더하면 현재 값의 1의 개수가 된다.</strong></li>
</ol>
<p class="mt-4 mb-4"><em>7을 기준으로 해보자.</em></p>
<figure data-rehype-pretty-code-figure=""><pre tabindex="0" data-language="md" data-theme="material-theme-palenight"><code data-language="md" data-theme="material-theme-palenight" style="display:grid"><span data-line=""><span style="color:#BABED8">7/2 = 3 =&gt; 2</span></span>
<span data-line=""><span style="color:#BABED8">7%2 = 1</span></span>
<span data-line=""><span style="color:#BABED8">=&gt; 7 = 3</span></span></code></pre></figure>
<ul class="min-[790px]:ml-6 ml-4 list-disc">
<li>7을 2로 나누면 3이 된다. 위의 표에서 3의 1 개수는 2이다.</li>
<li>7을 2로 나눈 나머지는 1이다.</li>
<li>2 + 1 = 3이므로 7은 3이 된다.</li>
</ul>
<p class="mt-4 mb-4">이전 값을 알면 현재 값을 손쉽게 구할 수 있게 되었다.</p>
<p class="mt-4 mb-4">그러므로 2부터 포문을 돌리면서 메모 배열을 만들고 최댓값을 찾아나가면 된다.</p>
<h2 id="정리" class="font-semibold leading-snug pb-0.5 pt-6 mb-2 group text-3xl mt-12 border-b border-[hsl(210deg_18%_87%_/100%)]"><a aria-hidden="true" tabindex="-1" href="#정리"><span class="icon icon-link opacity-0 group-hover:opacity-100 ease-in-out transition-opacity duration-300 before:absolute before:w-[40px] before:left-[-25px] before:content-[&quot;⧉&quot;] before:text-[#61768f] before:mr-2"></span></a>정리</h2>
<ol class="min-[790px]:ml-6 ml-4 list-decimal">
<li>메모이제이션을 활용해 들어올 수 있는 숫자의 최댓값 <code>2^20</code>(1048576)까지 이진수의 개수를 구한다.</li>
<li>N을 메모이제이션 배열로 정렬한다.</li>
<li>K 번 인덱스의 값을 출력한다.</li>
</ol>
<h2 id="최종-코드" class="font-semibold leading-snug pb-0.5 pt-6 mb-2 group text-3xl mt-12 border-b border-[hsl(210deg_18%_87%_/100%)]"><a aria-hidden="true" tabindex="-1" href="#최종-코드"><span class="icon icon-link opacity-0 group-hover:opacity-100 ease-in-out transition-opacity duration-300 before:absolute before:w-[40px] before:left-[-25px] before:content-[&quot;⧉&quot;] before:text-[#61768f] before:mr-2"></span></a>최종 코드</h2>
<figure data-rehype-pretty-code-figure=""><pre tabindex="0" data-language="js" data-theme="material-theme-palenight"><code data-language="js" data-theme="material-theme-palenight" style="display:grid"><span data-line=""><span style="color:#C792EA">let</span><span style="color:#BABED8"> N</span><span style="color:#89DDFF">,</span><span style="color:#BABED8"> K</span><span style="color:#89DDFF">;</span></span>
<span data-line=""><span style="color:#BABED8">rl</span><span style="color:#89DDFF">.</span><span style="color:#82AAFF">on</span><span style="color:#BABED8">(</span><span style="color:#89DDFF">'</span><span style="color:#C3E88D">line</span><span style="color:#89DDFF">'</span><span style="color:#89DDFF">,</span><span style="color:#89DDFF"> (</span><span style="color:#BABED8;font-style:italic">line</span><span style="color:#89DDFF">)</span><span style="color:#C792EA"> =&gt;</span><span style="color:#89DDFF"> {</span></span>
<span data-line=""><span style="color:#89DDFF;font-style:italic">  if</span><span style="color:#F07178"> (</span><span style="color:#89DDFF">typeof</span><span style="color:#BABED8"> N</span><span style="color:#89DDFF"> ===</span><span style="color:#89DDFF"> '</span><span style="color:#C3E88D">undefined</span><span style="color:#89DDFF">'</span><span style="color:#F07178">) </span><span style="color:#89DDFF">{</span></span>
<span data-line=""><span style="color:#C792EA">    const</span><span style="color:#89DDFF"> [</span><span style="color:#BABED8">n</span><span style="color:#89DDFF">,</span><span style="color:#BABED8"> k</span><span style="color:#89DDFF">]</span><span style="color:#89DDFF"> =</span><span style="color:#BABED8"> line</span><span style="color:#89DDFF">.</span><span style="color:#82AAFF">split</span><span style="color:#F07178">(</span><span style="color:#89DDFF">'</span><span style="color:#89DDFF"> '</span><span style="color:#F07178">)</span><span style="color:#89DDFF">.</span><span style="color:#82AAFF">map</span><span style="color:#F07178">(</span><span style="color:#89DDFF">(</span><span style="color:#BABED8;font-style:italic">num</span><span style="color:#89DDFF">)</span><span style="color:#C792EA"> =&gt;</span><span style="color:#82AAFF"> Number</span><span style="color:#F07178">(</span><span style="color:#BABED8">num</span><span style="color:#F07178">))</span><span style="color:#89DDFF">;</span></span>
<span data-line=""><span style="color:#BABED8">    N</span><span style="color:#89DDFF"> =</span><span style="color:#BABED8"> n</span><span style="color:#89DDFF">;</span></span>
<span data-line=""><span style="color:#BABED8">    K</span><span style="color:#89DDFF"> =</span><span style="color:#BABED8"> k</span><span style="color:#89DDFF">;</span></span>
<span data-line=""><span style="color:#89DDFF;font-style:italic">    return</span><span style="color:#89DDFF">;</span></span>
<span data-line=""><span style="color:#89DDFF">  }</span></span>
<span data-line=""><span style="color:#C792EA">  const</span><span style="color:#BABED8"> nums</span><span style="color:#89DDFF"> =</span><span style="color:#BABED8"> line</span><span style="color:#89DDFF">.</span><span style="color:#82AAFF">split</span><span style="color:#F07178">(</span><span style="color:#89DDFF">'</span><span style="color:#89DDFF"> '</span><span style="color:#F07178">)</span><span style="color:#89DDFF">.</span><span style="color:#82AAFF">map</span><span style="color:#F07178">(</span><span style="color:#89DDFF">(</span><span style="color:#BABED8;font-style:italic">num</span><span style="color:#89DDFF">)</span><span style="color:#C792EA"> =&gt;</span><span style="color:#82AAFF"> Number</span><span style="color:#F07178">(</span><span style="color:#BABED8">num</span><span style="color:#F07178">))</span><span style="color:#89DDFF">;</span></span>
<span data-line=""><span style="color:#C792EA">  const</span><span style="color:#BABED8"> memo</span><span style="color:#89DDFF"> =</span><span style="color:#F07178"> [</span><span style="color:#F78C6C">0</span><span style="color:#89DDFF">,</span><span style="color:#F78C6C"> 1</span><span style="color:#F07178">]</span><span style="color:#89DDFF">;</span></span>
<span data-line=""> </span>
<span data-line=""><span style="color:#676E95;font-style:italic">  // 메모 처리</span></span>
<span data-line=""><span style="color:#89DDFF;font-style:italic">  for</span><span style="color:#F07178"> (</span><span style="color:#C792EA">let</span><span style="color:#BABED8"> i</span><span style="color:#89DDFF"> =</span><span style="color:#F78C6C"> 2</span><span style="color:#89DDFF">;</span><span style="color:#BABED8"> i</span><span style="color:#89DDFF"> &lt;=</span><span style="color:#F78C6C"> 1048576</span><span style="color:#89DDFF">;</span><span style="color:#BABED8"> i</span><span style="color:#89DDFF">++</span><span style="color:#F07178">) </span><span style="color:#89DDFF">{</span></span>
<span data-line=""><span style="color:#C792EA">    const</span><span style="color:#BABED8"> before</span><span style="color:#89DDFF"> =</span><span style="color:#BABED8"> memo</span><span style="color:#F07178">[</span><span style="color:#BABED8">Math</span><span style="color:#89DDFF">.</span><span style="color:#82AAFF">floor</span><span style="color:#F07178">(</span><span style="color:#BABED8">i</span><span style="color:#89DDFF"> /</span><span style="color:#F78C6C"> 2</span><span style="color:#F07178">)]</span><span style="color:#89DDFF">;</span></span>
<span data-line=""><span style="color:#C792EA">    const</span><span style="color:#BABED8"> remain</span><span style="color:#89DDFF"> =</span><span style="color:#BABED8"> i</span><span style="color:#89DDFF"> %</span><span style="color:#F78C6C"> 2</span><span style="color:#89DDFF">;</span></span>
<span data-line=""><span style="color:#BABED8">    memo</span><span style="color:#F07178">[</span><span style="color:#BABED8">i</span><span style="color:#F07178">] </span><span style="color:#89DDFF">=</span><span style="color:#BABED8"> before</span><span style="color:#89DDFF"> +</span><span style="color:#BABED8"> remain</span><span style="color:#89DDFF">;</span></span>
<span data-line=""><span style="color:#89DDFF">  }</span></span>
<span data-line=""> </span>
<span data-line=""><span style="color:#676E95;font-style:italic">  // input을 순회하면서 메모 값을 기준으로 정렬한다.</span></span>
<span data-line=""><span style="color:#C792EA">  const</span><span style="color:#BABED8"> sortedList</span><span style="color:#89DDFF"> =</span><span style="color:#BABED8"> nums</span><span style="color:#89DDFF">.</span><span style="color:#82AAFF">sort</span><span style="color:#F07178">(</span><span style="color:#89DDFF">(</span><span style="color:#BABED8;font-style:italic">a</span><span style="color:#89DDFF">,</span><span style="color:#BABED8;font-style:italic"> b</span><span style="color:#89DDFF">)</span><span style="color:#C792EA"> =&gt;</span><span style="color:#89DDFF"> {</span></span>
<span data-line=""><span style="color:#C792EA">    const</span><span style="color:#BABED8"> am</span><span style="color:#89DDFF"> =</span><span style="color:#BABED8"> memo</span><span style="color:#F07178">[</span><span style="color:#BABED8">a</span><span style="color:#F07178">]</span><span style="color:#89DDFF">;</span></span>
<span data-line=""><span style="color:#C792EA">    const</span><span style="color:#BABED8"> bm</span><span style="color:#89DDFF"> =</span><span style="color:#BABED8"> memo</span><span style="color:#F07178">[</span><span style="color:#BABED8">b</span><span style="color:#F07178">]</span><span style="color:#89DDFF">;</span></span>
<span data-line=""><span style="color:#676E95;font-style:italic">    // 만약 메모 값이 같다면(1의 개수가 동일하다면) 10진수를 기준으로 정렬</span></span>
<span data-line=""><span style="color:#89DDFF;font-style:italic">    if</span><span style="color:#F07178"> (</span><span style="color:#BABED8">am</span><span style="color:#89DDFF"> ===</span><span style="color:#BABED8"> bm</span><span style="color:#F07178">) </span><span style="color:#89DDFF">{</span></span>
<span data-line=""><span style="color:#89DDFF;font-style:italic">      return</span><span style="color:#BABED8"> b</span><span style="color:#89DDFF"> -</span><span style="color:#BABED8"> a</span><span style="color:#89DDFF">;</span></span>
<span data-line=""><span style="color:#89DDFF">    }</span></span>
<span data-line=""><span style="color:#89DDFF;font-style:italic">    return</span><span style="color:#BABED8"> bm</span><span style="color:#89DDFF"> -</span><span style="color:#BABED8"> am</span><span style="color:#89DDFF">;</span></span>
<span data-line=""><span style="color:#89DDFF">  }</span><span style="color:#F07178">)</span><span style="color:#89DDFF">;</span></span>
<span data-line=""> </span>
<span data-line=""><span style="color:#BABED8">  console</span><span style="color:#89DDFF">.</span><span style="color:#82AAFF">log</span><span style="color:#F07178">(</span><span style="color:#BABED8">sortedList</span><span style="color:#F07178">[</span><span style="color:#BABED8">K</span><span style="color:#89DDFF"> -</span><span style="color:#F78C6C"> 1</span><span style="color:#F07178">])</span><span style="color:#89DDFF">;</span></span>
<span data-line=""><span style="color:#BABED8">  rl</span><span style="color:#89DDFF">.</span><span style="color:#82AAFF">close</span><span style="color:#F07178">()</span><span style="color:#89DDFF">;</span></span>
<span data-line=""><span style="color:#89DDFF">}</span><span style="color:#BABED8">)</span><span style="color:#89DDFF">;</span></span></code></pre></figure></div><aside class="absolute top-0 inline-block h-full break-words left-full max-xl:hidden" aria-label="index"><ul class="ml-9 sticky pl-4 top-32 w-[calc(50vw-35vw)] border-l-2 border-l-base min-[1320px]:ml-20 min-[1320px]:top-48"><li id="접근법" class="pt-0.5 text-base select-none cursor-pointer mb-0.5 hover:text-sub-blue">접근법</li><li id="정리" class="pt-0.5 text-base select-none cursor-pointer mb-0.5 hover:text-sub-blue">정리</li><li id="최종-코드" class="pt-0.5 text-base select-none cursor-pointer mb-0.5 hover:text-sub-blue">최종 코드</li></ul></aside></section><a class="inline-block text-[#30ffcb] leading-[1.1] after:transition-[width] after:duration-500 ease-in-out hover:after:w-[100%] after:w-0 after:block after:h-[1px] print:text-black print:underline after:bg-[#30ffcb] after:content-[&quot;&quot;] mt-24 [&amp;&amp;]:text-transparent bg-rainbow-water bg-clip-text bg-[length:400%_400%] animate-rainbow-water" href="https://github.com/1ilsang/dev/issues/new?labels=🧊 comment&amp;assignees=1ilsang&amp;title=[🧊] %5B%EA%B5%AC%EB%A6%84%ED%86%A4%20%EC%B1%8C%EB%A6%B0%EC%A7%80%5D%20%EC%9D%B4%EC%A7%84%EC%88%98%20%EC%A0%95%EB%A0%AC&amp;body=<!-- 환영합니다. 이슈 남겨주시면 빠르게 답변드리겠습니다. 🙇 -->" rel="noopener noreferrer" target="_blank">📮 이 포스트에 관심 있으신가요? 이슈를 남겨주세요! 👍</a><div class="flex items-center mt-4 mb-56"><iframe class="border-0 rounded-md cursor-pointer object-contain hover:animate-bouncing" src="https://github.com/sponsors/1ilsang/button" title="Sponsor 1ilsang" height="32" width="114"></iframe></div></section>