<progress class="[&amp;::-webkit-progress-bar]:bg-sub-blue fixed top-0 left-0 z-10 w-full h-[3px] appearance-none [&amp;::-webkit-progress-value]:bg-base-og" value="0" max="1"></progress><nav class="fixed z-40 flex flex-wrap w-full justify-between justify-items-center hover:animate-rainbow-water hover:bg-nav hover:bg-[length:400%_400%] opacity-10	md:opacity-100 shadow-nav shadow-lg"><h2 class="tracking-tight mr-6 text-2xl	font-bold my-2 ml-3.5"><a class="hover:underline" href="/">1ilsang</a></h2><div class="flex"><h2 class="tracking-tight mr-6 text-xl mt-2.5"><a class="hover:underline" href="/posts">posts</a></h2><h2 class="tracking-tight mr-6 text-xl mt-2.5"><a class="hover:underline" href="/tags">tags</a></h2><div class="mr-2 w-8 h-8 mt-2" role="img" aria-label="1ilsang character"><a href="/about"><img class="border border-solid rounded-full border-white-blue" src="/images/chul.webp" alt="1ilsang"></a></div></div></nav><section class="h-auto min-h-full max-w-screen-md py-20 md:py-28 mx-4 min-[790px]:m-auto print:py-0"><h1 class="text-4xl break-words md:text-6xl">[구름톤 챌린지] 통증2</h1><section class="flex items-center mt-4"><div class="mr-2 w-9	h-9 md:w-12 md:h-12" role="img" aria-label="1ilsang character"><a href="/about"><img class="border border-solid rounded-full border-sub-blue" src="/images/chul.webp" alt="1ilsang"></a></div><div><a class="text-lg" href="/about">1ilsang</a><div class="text-sm text-sub-blue">클라이밍 하실래염?</div></div></section><section class="flex flex-wrap items-end mt-2"><a class="text-highlight print:text-black hover:underline mr-2" target="_self" href="/tags/algorithm">#<!-- -->algorithm</a><a class="text-highlight print:text-black hover:underline mr-2" target="_self" href="/tags/goorm">#<!-- -->goorm</a><a class="text-highlight print:text-black hover:underline mr-2" target="_self" href="/tags/brute-force">#<!-- -->brute-force</a><a class="text-highlight print:text-black hover:underline mr-2" target="_self" href="/tags/dynamic-programming">#<!-- -->dynamic-programming</a></section><section><div class="inline text-date-gray">Published <time datetime="2023-08-29 16:27">2023-08-29 16:27</time></div></section><section id="post-body-container" class="relative"><div class="markdown"><div class="img-container"><div class="flex justify-center min-h-[200px] mt-3 mb-3 w-full h-[600px] object-contain bg-transparent mt-10"><img class="w-full h-full cursor-zoom-in object-contain max-h-[550px]" alt="problem" src="/posts/goorm-195693/problem.webp"></div></div>
<blockquote class="pl-4 text-[#8b949e] border-l-[0.25rem] border-[#425061]">
<p class="mt-4 mb-4"><a href="https://level.goorm.io/exam/195693/%ED%86%B5%EC%A6%9D-2/quiz/1" class="underline-highlight-fade" target="_blank" rel="noreferrer noopener">문제 링크</a></p>
</blockquote>
<p class="mt-4 mb-4">아이템 A, B를 최소한으로 사용하여 통증을 0으로 맞출 수 있는지 확인하는 문제이다. 불가능하다면 -1을 출력한다.</p>
<h2 id="접근법" class="font-semibold leading-snug pb-0.5 pt-6 mb-2 group text-3xl mt-12 border-b border-[hsl(210deg_18%_87%_/100%)]"><a aria-hidden="true" tabindex="-1" href="#접근법"><span class="icon icon-link opacity-0 group-hover:opacity-100 ease-in-out transition-opacity duration-300 before:absolute before:w-[40px] before:left-[-25px] before:content-[&quot;⧉&quot;] before:text-[#61768f] before:mr-2"></span></a>접근법</h2>
<h3 id="1-완전-탐색" class="font-semibold leading-snug pb-0.5 pt-6 mb-2 group text-2xl mt-8"><a aria-hidden="true" tabindex="-1" href="#1-완전-탐색"><span class="icon icon-link opacity-0 group-hover:opacity-100 ease-in-out transition-opacity duration-300 before:absolute before:w-[40px] before:left-[-25px] before:content-[&quot;⧉&quot;] before:text-[#61768f] before:mr-2"></span></a>1. 완전 탐색</h3>
<p class="mt-4 mb-4">A와 B의 합이 N이 될 때까지 전체 조합을 탐색한다.</p>
<p class="mt-4 mb-4">A가 0...I개 일때 B가 0...J개로 가능한지 확인할 수 있다. 이때 개수로 확인하게 되면 A가 I번 만큼 순회할 때마다 B가 J번 만큼 순회하게 되므로 <strong>시간초과</strong>가 발생한다.</p>
<p class="mt-4 mb-4">A가 0...I개 일때 B는 0부터 하나씩 올려가며 찾지 않고 N-A가 B로 나누어지는지를 확인하면 <code>O(N)</code>만에 해결이 가능해진다.</p>
<figure data-rehype-pretty-code-figure=""><pre tabindex="0" data-language="js" data-theme="material-theme-palenight"><code data-language="js" data-theme="material-theme-palenight" style="display:grid"><span data-line=""><span style="color:#C792EA">let</span><span style="color:#BABED8"> answer </span><span style="color:#89DDFF">=</span><span style="color:#89DDFF"> Infinity;</span></span>
<span data-line=""><span style="color:#89DDFF;font-style:italic">for</span><span style="color:#BABED8"> (</span><span style="color:#C792EA">let</span><span style="color:#BABED8"> aCost </span><span style="color:#89DDFF">=</span><span style="color:#F78C6C"> 0</span><span style="color:#89DDFF">;</span><span style="color:#BABED8"> aCost </span><span style="color:#89DDFF">&lt;=</span><span style="color:#BABED8"> n</span><span style="color:#89DDFF">;</span><span style="color:#BABED8"> aCost </span><span style="color:#89DDFF">+=</span><span style="color:#BABED8"> a) </span><span style="color:#89DDFF">{</span></span>
<span data-line=""><span style="color:#676E95;font-style:italic">  // N에 A를 뺀 값이 B로 나누어떨어지지 않는다면 패스한다.</span></span>
<span data-line=""><span style="color:#89DDFF;font-style:italic">  if</span><span style="color:#F07178"> ((</span><span style="color:#BABED8">n</span><span style="color:#89DDFF"> -</span><span style="color:#BABED8"> aCost</span><span style="color:#F07178">) </span><span style="color:#89DDFF">%</span><span style="color:#BABED8"> b</span><span style="color:#89DDFF"> !==</span><span style="color:#F78C6C"> 0</span><span style="color:#F07178">) </span><span style="color:#89DDFF;font-style:italic">continue</span><span style="color:#89DDFF">;</span></span>
<span data-line=""><span style="color:#C792EA">  const</span><span style="color:#BABED8"> aCount</span><span style="color:#89DDFF"> =</span><span style="color:#BABED8"> Math</span><span style="color:#89DDFF">.</span><span style="color:#82AAFF">floor</span><span style="color:#F07178">(</span><span style="color:#BABED8">aCost</span><span style="color:#89DDFF"> /</span><span style="color:#BABED8"> a</span><span style="color:#F07178">)</span><span style="color:#89DDFF">;</span></span>
<span data-line=""><span style="color:#C792EA">  const</span><span style="color:#BABED8"> bCount</span><span style="color:#89DDFF"> =</span><span style="color:#BABED8"> Math</span><span style="color:#89DDFF">.</span><span style="color:#82AAFF">floor</span><span style="color:#F07178">((</span><span style="color:#BABED8">n</span><span style="color:#89DDFF"> -</span><span style="color:#BABED8"> aCost</span><span style="color:#F07178">) </span><span style="color:#89DDFF">/</span><span style="color:#BABED8"> b</span><span style="color:#F07178">)</span><span style="color:#89DDFF">;</span></span>
<span data-line=""><span style="color:#C792EA">  const</span><span style="color:#BABED8"> count</span><span style="color:#89DDFF"> =</span><span style="color:#BABED8"> aCount</span><span style="color:#89DDFF"> +</span><span style="color:#BABED8"> bCount</span><span style="color:#89DDFF">;</span></span>
<span data-line=""><span style="color:#676E95;font-style:italic">  // 최소 개수를 출력해야 하므로 현재 값이 answer보다 작다면 갱신한다.</span></span>
<span data-line=""><span style="color:#89DDFF;font-style:italic">  if</span><span style="color:#F07178"> (</span><span style="color:#BABED8">count</span><span style="color:#89DDFF"> &lt;</span><span style="color:#BABED8"> answer</span><span style="color:#F07178">) </span><span style="color:#89DDFF">{</span></span>
<span data-line=""><span style="color:#BABED8">    answer</span><span style="color:#89DDFF"> =</span><span style="color:#BABED8"> count</span><span style="color:#89DDFF">;</span></span>
<span data-line=""><span style="color:#89DDFF">  }</span></span>
<span data-line=""><span style="color:#89DDFF">}</span></span>
<span data-line=""><span style="color:#676E95;font-style:italic">// answer가 무한이라면 가능한 조합이 없다는 의미이므로 -1로 변경한다.</span></span>
<span data-line=""><span style="color:#89DDFF;font-style:italic">if</span><span style="color:#BABED8"> (answer </span><span style="color:#89DDFF">===</span><span style="color:#89DDFF"> Infinity</span><span style="color:#BABED8">) </span><span style="color:#89DDFF">{</span></span>
<span data-line=""><span style="color:#BABED8">  answer</span><span style="color:#89DDFF"> =</span><span style="color:#89DDFF"> -</span><span style="color:#F78C6C">1</span><span style="color:#89DDFF">;</span></span>
<span data-line=""><span style="color:#89DDFF">}</span></span>
<span data-line=""><span style="color:#BABED8">console</span><span style="color:#89DDFF">.</span><span style="color:#82AAFF">log</span><span style="color:#BABED8">(answer)</span><span style="color:#89DDFF">;</span></span></code></pre></figure>
<h3 id="2-dp" class="font-semibold leading-snug pb-0.5 pt-6 mb-2 group text-2xl mt-8"><a aria-hidden="true" tabindex="-1" href="#2-dp"><span class="icon icon-link opacity-0 group-hover:opacity-100 ease-in-out transition-opacity duration-300 before:absolute before:w-[40px] before:left-[-25px] before:content-[&quot;⧉&quot;] before:text-[#61768f] before:mr-2"></span></a>2. DP</h3>
<p class="mt-4 mb-4">개수가 기준이 아닌 통증의 값 N을 기준으로 생각해 보자.</p>
<p class="mt-4 mb-4">통증 N은 <code>[N - A] + 1</code> 혹은 <code>[N - B] + 1</code>이 될 수 있다. 현재 N값이 되기 위해선 A혹은 B를 더했으므로 역산으로 A 혹은 B를 뺀 개수에 현재 카운트 1을 추가하면 된다.</p>
<p class="mt-4 mb-4">따라서 통증 0부터 N까지 순회하며 dp 테이블을 채워나가면 <code>O(N)</code>으로 처리가 가능해진다.</p>
<blockquote class="pl-4 text-[#8b949e] border-l-[0.25rem] border-[#425061]">
<p class="mt-4 mb-4">관련 문제로 <a href="/posts/goorm-195687" class="underline-highlight-fade" target="_blank" rel="noreferrer noopener">이진수 정렬의 memo 배열이 채워지는 방식</a>과 같다.</p>
</blockquote>
<figure data-rehype-pretty-code-figure=""><pre tabindex="0" data-language="js" data-theme="material-theme-palenight"><code data-language="js" data-theme="material-theme-palenight" style="display:grid"><span data-line=""><span style="color:#C792EA">const</span><span style="color:#BABED8"> dp </span><span style="color:#89DDFF">=</span><span style="color:#82AAFF"> Array</span><span style="color:#BABED8">(n </span><span style="color:#89DDFF">+</span><span style="color:#F78C6C"> 1</span><span style="color:#BABED8">)</span><span style="color:#89DDFF">.</span><span style="color:#82AAFF">fill</span><span style="color:#BABED8">(</span><span style="color:#89DDFF">Infinity</span><span style="color:#BABED8">)</span><span style="color:#89DDFF">;</span></span>
<span data-line=""><span style="color:#BABED8">dp[</span><span style="color:#F78C6C">0</span><span style="color:#BABED8">] </span><span style="color:#89DDFF">=</span><span style="color:#F78C6C"> 0</span><span style="color:#89DDFF">;</span></span>
<span data-line=""> </span>
<span data-line=""><span style="color:#89DDFF;font-style:italic">for</span><span style="color:#BABED8"> (</span><span style="color:#C792EA">let</span><span style="color:#BABED8"> i </span><span style="color:#89DDFF">=</span><span style="color:#F78C6C"> 1</span><span style="color:#89DDFF">;</span><span style="color:#BABED8"> i </span><span style="color:#89DDFF">&lt;=</span><span style="color:#BABED8"> n</span><span style="color:#89DDFF">;</span><span style="color:#BABED8"> i</span><span style="color:#89DDFF">++</span><span style="color:#BABED8">) </span><span style="color:#89DDFF">{</span></span>
<span data-line=""><span style="color:#89DDFF;font-style:italic">  if</span><span style="color:#F07178"> (</span><span style="color:#BABED8">i</span><span style="color:#89DDFF"> -</span><span style="color:#BABED8"> a</span><span style="color:#89DDFF"> &gt;=</span><span style="color:#F78C6C"> 0</span><span style="color:#F07178">) </span><span style="color:#89DDFF">{</span></span>
<span data-line=""><span style="color:#BABED8">    dp</span><span style="color:#F07178">[</span><span style="color:#BABED8">i</span><span style="color:#F07178">] </span><span style="color:#89DDFF">=</span><span style="color:#BABED8"> Math</span><span style="color:#89DDFF">.</span><span style="color:#82AAFF">min</span><span style="color:#F07178">(</span><span style="color:#BABED8">dp</span><span style="color:#F07178">[</span><span style="color:#BABED8">i</span><span style="color:#89DDFF"> -</span><span style="color:#BABED8"> a</span><span style="color:#F07178">] </span><span style="color:#89DDFF">+</span><span style="color:#F78C6C"> 1</span><span style="color:#89DDFF">,</span><span style="color:#BABED8"> dp</span><span style="color:#F07178">[</span><span style="color:#BABED8">i</span><span style="color:#F07178">])</span><span style="color:#89DDFF">;</span></span>
<span data-line=""><span style="color:#89DDFF">  }</span></span>
<span data-line=""><span style="color:#89DDFF;font-style:italic">  if</span><span style="color:#F07178"> (</span><span style="color:#BABED8">i</span><span style="color:#89DDFF"> -</span><span style="color:#BABED8"> b</span><span style="color:#89DDFF"> &gt;=</span><span style="color:#F78C6C"> 0</span><span style="color:#F07178">) </span><span style="color:#89DDFF">{</span></span>
<span data-line=""><span style="color:#BABED8">    dp</span><span style="color:#F07178">[</span><span style="color:#BABED8">i</span><span style="color:#F07178">] </span><span style="color:#89DDFF">=</span><span style="color:#BABED8"> Math</span><span style="color:#89DDFF">.</span><span style="color:#82AAFF">min</span><span style="color:#F07178">(</span><span style="color:#BABED8">dp</span><span style="color:#F07178">[</span><span style="color:#BABED8">i</span><span style="color:#89DDFF"> -</span><span style="color:#BABED8"> b</span><span style="color:#F07178">] </span><span style="color:#89DDFF">+</span><span style="color:#F78C6C"> 1</span><span style="color:#89DDFF">,</span><span style="color:#BABED8"> dp</span><span style="color:#F07178">[</span><span style="color:#BABED8">i</span><span style="color:#F07178">])</span><span style="color:#89DDFF">;</span></span>
<span data-line=""><span style="color:#89DDFF">  }</span></span>
<span data-line=""><span style="color:#89DDFF">}</span></span>
<span data-line=""><span style="color:#BABED8">console</span><span style="color:#89DDFF">.</span><span style="color:#82AAFF">log</span><span style="color:#BABED8">(dp[n] </span><span style="color:#89DDFF">===</span><span style="color:#89DDFF"> Infinity</span><span style="color:#89DDFF"> ?</span><span style="color:#89DDFF"> -</span><span style="color:#F78C6C">1</span><span style="color:#89DDFF"> :</span><span style="color:#BABED8"> dp[n])</span><span style="color:#89DDFF">;</span></span></code></pre></figure>
<h2 id="정리" class="font-semibold leading-snug pb-0.5 pt-6 mb-2 group text-3xl mt-12 border-b border-[hsl(210deg_18%_87%_/100%)]"><a aria-hidden="true" tabindex="-1" href="#정리"><span class="icon icon-link opacity-0 group-hover:opacity-100 ease-in-out transition-opacity duration-300 before:absolute before:w-[40px] before:left-[-25px] before:content-[&quot;⧉&quot;] before:text-[#61768f] before:mr-2"></span></a>정리</h2>
<ol class="min-[790px]:ml-6 ml-4 list-decimal">
<li>통증 N의 아이템 사용 개수는 <code>N - A</code> 혹은 <code>N - B</code> 값의 +1이다.</li>
<li>DP 테이블을 0부터 N까지 채운다.</li>
<li>DP[n] 값을 출력한다.</li>
</ol>
<h2 id="최종-코드" class="font-semibold leading-snug pb-0.5 pt-6 mb-2 group text-3xl mt-12 border-b border-[hsl(210deg_18%_87%_/100%)]"><a aria-hidden="true" tabindex="-1" href="#최종-코드"><span class="icon icon-link opacity-0 group-hover:opacity-100 ease-in-out transition-opacity duration-300 before:absolute before:w-[40px] before:left-[-25px] before:content-[&quot;⧉&quot;] before:text-[#61768f] before:mr-2"></span></a>최종 코드</h2>
<figure data-rehype-pretty-code-figure=""><pre tabindex="0" data-language="js" data-theme="material-theme-palenight"><code data-language="js" data-theme="material-theme-palenight" style="display:grid"><span data-line=""><span style="color:#C792EA">const</span><span style="color:#BABED8"> readline </span><span style="color:#89DDFF">=</span><span style="color:#82AAFF"> require</span><span style="color:#BABED8">(</span><span style="color:#89DDFF">'</span><span style="color:#C3E88D">readline</span><span style="color:#89DDFF">'</span><span style="color:#BABED8">)</span><span style="color:#89DDFF">;</span></span>
<span data-line=""><span style="color:#C792EA">let</span><span style="color:#BABED8"> rl </span><span style="color:#89DDFF">=</span><span style="color:#BABED8"> readline</span><span style="color:#89DDFF">.</span><span style="color:#82AAFF">createInterface</span><span style="color:#BABED8">(</span><span style="color:#89DDFF">{</span></span>
<span data-line=""><span style="color:#F07178">  input</span><span style="color:#89DDFF">:</span><span style="color:#BABED8"> process</span><span style="color:#89DDFF">.</span><span style="color:#BABED8">stdin</span><span style="color:#89DDFF">,</span></span>
<span data-line=""><span style="color:#F07178">  output</span><span style="color:#89DDFF">:</span><span style="color:#BABED8"> process</span><span style="color:#89DDFF">.</span><span style="color:#BABED8">stdout</span><span style="color:#89DDFF">,</span></span>
<span data-line=""><span style="color:#89DDFF">}</span><span style="color:#BABED8">)</span><span style="color:#89DDFF">;</span></span>
<span data-line=""><span style="color:#C792EA">let</span><span style="color:#BABED8"> n</span><span style="color:#89DDFF">;</span></span>
<span data-line=""><span style="color:#BABED8">rl</span><span style="color:#89DDFF">.</span><span style="color:#82AAFF">on</span><span style="color:#BABED8">(</span><span style="color:#89DDFF">'</span><span style="color:#C3E88D">line</span><span style="color:#89DDFF">'</span><span style="color:#89DDFF">,</span><span style="color:#89DDFF"> (</span><span style="color:#BABED8;font-style:italic">line</span><span style="color:#89DDFF">)</span><span style="color:#C792EA"> =&gt;</span><span style="color:#89DDFF"> {</span></span>
<span data-line=""><span style="color:#89DDFF;font-style:italic">  if</span><span style="color:#F07178"> (</span><span style="color:#BABED8">n</span><span style="color:#89DDFF"> ===</span><span style="color:#89DDFF"> undefined</span><span style="color:#F07178">) </span><span style="color:#89DDFF">{</span></span>
<span data-line=""><span style="color:#BABED8">    n</span><span style="color:#89DDFF"> =</span><span style="color:#82AAFF"> Number</span><span style="color:#F07178">(</span><span style="color:#BABED8">line</span><span style="color:#F07178">)</span><span style="color:#89DDFF">;</span></span>
<span data-line=""><span style="color:#89DDFF;font-style:italic">    return</span><span style="color:#89DDFF">;</span></span>
<span data-line=""><span style="color:#89DDFF">  }</span></span>
<span data-line=""><span style="color:#C792EA">  const</span><span style="color:#89DDFF"> [</span><span style="color:#BABED8">a</span><span style="color:#89DDFF">,</span><span style="color:#BABED8"> b</span><span style="color:#89DDFF">]</span><span style="color:#89DDFF"> =</span><span style="color:#BABED8"> line</span><span style="color:#89DDFF">.</span><span style="color:#82AAFF">split</span><span style="color:#F07178">(</span><span style="color:#89DDFF">'</span><span style="color:#89DDFF"> '</span><span style="color:#F07178">)</span><span style="color:#89DDFF">.</span><span style="color:#82AAFF">map</span><span style="color:#F07178">(</span><span style="color:#89DDFF">(</span><span style="color:#BABED8;font-style:italic">item</span><span style="color:#89DDFF">)</span><span style="color:#C792EA"> =&gt;</span><span style="color:#82AAFF"> Number</span><span style="color:#F07178">(</span><span style="color:#BABED8">item</span><span style="color:#F07178">))</span><span style="color:#89DDFF">;</span></span>
<span data-line=""><span style="color:#C792EA">  const</span><span style="color:#BABED8"> dp</span><span style="color:#89DDFF"> =</span><span style="color:#82AAFF"> Array</span><span style="color:#F07178">(</span><span style="color:#BABED8">n</span><span style="color:#89DDFF"> +</span><span style="color:#F78C6C"> 1</span><span style="color:#F07178">)</span><span style="color:#89DDFF">.</span><span style="color:#82AAFF">fill</span><span style="color:#F07178">(</span><span style="color:#89DDFF">Infinity</span><span style="color:#F07178">)</span><span style="color:#89DDFF">;</span></span>
<span data-line=""><span style="color:#BABED8">  dp</span><span style="color:#F07178">[</span><span style="color:#F78C6C">0</span><span style="color:#F07178">] </span><span style="color:#89DDFF">=</span><span style="color:#F78C6C"> 0</span><span style="color:#89DDFF">;</span></span>
<span data-line=""> </span>
<span data-line=""><span style="color:#89DDFF;font-style:italic">  for</span><span style="color:#F07178"> (</span><span style="color:#C792EA">let</span><span style="color:#BABED8"> i</span><span style="color:#89DDFF"> =</span><span style="color:#F78C6C"> 1</span><span style="color:#89DDFF">;</span><span style="color:#BABED8"> i</span><span style="color:#89DDFF"> &lt;=</span><span style="color:#BABED8"> n</span><span style="color:#89DDFF">;</span><span style="color:#BABED8"> i</span><span style="color:#89DDFF">++</span><span style="color:#F07178">) </span><span style="color:#89DDFF">{</span></span>
<span data-line=""><span style="color:#89DDFF;font-style:italic">    if</span><span style="color:#F07178"> (</span><span style="color:#BABED8">i</span><span style="color:#89DDFF"> -</span><span style="color:#BABED8"> a</span><span style="color:#89DDFF"> &gt;=</span><span style="color:#F78C6C"> 0</span><span style="color:#F07178">) </span><span style="color:#89DDFF">{</span></span>
<span data-line=""><span style="color:#BABED8">      dp</span><span style="color:#F07178">[</span><span style="color:#BABED8">i</span><span style="color:#F07178">] </span><span style="color:#89DDFF">=</span><span style="color:#BABED8"> Math</span><span style="color:#89DDFF">.</span><span style="color:#82AAFF">min</span><span style="color:#F07178">(</span><span style="color:#BABED8">dp</span><span style="color:#F07178">[</span><span style="color:#BABED8">i</span><span style="color:#89DDFF"> -</span><span style="color:#BABED8"> a</span><span style="color:#F07178">] </span><span style="color:#89DDFF">+</span><span style="color:#F78C6C"> 1</span><span style="color:#89DDFF">,</span><span style="color:#BABED8"> dp</span><span style="color:#F07178">[</span><span style="color:#BABED8">i</span><span style="color:#F07178">])</span><span style="color:#89DDFF">;</span></span>
<span data-line=""><span style="color:#89DDFF">    }</span></span>
<span data-line=""><span style="color:#89DDFF;font-style:italic">    if</span><span style="color:#F07178"> (</span><span style="color:#BABED8">i</span><span style="color:#89DDFF"> -</span><span style="color:#BABED8"> b</span><span style="color:#89DDFF"> &gt;=</span><span style="color:#F78C6C"> 0</span><span style="color:#F07178">) </span><span style="color:#89DDFF">{</span></span>
<span data-line=""><span style="color:#BABED8">      dp</span><span style="color:#F07178">[</span><span style="color:#BABED8">i</span><span style="color:#F07178">] </span><span style="color:#89DDFF">=</span><span style="color:#BABED8"> Math</span><span style="color:#89DDFF">.</span><span style="color:#82AAFF">min</span><span style="color:#F07178">(</span><span style="color:#BABED8">dp</span><span style="color:#F07178">[</span><span style="color:#BABED8">i</span><span style="color:#89DDFF"> -</span><span style="color:#BABED8"> b</span><span style="color:#F07178">] </span><span style="color:#89DDFF">+</span><span style="color:#F78C6C"> 1</span><span style="color:#89DDFF">,</span><span style="color:#BABED8"> dp</span><span style="color:#F07178">[</span><span style="color:#BABED8">i</span><span style="color:#F07178">])</span><span style="color:#89DDFF">;</span></span>
<span data-line=""><span style="color:#89DDFF">    }</span></span>
<span data-line=""><span style="color:#89DDFF">  }</span></span>
<span data-line=""><span style="color:#BABED8">  console</span><span style="color:#89DDFF">.</span><span style="color:#82AAFF">log</span><span style="color:#F07178">(</span><span style="color:#BABED8">dp</span><span style="color:#F07178">[</span><span style="color:#BABED8">n</span><span style="color:#F07178">] </span><span style="color:#89DDFF">===</span><span style="color:#89DDFF"> Infinity</span><span style="color:#89DDFF"> ?</span><span style="color:#89DDFF"> -</span><span style="color:#F78C6C">1</span><span style="color:#89DDFF"> :</span><span style="color:#BABED8"> dp</span><span style="color:#F07178">[</span><span style="color:#BABED8">n</span><span style="color:#F07178">])</span><span style="color:#89DDFF">;</span></span>
<span data-line=""><span style="color:#BABED8">  rl</span><span style="color:#89DDFF">.</span><span style="color:#82AAFF">close</span><span style="color:#F07178">()</span><span style="color:#89DDFF">;</span></span>
<span data-line=""><span style="color:#89DDFF">}</span><span style="color:#BABED8">)</span><span style="color:#89DDFF">;</span></span>
<span data-line=""> </span>
<span data-line=""><span style="color:#BABED8">rl</span><span style="color:#89DDFF">.</span><span style="color:#82AAFF">on</span><span style="color:#BABED8">(</span><span style="color:#89DDFF">'</span><span style="color:#C3E88D">close</span><span style="color:#89DDFF">'</span><span style="color:#89DDFF">,</span><span style="color:#89DDFF"> ()</span><span style="color:#C792EA"> =&gt;</span><span style="color:#89DDFF"> {</span></span>
<span data-line=""><span style="color:#676E95;font-style:italic">  // console.log("Hello Goorm! Your input is " + input);</span></span>
<span data-line=""><span style="color:#89DDFF">}</span><span style="color:#BABED8">)</span><span style="color:#89DDFF">;</span></span></code></pre></figure></div><aside class="absolute top-0 inline-block h-full break-words left-full max-xl:hidden" aria-label="index"><ul class="ml-9 sticky pl-4 top-32 w-[calc(50vw-35vw)] border-l-2 border-l-base min-[1320px]:ml-20 min-[1320px]:top-48"><li id="접근법" class="pt-0.5 text-base select-none cursor-pointer mb-0.5 hover:text-sub-blue">접근법</li><li id="1-완전-탐색" class="pt-0.5 text-base select-none cursor-pointer before:content-['-'] before:mr-1 ml-2.5 hover:text-sub-blue">1. 완전 탐색</li><li id="2-dp" class="pt-0.5 text-base select-none cursor-pointer before:content-['-'] before:mr-1 ml-2.5 mb-1.5 hover:text-sub-blue">2. DP</li><li id="정리" class="pt-0.5 text-base select-none cursor-pointer mb-0.5 hover:text-sub-blue">정리</li><li id="최종-코드" class="pt-0.5 text-base select-none cursor-pointer mb-0.5 hover:text-sub-blue">최종 코드</li></ul></aside></section><a class="inline-block text-[#30ffcb] leading-[1.1] after:transition-[width] after:duration-500 ease-in-out hover:after:w-[100%] after:w-[0] after:block after:h-[1px] print:text-black print:underline after:bg-[#30ffcb] after:content-[&quot;&quot;] mt-24 [&amp;&amp;]:text-transparent bg-rainbow-water bg-clip-text bg-[length:400%_400%] animate-rainbow-water" href="https://github.com/1ilsang/dev/issues/new?labels=🧊 comment&amp;assignees=1ilsang&amp;title=[🧊] %5B%EA%B5%AC%EB%A6%84%ED%86%A4%20%EC%B1%8C%EB%A6%B0%EC%A7%80%5D%20%ED%86%B5%EC%A6%9D2&amp;body=<!-- 환영합니다. 이슈 남겨주시면 빠르게 답변드리겠습니다. 🙇 -->" rel="noopener noreferrer" target="_blank">📮 이 포스트에 관심 있으신가요? 이슈를 남겨주세요! 👍</a><div class="flex items-center mt-4 mb-56"><iframe class="border-0 rounded-md cursor-pointer object-contain hover:animate-bouncing" src="https://github.com/sponsors/1ilsang/button" title="Sponsor 1ilsang" height="32" width="114"></iframe></div></section>