<progress class="[&amp;::-webkit-progress-bar]:bg-sub-blue fixed top-0 left-0 z-10 w-full h-[3px] appearance-none [&amp;::-webkit-progress-value]:bg-base-og" value="0" max="1"></progress><nav class="fixed z-40 flex flex-wrap w-full justify-between justify-items-center hover:animate-rainbow-water hover:bg-nav hover:bg-[length:400%_400%] opacity-10	md:opacity-100 shadow-nav shadow-lg"><h2 class="tracking-tight mr-6 text-2xl	font-bold my-2 ml-3.5"><a class="hover:underline" href="/">1ilsang</a></h2><div class="flex"><h2 class="tracking-tight mr-6 text-xl mt-2.5"><a class="hover:underline" href="/posts">posts</a></h2><h2 class="tracking-tight mr-6 text-xl mt-2.5"><a class="hover:underline" href="/tags">tags</a></h2><div class="mr-2 w-8 h-8 mt-2" role="img" aria-label="1ilsang character"><a href="/about"><img class="border border-solid rounded-full border-white-blue" src="/images/chul.webp" alt="1ilsang"></a></div></div></nav><section class="h-auto min-h-full max-w-screen-md py-20 md:py-28 mx-4 min-[790px]:m-auto print:py-0"><h1 class="text-4xl md:text-6xl break-words">인프런 판교 퇴근길 밋업 - 개발자 커리어 후기</h1><section class="flex items-center mt-4"><div class="mr-2 w-9	h-9 md:w-12 md:h-12" role="img" aria-label="1ilsang character"><a href="/about"><img class="border border-solid rounded-full border-sub-blue" src="/images/chul.webp" alt="1ilsang"></a></div><div><a class="text-lg" href="/about">1ilsang</a><div class="text-sub-blue text-sm">클라이밍 하실래염?</div></div></section><section class="flex flex-wrap mt-2 items-end"><a class="text-highlight print:text-black hover:underline mr-2" target="_self" href="/tags/inflearn">#<!-- -->inflearn</a><a class="text-highlight print:text-black hover:underline mr-2" target="_self" href="/tags/pangyo">#<!-- -->pangyo</a><a class="text-highlight print:text-black hover:underline mr-2" target="_self" href="/tags/meet-up">#<!-- -->meet-up</a><a class="text-highlight print:text-black hover:underline mr-2" target="_self" href="/tags/seminar">#<!-- -->seminar</a></section><section><div class="text-date-gray inline">Published <time datetime="2024-06-08 18:30">2024-06-08 18:30</time></div></section><section id="post-body-container" class="relative"><div class="markdown"><p></p><div class="img-container"><div class="img-wrap cover"><img src="https://cdn.inflearn.com/public/files/courses/333675/5fb60a7a-1b19-4b41-80e6-c49851282dec/5_meetup_p.png" alt="cover"></div></div><p></p>
<p>학생 때는 개발자 모임에 많이 참여했었는데 요즘은 거의 나간 적이 없었다.</p>
<p>마침 <a class="underline-highlight-fade" target="_blank" href="https://inflearn.com/" rel="noreferrer noopener">인프런</a>에서 재밌어 보이는 모임을 개최하고 있었기에 신청하게 되었다.</p>
<h2 id="소개" data-heading="true"><a data-heading="true" href="#소개"><span class="icon icon-link"></span></a>소개</h2>
<p></p><div class="img-container"><div class="img-wrap l"><img src="https://github.com/1ilsang/dev/assets/23524849/bc2b8220-c393-4e71-b704-7301296f8397" alt="intro"></div></div><p></p>
<blockquote>
<p><a class="underline-highlight-fade" target="_blank" href="https://www.inflearn.com/course/%ED%8C%90%EA%B5%90-%ED%87%B4%EA%B7%BC%EA%B8%B8%EB%B0%8B%EC%97%85-%EC%9D%B8%ED%94%84%EB%9F%B0-%EA%B0%9C%EB%B0%9C%EC%9E%90%EC%BB%A4%EB%A6%AC%EC%96%B4" rel="noreferrer noopener">인프런 공식 행사 소개</a></p>
</blockquote>
<p>행사는 판교 퇴근길 밋업의 세 번째 주제로 <u>개발자 커리어</u>를 다뤘다.</p>
<p>연사는 <a class="underline-highlight-fade" target="_blank" href="https://www.youtube.com/watch?v=nLL409se8sM" rel="noreferrer noopener">27년차 실리콘밸리 개발자의 인생 이야기</a>로 유명한 한기용님이다.</p>
<p>영상을 보면서 흥미롭다고 느꼈는데 직강을 볼 수 있다는 소식에 설레는 마음으로 신청했던 기억이 난다.</p>
<p>"실리콘밸리에서 인정받는 개발자의 특징 10가지"라니 듣지 않을 수가 없었다.</p>
<h2 id="행사" data-heading="true"><a data-heading="true" href="#행사"><span class="icon icon-link"></span></a>행사</h2>
<p></p><div class="img-container"><div class="img-wrap"><img src="https://github.com/1ilsang/dev/assets/23524849/9e946eb0-5e99-4486-9861-e7865b7e9fb1" alt="goods"></div></div><p></p>
<blockquote>
<p>개발자 행사의 꽃은 굿즈가 아닐까?</p>
</blockquote>
<p>조금 일찍 갔기 때문에 샌드위치 먹으면서 행사 시작까지 사람들 구경했다.</p>
<br>
<p></p><div class="img-container"><div class="img-wrap l"><img src="https://github.com/1ilsang/dev/assets/23524849/f6edab52-c2b2-4c7c-ac0c-f2e552a4ac03" alt="main-speech"></div></div><p></p>
<p>본격적으로 세션이 시작되었고 기용님 본인 소개가 시작되었다.</p>
<p>지금까지 쌓아오신 커리어가 다채롭다고 느껴졌다. 그렇기에 이렇게 연사로 계신 걸까? 나도 다양한 환경을 경험해 보고 싶다고 생각했다.</p>
<p>세션은 전반부와 후반부로 나뉘어서 진행되었다.</p>
<h3 id="커리어를-바라보는-관점" data-heading="true"><a data-heading="true" href="#커리어를-바라보는-관점"><span class="icon icon-link"></span></a>커리어를 바라보는 관점</h3>
<p>전반부는 커리어 어떻게 이어 나갈지에 대한 내용이었다. 내가 공감이 많이 갔던 부분은 아래와 같다.</p>
<br>
<ol>
<li><code>많은 회사를 다녀봐라</code>
<ul>
<li>어떤 매니저가 나랑 잘 맞는지 찾아야 한다</li>
</ul>
</li>
<li><code>현재에 충실하기</code>
<ul>
<li>불안하니까 선행학습을 한다. 필요하지 않은 학습을 하지 마라</li>
</ul>
</li>
<li><code>서포터를 잘 만나기</code>
<ul>
<li>무언가 추진할 때 지지해 줄 사람이 있어야 한다</li>
</ul>
</li>
</ol>
<br>
<p>어떤 매니저/동료를 만나느냐에 따라 성장의 곡선과 마음의 상처가 달라지는 것을 겪기도 하고 보기도 했다.</p>
<p>본인의 잘못이라고 책망하는 경우가 많은데 시스템적인 문제 혹은 그냥 문화가 안 맞는 것일 수도 있다.</p>
<p>나의 경우는 주변에서 칭찬하면 더 열심히 하는 경향이 있는데, 최근 특히나 서포터들의 힘을 많이 느낀다(😭😭😭👏👏).</p>
<h3 id="개발자로서-생각해-보면-좋을-10가지" data-heading="true"><a data-heading="true" href="#개발자로서-생각해-보면-좋을-10가지"><span class="icon icon-link"></span></a>개발자로서 생각해 보면 좋을 10가지</h3>
<p>후반부는 개발자로서 생각해 보면 좋을 10가지를 소개해 주셨다.</p>
<br>
<ol>
<li>기본기</li>
<li>학습 능력</li>
<li>의사소통</li>
<li>문제정의</li>
<li>시간 추정</li>
<li>운영 고려 코드 작성</li>
<li>서비스 사고 대처</li>
<li>결과 지향</li>
<li>영향력</li>
<li>리더 vs 전문가</li>
</ol>
<p>임팩트(결과)를 어떻게 낼 것인지에 대한 고민이 핵심이고 그것을 위한 스킬들을 설명해 주셨다고 생각된다.</p>
<p>특히 처음부터 끝까지 강조하신 "결과 지향적 개발자"는 내가 가져야 할 핵심 포인트라 느꼈다.</p>
<h3 id="qa" data-heading="true"><a data-heading="true" href="#qa"><span class="icon icon-link"></span></a>Q&amp;A</h3>
<p></p><div class="img-container"><div class="img-wrap l"><img src="https://github.com/1ilsang/dev/assets/23524849/1f1aeed6-4df4-4d33-8e14-bed3409b492f" alt="intro"></div></div><p></p>
<p>세미나가 끝나고 Q&amp;A 시간이 주어졌다. 흥미로웠던 질문 두 가지를 가져와 봤다.</p>
<p><code>"해고에 대한 걱정은 없으신지?"</code></p>
<ul>
<li>한국에서는 해고가 불명예의 느낌이지만 밸리에서는 누구나 해고당한다.</li>
<li>해고 패키지를 잘 받도록 노력하자. 첫 번째 레이오프는 많이 챙겨주므로 오히려 먼저 나가는 게 좋을 수 있다.</li>
</ul>
<p><code>"나에게 맞는 것, 맞지 않는 것을 어떻게 구분하셨고 받아들이셨나요?"</code></p>
<ul>
<li>내 매니저가 어떤 사람인가를 많이 봤다.</li>
<li>매니저를 잘 만나야 이후의 가치 판단이 된다.</li>
</ul>
<h3 id="네트워킹" data-heading="true"><a data-heading="true" href="#네트워킹"><span class="icon icon-link"></span></a>네트워킹</h3>
<p>모든 세션이 끝나고 네트워킹이 진행되었다.</p>
<p>네트워킹 시간은 사전 설문조사의 내용을 기반으로 관심도가 비슷한 사람들과 묶어주셨다.</p>
<p>잡담을 많이 했는데 시간 가는 줄 몰랐다. 시간이 부족할 정도.</p>
<h2 id="마무리" data-heading="true"><a data-heading="true" href="#마무리"><span class="icon icon-link"></span></a>마무리</h2>
<div class="img-horizon-wrap">
<img alt="book" src="https://contents.kyobobook.co.kr/sih/fit-in/458x0/pdt/9791198662217.jpg">
<img alt="letter" src="https://github.com/1ilsang/dev/assets/23524849/c526ff72-17a6-41c5-b801-74aac3b764c2">
</div>
<p>기용님이 최근 출판하신 <a class="underline-highlight-fade" target="_blank" href="https://product.kyobobook.co.kr/detail/S000212569197" rel="noreferrer noopener">실패는 나침반이다</a> 도서를 지참해서 오면 친필 사인을 해주는 이벤트가 있었다.</p>
<p>기용님에 대한 개인적인 관심이 컸기 때문에 얼른 사인받으러 갔다.</p>
<p><u>커리어를 긴 호흡으로</u> 바라보라는 점에 동의하고 있다. 나는 너무 조급한 게 아닐까?</p>
<p>조금 더 적극적으로 삶을 가꾸고 나를 사랑해야겠다.</p>
<p>오랜만의 개발자 모임에서 에너지를 많이 받았다. 앞으로도 종종 찾아다녀야겠다.</p>
<p>Love yourself.</p></div><aside class="absolute inline-block h-full top-0 left-full break-words max-xl:hidden" aria-label="index"><ul class="ml-9 sticky pl-4 top-32 w-[calc(50vw-35vw)] border-l-2 border-l-base min-[1320px]:ml-20 min-[1320px]:top-48"><li data-id="소개" class="pt-0.5 text-base select-none cursor-pointer hover:text-sub-blue">소개</li><li data-id="행사" class="pt-0.5 text-base select-none cursor-pointer hover:text-sub-blue">행사</li><li><ul class="ml-2.5 last:mb-2"><li data-id="커리어를-바라보는-관점" class="pt-0.5 text-base select-none cursor-pointer hover:text-sub-blue before:content-['-'] before:mr-1">커리어를 바라보는 관점</li><li data-id="개발자로서-생각해-보면-좋을-10가지" class="pt-0.5 text-base select-none cursor-pointer hover:text-sub-blue before:content-['-'] before:mr-1">개발자로서 생각해 보면 좋을 10가지</li><li data-id="qa" class="pt-0.5 text-base select-none cursor-pointer hover:text-sub-blue before:content-['-'] before:mr-1">Q&amp;A</li><li data-id="네트워킹" class="pt-0.5 text-base select-none cursor-pointer hover:text-sub-blue before:content-['-'] before:mr-1">네트워킹</li></ul></li><li data-id="마무리" class="pt-0.5 text-base select-none cursor-pointer hover:text-sub-blue">마무리</li></ul></aside></section><a class="highlighter mt-24 [&amp;&amp;]:text-transparent bg-rainbow-water bg-clip-text bg-[length:400%_400%] animate-rainbow-water" href="https://github.com/1ilsang/dev/issues/new?labels=🧊 comment&amp;assignees=1ilsang&amp;title=[🧊] %EC%9D%B8%ED%94%84%EB%9F%B0%20%ED%8C%90%EA%B5%90%20%ED%87%B4%EA%B7%BC%EA%B8%B8%20%EB%B0%8B%EC%97%85%20-%20%EA%B0%9C%EB%B0%9C%EC%9E%90%20%EC%BB%A4%EB%A6%AC%EC%96%B4%20%ED%9B%84%EA%B8%B0&amp;body=<!-- 환영합니다. 이슈 남겨주시면 빠르게 답변드리겠습니다. 🙇 -->" rel="noopener noreferrer" target="_blank">📮 이 포스트에 관심 있으신가요? 이슈를 남겨주세요! 👍</a><div class="flex items-center mt-1.5 mb-56"><div>☕ 소주 한 잔 후원하기</div><sub>(예금주: 이상철)</sub><img class="w-20 cursor-pointer object-contain hover:animate-bouncing" src="/images/logo/toss-pay.webp" alt="toss"><img class="w-12 cursor-pointer object-contain hover:animate-bouncing" src="/images/logo/kakao-pay.webp" alt="kakao"></div></section>