<progress class="[&amp;::-webkit-progress-bar]:bg-sub-blue fixed top-0 left-0 z-10 w-full h-[3px] appearance-none [&amp;::-webkit-progress-value]:bg-base-og" value="0" max="1"></progress><nav class="fixed z-40 flex flex-wrap w-full justify-between justify-items-center hover:animate-rainbow-water hover:bg-nav hover:bg-[length:400%_400%] opacity-10	md:opacity-100 shadow-nav shadow-lg"><h2 class="tracking-tight mr-6 text-2xl	font-bold my-2 ml-3.5"><a class="hover:underline" href="/">1ilsang</a></h2><div class="flex"><h2 class="tracking-tight mr-6 text-xl mt-2.5"><a class="hover:underline" href="/posts">posts</a></h2><h2 class="tracking-tight mr-6 text-xl mt-2.5"><a class="hover:underline" href="/tags">tags</a></h2><div class="mr-2 w-8 h-8 mt-2" role="img" aria-label="1ilsang character"><a href="/about"><img class="border border-solid rounded-full border-white-blue" src="/images/chul.webp" alt="1ilsang"></a></div></div></nav><section class="h-auto min-h-full max-w-screen-md py-20 md:py-28 mx-4 min-[790px]:m-auto print:py-0"><h1 class="text-4xl break-words md:text-6xl">[LeetCode] 2727. Is Object Empty</h1><section class="flex items-center mt-4"><div class="mr-2 w-9	h-9 md:w-12 md:h-12" role="img" aria-label="1ilsang character"><a href="/about"><img class="border border-solid rounded-full border-sub-blue" src="/images/chul.webp" alt="1ilsang"></a></div><div><a class="text-lg" href="/about">1ilsang</a><div class="text-sm text-sub-blue">클라이밍 하실래염?</div></div></section><section class="flex flex-wrap items-end mt-2"><a class="text-highlight print:text-black hover:underline mr-2" target="_self" href="/tags/algorithm">#<!-- -->algorithm</a><a class="text-highlight print:text-black hover:underline mr-2" target="_self" href="/tags/leetcode">#<!-- -->leetcode</a><a class="text-highlight print:text-black hover:underline mr-2" target="_self" href="/tags/easy">#<!-- -->easy</a><a class="text-highlight print:text-black hover:underline mr-2" target="_self" href="/tags/object">#<!-- -->object</a><a class="text-highlight print:text-black hover:underline mr-2" target="_self" href="/tags/for-in">#<!-- -->for-in</a><a class="text-highlight print:text-black hover:underline mr-2" target="_self" href="/tags/for-of">#<!-- -->for-of</a><a class="text-highlight print:text-black hover:underline mr-2" target="_self" href="/tags/keys">#<!-- -->keys</a></section><section><div class="inline text-date-gray">Published <time datetime="2023-08-01 10:02">2023-08-01 10:02</time></div></section><section id="post-body-container" class="relative"><div class="markdown"><div class="img-container"><div class="flex justify-center min-h-[200px] mt-3 mb-3 w-full h-[600px] object-contain bg-transparent mt-10"><img class="w-full h-full cursor-zoom-in object-contain max-h-[550px]" alt="problem" src="/posts/leetcode-easy-2727/problem.webp"></div></div>
<blockquote class="pl-4 text-[#8b949e] border-l-[0.25rem] border-[#425061]">
<p class="mt-4 mb-4"><a href="https://leetcode.com/problems/is-object-empty/" class="underline-highlight-fade" target="_blank" rel="noreferrer noopener">문제 링크</a></p>
</blockquote>
<p class="mt-4 mb-4">객체 혹은 배열이 비어있는지 확인하는 문제이다.</p>
<figure data-rehype-pretty-code-figure=""><pre tabindex="0" data-language="js" data-theme="material-theme-palenight"><code data-language="js" data-theme="material-theme-palenight" style="display:grid"><span data-line=""><span style="color:#676E95;font-style:italic">/**</span></span>
<span data-line=""><span style="color:#676E95;font-style:italic"> * </span><span style="color:#89DDFF;font-style:italic">@</span><span style="color:#C792EA;font-style:italic">param</span><span style="color:#89DDFF;font-style:italic"> {</span><span style="color:#FFCB6B;font-style:italic">Object | Array</span><span style="color:#89DDFF;font-style:italic">}</span><span style="color:#BABED8;font-style:italic"> obj</span></span>
<span data-line=""><span style="color:#676E95;font-style:italic"> * </span><span style="color:#89DDFF;font-style:italic">@</span><span style="color:#C792EA;font-style:italic">return</span><span style="color:#89DDFF;font-style:italic"> {</span><span style="color:#FFCB6B;font-style:italic">boolean</span><span style="color:#89DDFF;font-style:italic">}</span></span>
<span data-line=""><span style="color:#676E95;font-style:italic"> */</span></span>
<span data-line=""><span style="color:#C792EA">const</span><span style="color:#BABED8"> isEmpty </span><span style="color:#89DDFF">=</span><span style="color:#89DDFF"> (</span><span style="color:#BABED8;font-style:italic">obj</span><span style="color:#89DDFF">)</span><span style="color:#C792EA"> =&gt;</span><span style="color:#89DDFF"> {</span></span>
<span data-line=""><span style="color:#89DDFF;font-style:italic">  return</span><span style="color:#BABED8"> Object</span><span style="color:#89DDFF">.</span><span style="color:#82AAFF">keys</span><span style="color:#F07178">(</span><span style="color:#BABED8">obj</span><span style="color:#F07178">)</span><span style="color:#89DDFF">.</span><span style="color:#BABED8">length</span><span style="color:#89DDFF"> ===</span><span style="color:#F78C6C"> 0</span><span style="color:#89DDFF">;</span></span>
<span data-line=""><span style="color:#89DDFF">};</span></span></code></pre></figure>
<p class="mt-4 mb-4">배열 혹은 객체의 키가 있는지 확인하면 되므로 Object.keys의 길이가 0인지 확인하면 된다.</p>
<p class="mt-4 mb-4">만약 <code>keys</code>로 추출 후 비교하는 것이 싫다면 아래와 같은 방법도 있다.</p>
<figure data-rehype-pretty-code-figure=""><pre tabindex="0" data-language="js" data-theme="material-theme-palenight"><code data-language="js" data-theme="material-theme-palenight" style="display:grid"><span data-line=""><span style="color:#C792EA">const</span><span style="color:#BABED8"> isEmpty </span><span style="color:#89DDFF">=</span><span style="color:#89DDFF"> (</span><span style="color:#BABED8;font-style:italic">obj</span><span style="color:#89DDFF">)</span><span style="color:#C792EA"> =&gt;</span><span style="color:#89DDFF"> {</span></span>
<span data-line=""><span style="color:#89DDFF;font-style:italic">  for</span><span style="color:#F07178"> (</span><span style="color:#BABED8">i</span><span style="color:#89DDFF"> in</span><span style="color:#BABED8"> obj</span><span style="color:#F07178">) </span><span style="color:#89DDFF">{</span></span>
<span data-line=""><span style="color:#89DDFF;font-style:italic">    return</span><span style="color:#FF9CAC"> false</span><span style="color:#89DDFF">;</span></span>
<span data-line=""><span style="color:#89DDFF">  }</span></span>
<span data-line=""><span style="color:#89DDFF;font-style:italic">  return</span><span style="color:#FF9CAC"> true</span><span style="color:#89DDFF">;</span></span>
<span data-line=""><span style="color:#89DDFF">};</span></span></code></pre></figure>
<p class="mt-4 mb-4">배열 또한 객체이므로 <code>for...in</code>을 통해 속성 키값을 순회할 수 있는지 확인하면 된다.</p>
<p class="mt-4 mb-4"><code>keys</code>로 모든 키값을 가져와 비교하는 것보다 순회와 동시에 객체가 비어있는지 판단이 가능하므로 훨씬 빠르다.</p>
<p class="mt-4 mb-4"><strong>참고로 이 문제는 "상속된" 프로퍼티를 비교해야 하는지에 대한 명시가 없어 모호한 부분이 있다.</strong></p>
<p class="mt-4 mb-4">만약 상속된 프로퍼티까지 비교한다면 <code>keys</code>와 <code>for-in</code>의 정답 여부가 달라졌을 것이다. 이 부분은 아래에서 다루겠다.</p>
<h2 id="-for-in과-for-of의-차이가-무엇일까" class="font-semibold leading-snug pb-0.5 pt-6 mb-2 group text-3xl mt-12 border-b border-[hsl(210deg_18%_87%_/100%)]"><a aria-hidden="true" tabindex="-1" href="#-for-in과-for-of의-차이가-무엇일까"><span class="icon icon-link opacity-0 group-hover:opacity-100 ease-in-out transition-opacity duration-300 before:absolute before:w-[40px] before:left-[-25px] before:content-[&quot;⧉&quot;] before:text-[#61768f] before:mr-2"></span></a>++ <code>for-in</code>과 <code>for-of</code>의 차이가 무엇일까?</h2>
<h3 id="forin" class="font-semibold leading-snug pb-0.5 pt-6 mb-2 group text-2xl mt-8"><a aria-hidden="true" tabindex="-1" href="#forin"><span class="icon icon-link opacity-0 group-hover:opacity-100 ease-in-out transition-opacity duration-300 before:absolute before:w-[40px] before:left-[-25px] before:content-[&quot;⧉&quot;] before:text-[#61768f] before:mr-2"></span></a>for...in</h3>
<blockquote class="pl-4 text-[#8b949e] border-l-[0.25rem] border-[#425061]">
<p class="mt-4 mb-4">for...in문은 <strong>상속된</strong> 열거 가능한 속성들을 포함하여 객체에서 문자열로 키가 지정된 모든 열거 가능한 <strong>속성</strong>에 대해 반복합니다(Symbol로 키가 지정된 속성은 무시합니다.).</p>
</blockquote>
<p class="mt-4 mb-4"><a href="https://developer.mozilla.org/ko/docs/Web/JavaScript/Reference/Statements/for...in" class="underline-highlight-fade" target="_blank" rel="noreferrer noopener">MDN for...in 설명</a>에 따르면 <code>for...in</code>은 상속된 모든 속성(Property)을 포함한 속성 키 값을 반복한다.</p>
<h3 id="forof" class="font-semibold leading-snug pb-0.5 pt-6 mb-2 group text-2xl mt-8"><a aria-hidden="true" tabindex="-1" href="#forof"><span class="icon icon-link opacity-0 group-hover:opacity-100 ease-in-out transition-opacity duration-300 before:absolute before:w-[40px] before:left-[-25px] before:content-[&quot;⧉&quot;] before:text-[#61768f] before:mr-2"></span></a>for..of</h3>
<blockquote class="pl-4 text-[#8b949e] border-l-[0.25rem] border-[#425061]">
<p class="mt-4 mb-4">for...of 명령문은 반복가능한 객체 (Array, Map, Set, String, TypedArray, arguments 객체 등을 포함)에 대해서 반복하고 각 개별 <strong>속성값</strong>에 대해 실행되는 문이 있는 사용자 정의 반복 후크를 호출하는 루프를 생성합니다.</p>
</blockquote>
<p class="mt-4 mb-4"><a href="https://developer.mozilla.org/ko/docs/Web/JavaScript/Reference/Statements/for...of" class="underline-highlight-fade" target="_blank" rel="noreferrer noopener">MDN for...of 설명</a>에 따르면 <code>for...of</code>는 반복 가능한 객체의 속성 값에 대한 순회를 한다.</p>
<h3 id="결론" class="font-semibold leading-snug pb-0.5 pt-6 mb-2 group text-2xl mt-8"><a aria-hidden="true" tabindex="-1" href="#결론"><span class="icon icon-link opacity-0 group-hover:opacity-100 ease-in-out transition-opacity duration-300 before:absolute before:w-[40px] before:left-[-25px] before:content-[&quot;⧉&quot;] before:text-[#61768f] before:mr-2"></span></a>결론</h3>
<figure data-rehype-pretty-code-figure=""><pre tabindex="0" data-language="jsx" data-theme="material-theme-palenight"><code data-language="jsx" data-theme="material-theme-palenight" style="display:grid"><span data-line=""><span style="color:#FFCB6B">Object</span><span style="color:#89DDFF">.</span><span style="color:#BABED8">prototype</span><span style="color:#89DDFF">.</span><span style="color:#82AAFF">objCustom</span><span style="color:#89DDFF"> =</span><span style="color:#C792EA"> function</span><span style="color:#89DDFF"> ()</span><span style="color:#89DDFF"> {};</span></span>
<span data-line=""><span style="color:#FFCB6B">Array</span><span style="color:#89DDFF">.</span><span style="color:#BABED8">prototype</span><span style="color:#89DDFF">.</span><span style="color:#82AAFF">arrCustom</span><span style="color:#89DDFF"> =</span><span style="color:#C792EA"> function</span><span style="color:#89DDFF"> ()</span><span style="color:#89DDFF"> {};</span></span>
<span data-line=""> </span>
<span data-line=""><span style="color:#C792EA">let</span><span style="color:#BABED8"> iterable </span><span style="color:#89DDFF">=</span><span style="color:#BABED8"> [</span><span style="color:#F78C6C">3</span><span style="color:#89DDFF">,</span><span style="color:#F78C6C"> 5</span><span style="color:#89DDFF">,</span><span style="color:#F78C6C"> 7</span><span style="color:#BABED8">]</span><span style="color:#89DDFF">;</span></span>
<span data-line=""><span style="color:#BABED8">iterable</span><span style="color:#89DDFF">.</span><span style="color:#BABED8">foo </span><span style="color:#89DDFF">=</span><span style="color:#89DDFF"> '</span><span style="color:#C3E88D">hello</span><span style="color:#89DDFF">'</span><span style="color:#89DDFF">;</span></span>
<span data-line=""> </span>
<span data-line=""><span style="color:#89DDFF;font-style:italic">for</span><span style="color:#BABED8"> (</span><span style="color:#C792EA">let</span><span style="color:#BABED8"> i </span><span style="color:#89DDFF">in</span><span style="color:#BABED8"> iterable) </span><span style="color:#89DDFF">{</span></span>
<span data-line=""><span style="color:#BABED8">  console</span><span style="color:#89DDFF">.</span><span style="color:#82AAFF">log</span><span style="color:#F07178">(</span><span style="color:#BABED8">i</span><span style="color:#F07178">)</span><span style="color:#89DDFF">;</span><span style="color:#676E95;font-style:italic"> // "0", "1", "2", "foo", "arrCustom", "objCustom"</span></span>
<span data-line=""><span style="color:#89DDFF">}</span></span>
<span data-line=""><span style="color:#89DDFF;font-style:italic">for</span><span style="color:#BABED8"> (</span><span style="color:#C792EA">let</span><span style="color:#BABED8"> i </span><span style="color:#89DDFF">of</span><span style="color:#BABED8"> iterable) </span><span style="color:#89DDFF">{</span></span>
<span data-line=""><span style="color:#BABED8">  console</span><span style="color:#89DDFF">.</span><span style="color:#82AAFF">log</span><span style="color:#F07178">(</span><span style="color:#BABED8">i</span><span style="color:#F07178">)</span><span style="color:#89DDFF">;</span><span style="color:#676E95;font-style:italic"> // 3, 5, 7</span></span>
<span data-line=""><span style="color:#89DDFF">}</span></span>
<span data-line=""><span style="color:#BABED8">console</span><span style="color:#89DDFF">.</span><span style="color:#82AAFF">log</span><span style="color:#BABED8">(Object</span><span style="color:#89DDFF">.</span><span style="color:#82AAFF">keys</span><span style="color:#BABED8">(iterable))</span><span style="color:#89DDFF">;</span><span style="color:#676E95;font-style:italic"> // [ "0", "1", "2", "foo" ]</span></span>
<span data-line=""> </span>
<span data-line=""><span style="color:#676E95;font-style:italic">// Map 객체</span></span>
<span data-line=""><span style="color:#C792EA">const</span><span style="color:#BABED8"> m </span><span style="color:#89DDFF">=</span><span style="color:#89DDFF"> new</span><span style="color:#82AAFF"> Map</span><span style="color:#BABED8">([</span></span>
<span data-line=""><span style="color:#BABED8">  [</span><span style="color:#89DDFF">'</span><span style="color:#C3E88D">a</span><span style="color:#89DDFF">'</span><span style="color:#89DDFF">,</span><span style="color:#F78C6C"> 1</span><span style="color:#BABED8">]</span><span style="color:#89DDFF">,</span></span>
<span data-line=""><span style="color:#BABED8">  [</span><span style="color:#89DDFF">'</span><span style="color:#C3E88D">b</span><span style="color:#89DDFF">'</span><span style="color:#89DDFF">,</span><span style="color:#F78C6C"> 2</span><span style="color:#BABED8">]</span><span style="color:#89DDFF">,</span></span>
<span data-line=""><span style="color:#BABED8">])</span><span style="color:#89DDFF">;</span></span>
<span data-line=""><span style="color:#BABED8">console</span><span style="color:#89DDFF">.</span><span style="color:#82AAFF">log</span><span style="color:#BABED8">(m)</span><span style="color:#89DDFF">;</span><span style="color:#676E95;font-style:italic"> // Map(2)&nbsp;{'a' =&gt; 1, 'b' =&gt; 2}</span></span>
<span data-line=""><span style="color:#89DDFF;font-style:italic">for</span><span style="color:#BABED8"> (</span><span style="color:#C792EA">let</span><span style="color:#BABED8"> i </span><span style="color:#89DDFF">in</span><span style="color:#BABED8"> m) </span><span style="color:#89DDFF">{</span></span>
<span data-line=""><span style="color:#BABED8">  console</span><span style="color:#89DDFF">.</span><span style="color:#82AAFF">log</span><span style="color:#F07178">(</span><span style="color:#BABED8">i</span><span style="color:#F07178">)</span><span style="color:#89DDFF">;</span><span style="color:#676E95;font-style:italic"> // 순회 되지 않음. undefined</span></span>
<span data-line=""><span style="color:#89DDFF">}</span></span>
<span data-line=""><span style="color:#89DDFF;font-style:italic">for</span><span style="color:#BABED8"> (</span><span style="color:#C792EA">let</span><span style="color:#BABED8"> i </span><span style="color:#89DDFF">of</span><span style="color:#BABED8"> m) </span><span style="color:#89DDFF">{</span></span>
<span data-line=""><span style="color:#BABED8">  console</span><span style="color:#89DDFF">.</span><span style="color:#82AAFF">log</span><span style="color:#F07178">(</span><span style="color:#BABED8">i</span><span style="color:#F07178">)</span><span style="color:#89DDFF">;</span><span style="color:#676E95;font-style:italic"> //&nbsp;['a', 1], ['b', 2]</span></span>
<span data-line=""><span style="color:#89DDFF">}</span></span>
<span data-line=""><span style="color:#BABED8">console</span><span style="color:#89DDFF">.</span><span style="color:#82AAFF">log</span><span style="color:#BABED8">(Object</span><span style="color:#89DDFF">.</span><span style="color:#82AAFF">keys</span><span style="color:#BABED8">(m))</span><span style="color:#89DDFF">;</span><span style="color:#676E95;font-style:italic"> // []</span></span></code></pre></figure>
<p class="mt-4 mb-4"><code>for...in</code> 루프는 객체의 모든 열거 가능한 속성에 대해 반복하며 문자열 키 값을 반환한다. 추가로 인덱스의 순서를 보장하지 않는다.</p>
<p class="mt-4 mb-4"><code>for...of</code> 구문은 컬렉션 전용이다. 모든 객체보다는, [Symbol.iterator] 속성이 있는 모든 컬렉션 요소에 대해 반복하며 컬렉션을 반환한다.</p>
<p class="mt-4 mb-4"><code>keys</code>는 해당 키를 가져오지만, 상속된 값은 가져오지 않는다.</p></div><aside class="absolute top-0 inline-block h-full break-words left-full max-xl:hidden" aria-label="index"><ul class="ml-9 sticky pl-4 top-32 w-[calc(50vw-35vw)] border-l-2 border-l-base min-[1320px]:ml-20 min-[1320px]:top-48"><li id="-" class="pt-0.5 text-base select-none cursor-pointer mb-0.5 hover:text-sub-blue">++ </li><li id="forin" class="pt-0.5 text-base select-none cursor-pointer before:content-['-'] before:mr-1 ml-2.5 hover:text-sub-blue">for...in</li><li id="forof" class="pt-0.5 text-base select-none cursor-pointer before:content-['-'] before:mr-1 ml-2.5 hover:text-sub-blue">for..of</li><li id="결론" class="pt-0.5 text-base select-none cursor-pointer before:content-['-'] before:mr-1 ml-2.5 hover:text-sub-blue">결론</li></ul></aside></section><a class="inline-block text-[#30ffcb] leading-[1.1] after:transition-[width] after:duration-500 ease-in-out hover:after:w-[100%] after:w-[0] after:block after:h-[1px] print:text-black print:underline after:bg-[#30ffcb] after:content-[&quot;&quot;] mt-24 [&amp;&amp;]:text-transparent bg-rainbow-water bg-clip-text bg-[length:400%_400%] animate-rainbow-water" href="https://github.com/1ilsang/dev/issues/new?labels=🧊 comment&amp;assignees=1ilsang&amp;title=[🧊] %5BLeetCode%5D%202727.%20Is%20Object%20Empty&amp;body=<!-- 환영합니다. 이슈 남겨주시면 빠르게 답변드리겠습니다. 🙇 -->" rel="noopener noreferrer" target="_blank">📮 이 포스트에 관심 있으신가요? 이슈를 남겨주세요! 👍</a><div class="flex items-center mt-4 mb-56"><iframe class="border-0 rounded-md cursor-pointer object-contain hover:animate-bouncing" src="https://github.com/sponsors/1ilsang/button" title="Sponsor 1ilsang" height="32" width="114"></iframe></div></section>