<progress class="[&amp;::-webkit-progress-bar]:bg-sub-blue fixed top-0 left-0 z-10 w-full h-[3px] appearance-none [&amp;::-webkit-progress-value]:bg-base-og" value="0" max="1"></progress><nav class="fixed z-40 flex flex-wrap w-full justify-between justify-items-center hover:animate-rainbow-water hover:bg-nav hover:bg-[length:400%_400%] opacity-10	md:opacity-100 shadow-nav shadow-lg"><h2 class="tracking-tight mr-6 text-2xl	font-bold my-2 ml-3.5"><a class="hover:underline" href="/">1ilsang</a></h2><div class="flex"><h2 class="tracking-tight mr-6 text-xl mt-2.5"><a class="hover:underline" href="/posts">posts</a></h2><h2 class="tracking-tight mr-6 text-xl mt-2.5"><a class="hover:underline" href="/tags">tags</a></h2><div class="mr-2 w-8 h-8 mt-2" role="img" aria-label="1ilsang character"><a href="/about"><img class="border border-solid rounded-full border-white-blue" src="/images/chul.webp" alt="1ilsang"></a></div></div></nav><section class="h-auto min-h-full max-w-screen-md py-20 md:py-28 mx-4 min-[790px]:m-auto print:py-0"><h1 class="text-4xl md:text-6xl break-words">Turborepo로 모노레포 개발 경험 향상하기</h1><section class="flex items-center mt-4"><div class="mr-2 w-9	h-9 md:w-12 md:h-12" role="img" aria-label="1ilsang character"><a href="/about"><img class="border border-solid rounded-full border-sub-blue" src="/images/chul.webp" alt="1ilsang"></a></div><div><a class="text-lg" href="/about">1ilsang</a><div class="text-sub-blue text-sm">클라이밍 하실래염?</div></div></section><section class="flex flex-wrap mt-2 items-end"><a class="text-highlight print:text-black hover:underline mr-2" target="_self" href="/tags/monorepo">#<!-- -->monorepo</a><a class="text-highlight print:text-black hover:underline mr-2" target="_self" href="/tags/turborepo">#<!-- -->turborepo</a><a class="text-highlight print:text-black hover:underline mr-2" target="_self" href="/tags/packageManager">#<!-- -->packageManager</a></section><section><div class="text-date-gray inline">Published <time datetime="2022-04-15 00:00">2022-04-15 00:00</time></div></section><section id="post-body-container" class="relative"><div class="markdown"><p></p><div class="img-container"><div class="img-wrap cover"><img src="https://github.com/1ilsang/dev/assets/23524849/b6999846-c0a3-4889-a4b6-6cf9bc21fa94" alt="cover"></div></div><p></p>
<p>라인 엔지니어링 블로그에 <a class="underline-highlight-fade" target="_blank" href="https://engineering.linecorp.com/ko/blog/monorepo-with-turborepo/" rel="noreferrer noopener">작성한 글</a>이다.</p>
<p>글쓰면서 정말 많이 배웠던것 같다. 모노레포와 함께할 때 캐싱기능은 너무 경험이 좋았기 때문에 앞으로도 꾸준히 사용해볼 예정이다.</p></div></section><a class="highlighter mt-24 [&amp;&amp;]:text-transparent bg-rainbow-water bg-clip-text bg-[length:400%_400%] animate-rainbow-water" href="https://github.com/1ilsang/dev/issues/new?labels=🧊 comment&amp;assignees=1ilsang&amp;title=[🧊] Turborepo%EB%A1%9C%20%EB%AA%A8%EB%85%B8%EB%A0%88%ED%8F%AC%20%EA%B0%9C%EB%B0%9C%20%EA%B2%BD%ED%97%98%20%ED%96%A5%EC%83%81%ED%95%98%EA%B8%B0&amp;body=<!-- 환영합니다. 이슈 남겨주시면 빠르게 답변드리겠습니다. 🙇 -->" rel="noopener noreferrer" target="_blank">📮 이 포스트에 관심 있으신가요? 이슈를 남겨주세요! 👍</a><div class="flex items-center mt-1.5 mb-56"><div>☕ 소주 한 잔 후원하기</div><sub>(예금주: 이상철)</sub><img class="w-20 cursor-pointer object-contain hover:animate-bouncing" src="/images/logo/toss-pay.webp" alt="toss"><img class="w-12 cursor-pointer object-contain hover:animate-bouncing" src="/images/logo/kakao-pay.webp" alt="kakao"></div></section>