<main class="not-found-layout"><nav class="nav flex-wrap water-rainbow nav-shadow"><h2 class="tracking-tight focus:text-gray-700 text-2xl font-bold mt-2 mb-2 ml-3.5"><a class="hover-underline" href="/">1ilsang</a></h2><div class="flex"><h2 class="tracking-tight focus:text-gray-700 text-xl mt-2.5 mr-6"><a class="hover-underline" href="/posts">posts</a></h2><h2 class="tracking-tight focus:text-gray-700 text-xl mt-2.5 mr-6"><a class="hover-underline" href="/tags">tags</a></h2><div class="rounded-full mr-2 relative nav-avatar"><a href="/about"><img src="/assets/chul.png" alt="1ilsang"></a></div></div></nav><div class="not-found-container"><div><img src="/assets/404.webp" alt="surfing" width="720" height="580"></div><pre><code>

      404 ERROR

 Do you enjoy surfing?

</code><div class="small">Image Copyright:&nbsp;<a class="highlighter" href="https://kr.freepik.com/free-vector/isometric-summer-beach-vacation-concept_9515534.htm" rel="noopener noreferrer" target="_blank">Freepik</a></div></pre></div><footer class="footer"><ul><li><a href="/about">1ilsang</a></li><li><a rel="noopener noreferrer" target="_blank" href="https://github.com/1ilsang">GitHub</a></li><li><a href="https://www.linkedin.com/in/sang-chul-lee-91a32b154/" rel="noopener noreferrer" target="_blank">LinkedIn</a></li></ul></footer></main>