<nav class="nav flex-wrap water-rainbow nav-shadow"><h2 class="tracking-tight focus:text-gray-700 text-2xl font-bold mt-2 mb-2 ml-3.5"><a class="hover-underline" href="/">1ilsang</a></h2><div class="flex"><h2 class="tracking-tight focus:text-gray-700 text-xl mt-2.5 mr-6"><a class="hover-underline" href="/posts">posts</a></h2><h2 class="tracking-tight focus:text-gray-700 text-xl mt-2.5 mr-6"><a class="hover-underline" href="/tags">tags</a></h2><div class="rounded-full mr-2 relative nav-avatar"><a href="/about"><img src="/assets/chul.png" alt="1ilsang"></a></div></div></nav><section class="about-container"><header class="about-profile-container"><div class="jumbotron">!ILSANG</div><div class="logo-container"><div class="about-profile-logo"><a class="hashtag" rel="noopener noreferrer" target="_blank" href="https://1ilsang.dev">1ilsang.dev<img class="" src="/favicon/favicon-46x46.png" alt="website"></a></div><div class="about-profile-logo"><a class="hashtag" rel="noopener noreferrer" target="_blank" href="https://github.com/1ilsang">github.com/1ilsang<img class="" src="/assets/logo/github.webp" alt="github"></a></div><div class="about-profile-logo"><a class="hashtag" rel="noopener noreferrer" target="_blank" href="mailto:1ilsangc@gmail.com">1ilsangc@gmail.com<img class="gmail" src="/assets/logo/gmail.webp" alt="gmail"></a></div><div class="about-profile-logo"><a class="hashtag" rel="noopener noreferrer" target="_blank" href="https://www.linkedin.com/in/sangchul-lee-91a32b154">linkedin<img class="" src="/assets/logo/linkedin.webp" alt="linked-in"></a></div></div></header><section class="about-introduction"><div class="description"><div class="p">어느덧 5년 차 프런트엔드 개발자가 되었습니다.<br><a class="underline-highlight-fade" href="/posts/quality-of-job-review" rel="noopener noreferrer" target="_blank">"일의 격"</a>을 읽고 저는 일을 어떻게 대하는 사람인지, 어떠한 동료가 되고 싶은지 고민해 봤습니다.</div><ul><li>저는 즐겁게 일하고 싶습니다.</li><li>저는 기술적 책임을 질 수 있는 동료가 되고 싶습니다.</li></ul><div class="p">웃으면서 일하고 싶습니다. 농담을 즐기고 어떻게 하면 동료를 웃길 수 있을지 늘 탐구하고 있습니다.<br>영향력 있는 동료가 되고 싶습니다. 성장 자극을 줄 수 있는 동료이고 싶습니다. 맡은 부분에 대한 기술적 책임을 지려고 노력합니다. 기술에 대한 탐구욕이 강하며 공유할 거리가 생기면 어떤 웃긴 제목으로 발표할지 고민하며 입꼬리가 절로 올라갑니다.</div><div class="p"><b><a href="#Smilegate">Smilegate</a></b>에서 프런트엔드 인턴을 시작으로<!-- --> <b><a href="#TeamBlind">TeamBlind</a></b>에서 풀스택으로 일했으며 현재<!-- --> <b><a href="#LINE Plus Corp">LINE+</a></b>에서 4년 가까이 프런트엔드 개발자로 즐겁게 일하고 있습니다. 또한<!-- --> <a class="underline-highlight-fade" href="posts/mdn-ko-organizer" rel="noopener noreferrer" target="_blank">MDN</a> <!-- -->한국팀의 Organizer로 활동하고 있습니다.</div></div></section><section class="about-work"><div class="label">WORK EXPERIENCE</div><article class="about-work-card"><div class="left-side"><a class="hashtag" rel="noopener noreferrer" target="_blank" href="https://www.linkedin.com/company/line-messenger/"><img class="logo loading" src="https://github.com/1ilsang/dev/assets/23524849/81800e67-b54f-41e8-a232-520c99f465c8" alt="LINE Plus Corp"></a><div class="date"><time class="date-format" datetime="2020.08">2020.08</time> -<!-- --> <!-- -->Present</div></div><div class="content"><div class="headline hover"><div id="LINE Plus Corp" class="title">LINE Plus Corp</div></div><div class="position">Frontend Engineer</div><div class="mh-100vh"><div class="project"><div class="headline"><div class="title-wrap"><div class="title fold">LandPress Content</div><div class="date"><time class="date-format" datetime="2024.03">2024.03</time> -<!-- --> <!-- -->Present</div></div><div class="tag"><div class="item">Vite</div><div class="item">pnpm</div><div class="item">React-Query</div></div></div><div class="description mh-zero"><div class="text"><ul class="main"><span class="summary">사내 headless CMS 개발</span><li>Webpack <!-- -->-&gt;<!-- --> Vite 마이그레이션 진행</li><li>CircleCi 적용 및 Cypress Task 분할 작업 진행<ul><li>테스트 시간 16분 <!-- -->-&gt;<!-- --> 5분 단축 성공</li></ul></li><li>모노레포 워크스페이스 import 개선</li></ul></div></div></div><div class="project"><div class="headline"><div class="title-wrap"><div class="title fold">Universal Video Player</div><div class="date"><time class="date-format" datetime="2020.11">2020.11</time> -<!-- --> <time class="date-format" datetime="2024.03">2024.03</time></div></div><div class="tag"><div class="item">HTMLVideo</div><div class="item">Preact10</div><div class="item">Zustand</div><div class="item">Turborepo</div><div class="item">Storybook</div><div class="item">Cypress</div><div class="item">Webpack</div></div></div><div class="description mh-zero"><div class="dynamic-image image"><button class="min"></button><img class="zoom" src="https://github.com/1ilsang/dev/assets/23524849/d81a09d9-20d7-41ab-ae19-86e5812cfd1a" alt="UVP cover"></div><div class="text"><ul class="main"><span class="summary">사내 다양한 서비스에서 사용되는 웹 동영상 라이브러리 메인테이닝</span><li>v1: 런타임 <!-- -->-&gt;<!-- --> 컴파일 타임 코드 리팩터링<ul><li>레거시 프로젝트 최신화 작업 주도적 진행</li><li>TypeScript 및 선언적 컴포넌트 적용<ul><li>런타임 이전에 코드 구성을 이해할 수 있도록 개선</li></ul></li><li>이벤트 흐름 정리. 컴포넌트 동작의 시각화 및 디버깅 과정 향상</li></ul></li><li class="section">v2: 배포 안정화 및 DX 향상<ul><li>jsx-dom <!-- -->-&gt;<!-- --> Preact 마이그레이션 및 Zustand, Cypress, Jest 도입</li><li>TSDoc 및 Storybook 적용<ul><li>IDE 단계에서부터 데모 페이지까지 고려한 문서 작성</li><li>관련 발표:&nbsp;<a class="highlighter" href="https://engineering.linecorp.com/ko/blog/ui-component-library-for-developers-with-typescript-storybook" rel="noopener noreferrer" target="_blank">개발자를 위한 친절한 UI 컴포넌트 라이브러리 만들기</a></li></ul></li></ul></li><li class="section">v3: 라이브러리 확장성<ul><li>Yarn monorepo, Turborepo 적용<ul><li>플러그인 개발이 용이하도록 Repository 전체 아키텍처 변경</li><li>관련 내용:&nbsp;<a class="highlighter" href="https://engineering.linecorp.com/ko/blog/monorepo-with-turborepo" rel="noopener noreferrer" target="_blank">Turborepo로 모노레포 개발 경험 향상하기</a></li></ul></li><li>플러그인 구조 개발<ul><li>플러그인 템플릿 및 라이프사이클 설계</li><li>서로 다른 서비스 니즈를 만족시킬 수 있는 유연한 개발 달성</li></ul></li><li>성능 향상<ul><li>Webpack4 <!-- -->-&gt;<!-- --> Vite 마이그레이션<ul><li>빌드 시간 약 72% 감소</li></ul></li><li>모노레포 워크스페이스 import 개선</li></ul></li></ul></li></ul></div></div></div><div class="project"><div class="headline"><div class="title-wrap"><div class="title fold">VOOM Live CMS</div><div class="date"><time class="date-format" datetime="2023.06">2023.06</time> -<!-- --> <time class="date-format" datetime="2024.03">2024.03</time></div></div><div class="tag"><div class="item">React18</div><div class="item">RTL</div><div class="item">React-Query</div><div class="item">WebSocket</div><div class="item">Chart.js</div><div class="item">Jotai</div></div></div><div class="description mh-zero"><div class="dynamic-image image"><button class="min"></button><img class="zoom" src="https://github.com/1ilsang/dev/assets/23524849/6163e57c-ed7f-4dea-ac0f-0c8303c83454" alt="VOOM Live CMS cover"></div><div class="text"><ul class="main"><span class="summary">VOOM Live 방송 CMS 페이지 개발</span><li>아래 Official Account Live CMS와 동일. 호스트 유저만 다른 서비스</li><li>서비스 아키텍처 설계 및 일정 산출</li><li>조금씩 미묘하게 다른 스펙을 위한 컴포넌트 추상화 작업 진행</li></ul></div></div></div><div class="project"><div class="headline"><div class="title-wrap"><div class="title fold">Official Account Live CMS</div><div class="date"><time class="date-format" datetime="2022.08">2022.08</time> -<!-- --> <time class="date-format" datetime="2024.03">2024.03</time></div></div><div class="tag"><div class="item">React18</div><div class="item">RTL</div><div class="item">React-Query</div><div class="item">WebSocket</div><div class="item">MSW</div><div class="item">Chart.js</div><div class="item">Jotai</div></div></div><div class="description mh-zero"><div class="dynamic-image image"><button class="min"></button><img class="zoom" src="https://github.com/1ilsang/dev/assets/23524849/5c98930a-5501-432e-8d2e-e1c6ee1743f6" alt="OA Live CMS cover"></div><div class="text"><ul class="main"><span class="summary">LINE Official Account Live 방송 CMS 페이지 개발</span><li>초기 설계부터 릴리즈까지 진행. 컴포넌트 아키텍처 설계 및 라이브러리 선정</li><li>라인 패밀리 서비스에서 사용될 수 있도록 확장성있는 컴포넌트 모듈 개발</li><li>MSW 적용. 방송 상태에 따른 다양한 시나리오 테스트 할 수 있도록 개발</li><li>React-Query v4 <!-- -->-&gt;<!-- --> v5 작업 진행</li><li>방송 페이지 실시간 채팅 WebSocket 개발</li><li>시각화 페이지 개발. 데이터 가공 최적화 작업 진행</li></ul></div></div></div><div class="project"><div class="headline"><div class="title-wrap"><div class="title fold">LINE Design System - Calendar</div><div class="date"><time class="date-format" datetime="2023.04">2023.04</time> -<!-- --> <time class="date-format" datetime="2023.07">2023.07</time></div></div><div class="tag"><div class="item">React18</div><div class="item">Vite</div><div class="item">Jotai</div></div></div><div class="description mh-zero"><div class="dynamic-image image"><button class="min"></button><img class="zoom" src="https://github.com/1ilsang/dev/assets/23524849/fe644134-f6a7-4029-8d6c-e1fa00ce327e" alt="LDS Calendar"></div><div class="text"><ul class="main"><span class="summary">LINE 디자인 시스템이 적용된 React 캘린더 컴포넌트 라이브러리 개발</span><li>사내 공용 캘린더 라이브러리의 부재로 자발적 개발<ul><li>배포 이후 긍정적인 평가를 받으며 6개 이상의 서비스에서 사용</li></ul></li><li class="section">다양한 서비스에서 사용될 수 있도록 높은 추상화를 목표로 개발<ul><li>다국어 및 Timezone 설정 가능</li><li>모달, 멀티 캘린더, 범위, 시간 등 다양한 옵션 제공</li><li>웹 접근성 적용</li></ul></li></ul></div></div></div><div class="project"><div class="headline"><div class="title-wrap"><div class="title fold">LINE Place</div><div class="date"><time class="date-format" datetime="2020.10">2020.10</time> -<!-- --> <time class="date-format" datetime="2021.04">2021.04</time></div></div><div class="tag"><div class="item">Next12</div><div class="item">Redux</div><div class="item">Redux-Saga</div><div class="item">Swiper</div></div></div><div class="description mh-zero"><div class="dynamic-image image" style="width:250px"><button class="min"></button><img class="zoom" src="https://github.com/1ilsang/dev/assets/23524849/ad5e8f2d-9226-4290-823c-1742521e0aa0" alt="LINE Place cover" width="250"></div><div class="text"><ul class="main"><span class="summary">위치 기반 음식점 추천 및 검색 서비스 개발</span><li>Home, Profile 페이지 개발<ul><li>위치 기반 API Flow 정리 및 개발</li><li>Swiper 버벅임 성능 개선</li></ul></li><li class="section">Koa 커스텀 서버 개발<ul><li>nGrinder 활용, Stress test 진행 후 서버 가용량 산출</li><li>빌드/배포 개발 환경 세팅</li></ul></li></ul></div></div></div><div class="project"><div class="headline"><div class="title-wrap"><div class="title fold">Official Account Profile</div><div class="date"><time class="date-format" datetime="2020.08">2020.08</time> -<!-- --> <time class="date-format" datetime="2021.07">2021.07</time></div></div><div class="tag"><div class="item">Next12</div></div></div><div class="description mh-zero"><div class="dynamic-image image" style="width:250px"><button class="min"></button><img class="zoom" src="https://github.com/1ilsang/dev/assets/23524849/7c2ad355-607a-4692-9a95-be44e45f144d" alt="Official Account cover" width="250"></div><div class="text"><ul class="main"><span class="summary">라인 공식 계정 페이지 개발</span><li>플러그인 공통화 작업 진행<ul><li>중복 코드 개선</li><li>일관된 타입 모델 적용</li></ul></li><li>React <!-- -->-&gt;<!-- --> Next.js 리팩터링 진행</li><li>커스텀 서버 개발</li><li>데이터 이관 작업 진행</li></ul></div></div></div></div></div></article><article class="about-work-card"><div class="left-side"><a class="hashtag" rel="noopener noreferrer" target="_blank" href="https://www.linkedin.com/company/teamblind/"><img class="logo loading" src="https://github.com/1ilsang/dev/assets/23524849/abdc15c8-571c-430c-a3c3-f2473aedd201" alt="TeamBlind"></a><div class="date"><time class="date-format" datetime="2019.08">2019.08</time> -<!-- --> <time class="date-format" datetime="2020.08">2020.08</time></div></div><div class="content"><div class="headline hover"><div id="TeamBlind" class="title">TeamBlind</div></div><div class="position">Full Stack Engineer</div><div class="mh-100vh"><div class="project"><div class="headline"><div class="title-wrap"><div class="title fold">Bleet</div><div class="date"><time class="date-format" datetime="2020.05">2020.05</time> -<!-- --> <time class="date-format" datetime="2020.08">2020.08</time></div></div><div class="tag"><div class="item">Node.js</div><div class="item">MySQL</div><div class="item">Swagger</div><div class="item">Firebase</div></div></div><div class="description mh-zero"><div class="dynamic-image image"><button class="min"></button><img class="zoom" src="https://github.com/1ilsang/dev/assets/23524849/bf6d917d-9d2a-4142-a0ee-4933cb321428" alt="Bleet cover"></div><div class="text"><ul class="main"><span class="summary">직장인 소개팅 어플 서버 개발</span><li>메인 서버 개발자로 주도적 작업. 시스템 및 DB 설계 진행</li><li>블라인드 인증을 통한 가입 및 포인트 처리 등 전반적인 API 작업</li><li>Firebase 채팅 개발</li><li>Swagger 및 문서화 도입. API 사용이 편리하도록 제공<ul><li>클라이언트 팀에서 좋은 평가를 받은 프로젝트</li></ul></li></ul></div></div></div><div class="project"><div class="headline"><div class="title-wrap"><div class="title fold">Mybiskit</div><div class="date"><time class="date-format" datetime="2019.11">2019.11</time> -<!-- --> <time class="date-format" datetime="2020.04">2020.04</time></div></div><div class="tag"><div class="item">Nuxt2</div><div class="item">MySQL</div><div class="item">AWS</div><div class="item">Puppeteer</div></div></div><div class="description mh-zero"><div class="dynamic-image image"><button class="min"></button><img class="zoom" src="https://github.com/1ilsang/dev/assets/23524849/1d4a2e43-72ba-4b3e-b4c7-f236e8574c28" alt="Mybiskit cover"></div><div class="text"><ul class="main"><span class="summary">직장인 온라인 취미클래스 서비스 개발</span><li>매주 프로모션 페이지 개발(Vue)</li><li>쿠폰, 결제 API 개선/개발<ul><li>테스트 코드로 리팩터링 과정의 사이드 이펙트 최소화하고자 노력</li><li>트랜잭션 적용 및 결제 플로우 간소화 작업 진행</li><li>에러 정리 및 로깅 개선</li></ul></li><li class="section">지표 분석용 크롤러 개발<ul><li>Puppeteer로 추출한 데이터 가공 파이프라인 개발(AWS)</li><li>데이터 시각화 페이지 개발</li><li>사내 엔지니어링 세미나 "주니어의 반란" 주최, 개발 여정 공유</li></ul></li></ul></div></div></div><div class="project"><div class="headline"><div class="title-wrap"><div class="title fold">Blind</div><div class="date"><time class="date-format" datetime="2019.08">2019.08</time> -<!-- --> <time class="date-format" datetime="2019.12">2019.12</time></div></div><div class="tag"><div class="item">Node.js</div><div class="item">PHP</div><div class="item">Docker</div><div class="item">MySQL</div><div class="item">Redis</div><div class="item">AWS</div></div></div><div class="description mh-zero"><div class="dynamic-image image"><button class="min"></button><img class="zoom" src="https://github.com/1ilsang/dev/assets/23524849/bf1ace03-ab4a-48c5-9053-c1fe1dd6fc76" alt="Blind cover"></div><div class="text"><ul class="main"><span class="summary">직장인 익명 앱 API 및 어드민 페이지 개발</span><li>블라인드 서버 API 개발<ul><li>신고하기 및 패널티 API 개선</li><li>TypeScript 적용 건의 및 세미나 진행</li></ul></li><li>어드민 페이지 개선 작업 진행(PHP)</li></ul></div></div></div></div></div></article><article class="about-work-card"><div class="left-side"><a class="hashtag" rel="noopener noreferrer" target="_blank" href="https://www.linkedin.com/company/smilegate/"><img class="logo loading" src="https://github.com/1ilsang/dev/assets/23524849/932fade0-e7bf-4fdc-b7a8-c346fedbb76d" alt="Smilegate"></a><div class="date"><time class="date-format" datetime="2018.03">2018.03</time> -<!-- --> <time class="date-format" datetime="2018.07">2018.07</time></div></div><div class="content"><div class="headline hover"><div id="Smilegate" class="title">Smilegate</div></div><div class="position">Frontend Engineer(intern)</div><div class="mh-100vh"><div class="project"><div class="headline"><div class="title-wrap"><div class="title fold">Stove</div><div class="date"><time class="date-format" datetime="2018.03">2018.03</time> -<!-- --> <time class="date-format" datetime="2018.05">2018.05</time></div></div><div class="tag"><div class="item">Vue2</div></div></div><div class="description mh-zero"><div class="text"><ul class="main"><span class="summary">모바일 게임 유저 타임라인 개발</span><li>방명록 CRUD 기능 개발</li><li>댓글 / 신고하기 기능 개발</li><li>재밌고 즐겁게 인턴생활 적응<ul><li><a class="highlighter" href="https://blog.naver.com/1ilsang/221313294314" rel="noopener noreferrer" target="_blank">SDC 참여!</a></li></ul></li></ul></div></div></div></div></div></article></section><section class="about-activity"><div class="label">ACTIVITY</div><article class="about-activity-card"><div class="year"><div>2024</div></div><div class="content"><ul class="left-line"><li><span class="category">Open Source</span><div class="link-wrap"><a class="highlighter link" href="/posts/mdn-ko-organizer" rel="noopener noreferrer" target="_blank">Mozilla Developer Network(MDN) @mdn/yari-content-ko 팀 합류</a></div></li></ul></div></article><article class="about-activity-card"><div class="year"><div>2023</div></div><div class="content"><ul class="left-line"><li><span class="category">Seminar</span><div class="link-wrap"><a class="highlighter link" href="/posts/geultto8-open-source-seminar" rel="noopener noreferrer" target="_blank">모여봐요 오픈소스의 숲</a></div></li><li><span class="category">Hackathon</span><div class="link-wrap"><a class="highlighter link" href="/posts/junction2023" rel="noopener noreferrer" target="_blank">Junction Asia 2023</a></div></li><li><span class="category">SNS</span><div class="link-wrap"><a class="highlighter link" href="https://www.youtube.com/watch?v=mjeW7BUaU1c&amp;t=312s&amp;ab_channel=%EB%9D%BC%EC%9D%B8%EA%B0%9C%EB%B0%9C%EC%8B%A4%EB%A1%9D" rel="noopener noreferrer" target="_blank">프런트엔드 밸런스 게임</a></div></li><li><span class="category">Open Source</span><div class="link-wrap"><a class="highlighter link" href="https://github.com/reactjs/ko.react.dev/pulls?q=is%3Apr+is%3Aclosed+author%3A1ilsang" rel="noopener noreferrer" target="_blank">React.dev</a></div></li><li><span class="category">Open Source</span><div class="link-wrap"><a class="highlighter link" href="https://github.com/mdn/translated-content/pulls?q=is%3Apr+is%3Aclosed+author%3A1ilsang" rel="noopener noreferrer" target="_blank">MDN Web Docs</a></div></li></ul></div></article><article class="about-activity-card"><div class="year"><div>2022</div></div><div class="content"><ul class="left-line"><li><span class="category">Magazine</span><div class="link-wrap"><a class="highlighter link" href="https://engineering.linecorp.com/ko/blog/monorepo-with-turborepo" rel="noopener noreferrer" target="_blank">Turborepo로 모노레포 개발 경험 향상하기</a></div></li><li><span class="category">SNS</span><div class="link-wrap"><a class="highlighter link" href="https://www.youtube.com/watch?v=zr3WPa_aIcU&amp;ab_channel=%EB%9D%BC%EC%9D%B8%EA%B0%9C%EB%B0%9C%EC%8B%A4%EB%A1%9D" rel="noopener noreferrer" target="_blank">재택 근무하며 회사에서 친구 만들기(feat. 라인 프런트엔드 개발자)</a></div></li><li><span class="category">Club</span><div class="link-wrap"><a class="highlighter link" href="https://teamnexters.com/" rel="noopener noreferrer" target="_blank">Nexters 20th</a></div></li></ul></div></article><article class="about-activity-card"><div class="year"><div>2021</div></div><div class="content"><ul class="left-line"><li><span class="category">Conference</span><div class="link-wrap"><a class="highlighter link" href="https://engineering.linecorp.com/ko/blog/ui-component-library-for-developers-with-typescript-storybook" rel="noopener noreferrer" target="_blank">개발자를 위한 친절한 UI 컴포넌트 라이브러리 만들기</a></div></li><li><span class="category">Open Source</span><div class="link-wrap"><a class="highlighter link" href="https://blog.naver.com/1ilsang/222517766844" rel="noopener noreferrer" target="_blank">Webpack.kr</a></div></li></ul></div></article><article class="about-activity-card"><div class="year"><div>2020</div></div><div class="content"><ul class="left-line"><li><span class="category">Club</span><div class="link-wrap"><a class="highlighter link" href="https://geultto.github.io/docs/intro" rel="noopener noreferrer" target="_blank">Geultto 5th</a></div></li><li><span class="category">Open Source</span><div class="link-wrap"><a class="highlighter link" href="https://github.com/Road-of-CODEr" rel="noopener noreferrer" target="_blank">Road of CODEr - Maintainer</a></div></li></ul></div></article><article class="about-activity-card"><div class="year"><div>2019</div></div><div class="content"><ul class="left-line"><li><span class="category">Hackathon</span><div class="link-wrap"><a class="highlighter link" href="https://blog.naver.com/1ilsang/221542063457" rel="noopener noreferrer" target="_blank">Spoqa 무쓸모톤</a></div></li></ul></div></article><article class="about-activity-card"><div class="year"><div>2018</div></div><div class="content"><ul class="left-line"><li><span class="category">Club</span><div class="link-wrap"><a class="highlighter link" href="https://blog.naver.com/1ilsang/221546695268" rel="noopener noreferrer" target="_blank">Samsung Software Academy For Youth(SSAFY) 1st</a></div></li><li><span class="category">Hackathon</span><div class="link-wrap"><a class="highlighter link" href="https://blog.naver.com/1ilsang/221325485852" rel="noopener noreferrer" target="_blank">AWS Amathon</a></div></li><li><span class="category">Hackathon</span><div class="link-wrap"><a class="highlighter link" href="https://blog.naver.com/1ilsang/221196038518" rel="noopener noreferrer" target="_blank">UNITHON 6th</a></div></li><li><span class="category">Club</span><div class="link-wrap"><a class="highlighter link" href="https://blog.naver.com/1ilsang/221226071204" rel="noopener noreferrer" target="_blank">Server Dev Camp 3rd</a></div></li></ul></div></article><article class="about-activity-card"><div class="year"><div>2017</div></div><div class="content"><ul class="left-line"><li><span class="category">Hackathon</span><div class="link-wrap"><a class="highlighter link" href="https://blog.naver.com/1ilsang/221133223562" rel="noopener noreferrer" target="_blank">NAVER Campus Hackday</a></div></li><li><span class="category">Award</span><div class="link-wrap"><a class="highlighter link" href="https://blog.naver.com/1ilsang/221169478287" rel="noopener noreferrer" target="_blank">산업융합 아이디어 경진대회 장관상</a></div></li><li><span class="category">Club</span><div class="link-wrap"><a class="highlighter link" href="https://medium.com/depromeet/%EB%94%94%ED%94%84%EB%A7%8C-4%EA%B8%B0-%EB%94%94%ED%94%84%EB%A7%8C-x-%ED%8E%98%EC%9D%B4%EC%8A%A4%EB%B6%81-%EC%84%B8%EB%AF%B8%EB%82%98-89700bfc072b" rel="noopener noreferrer" target="_blank">Depromeet 3rd</a></div></li><li><span class="category">Club</span><div class="link-wrap"><a class="highlighter link" href="https://blog.naver.com/1ilsang/221080023998" rel="noopener noreferrer" target="_blank">WFK ICT Volunteer - 네팔 고등학교 홈페이지 제작</a></div></li></ul></div></article></section><section class="about-education"><div class="label">EDUCATION</div><div class="about-work-card"><div class="left-side"><a class="hashtag" rel="noopener noreferrer" target="_blank" href="https://catholic.ac.kr"><img class="logo loading" src="https://github.com/1ilsang/dev/assets/23524849/889a618f-ebe5-4df3-90d0-ca7701f6c1d3" alt="가톨릭대학교"></a><div class="date"><time class="date-format" datetime="2012.03">2012.03</time> -<!-- --> <time class="date-format" datetime="2018.08">2018.08</time></div></div><div class="content"><div class="headline"><div id="가톨릭대학교" class="title">가톨릭대학교</div></div><div class="education-position">미디어공학, 컴퓨터정보공학 전공</div></div></div></section></section><footer class="footer"><ul><li><a href="/about">1ilsang</a></li><li><a rel="noopener noreferrer" target="_blank" href="https://github.com/1ilsang">GitHub</a></li><li><a href="https://www.linkedin.com/in/sang-chul-lee-91a32b154/" rel="noopener noreferrer" target="_blank">LinkedIn</a></li></ul></footer>